[2022-08-19T16:09:18.469+0000][8648][gc] Using G1
[2022-08-19T16:09:18.516+0000][8648][gc,init] Version: 17.0.4.1+1-LTS-2 (release)
[2022-08-19T16:09:18.516+0000][8648][gc,init] CPUs: 4 total, 4 available
[2022-08-19T16:09:18.516+0000][8648][gc,init] Memory: 7644M
[2022-08-19T16:09:18.516+0000][8648][gc,init] Large Page Support: Disabled
[2022-08-19T16:09:18.516+0000][8648][gc,init] NUMA Support: Disabled
[2022-08-19T16:09:18.516+0000][8648][gc,init] Compressed Oops: Enabled (Zero based)
[2022-08-19T16:09:18.516+0000][8648][gc,init] Heap Region Size: 2M
[2022-08-19T16:09:18.516+0000][8648][gc,init] Heap Min Capacity: 3822M
[2022-08-19T16:09:18.516+0000][8648][gc,init] Heap Initial Capacity: 3822M
[2022-08-19T16:09:18.516+0000][8648][gc,init] Heap Max Capacity: 3822M
[2022-08-19T16:09:18.516+0000][8648][gc,init] Pre-touch: Disabled
[2022-08-19T16:09:18.516+0000][8648][gc,init] Parallel Workers: 4
[2022-08-19T16:09:18.516+0000][8648][gc,init] Concurrent Workers: 1
[2022-08-19T16:09:18.516+0000][8648][gc,init] Concurrent Refinement Workers: 4
[2022-08-19T16:09:18.516+0000][8648][gc,init] Periodic GC: Disabled
[2022-08-19T16:09:18.516+0000][8648][gc,metaspace] CDS archive(s) not mapped
[2022-08-19T16:09:18.516+0000][8648][gc,metaspace] Compressed class space mapped at: 0x00000007c0000000-0x0000000800000000, reserved size: 1073741824
[2022-08-19T16:09:18.516+0000][8648][gc,metaspace] Narrow klass base: 0x0000000000000000, Narrow klass shift: 3, Narrow klass range: 0x800000000
[2022-08-19T16:09:19.016+0000][8648][gc,heap,exit] Heap
[2022-08-19T16:09:19.016+0000][8648][gc,heap,exit]  garbage-first heap   total 3913728K, used 3074K [0x00000006d1200000, 0x00000007c0000000)
[2022-08-19T16:09:19.016+0000][8648][gc,heap,exit]   region size 2048K, 2 young (4096K), 0 survivors (0K)
[2022-08-19T16:09:19.016+0000][8648][gc,heap,exit]  Metaspace       used 3654K, committed 3712K, reserved 1056768K
[2022-08-19T16:09:19.016+0000][8648][gc,heap,exit]   class space    used 290K, committed 320K, reserved 1048576K
