[2022-08-19T16:09:19.266+0000][9044][gc] Using G1
[2022-08-19T16:09:26.020+0000][9044][gc,init] Version: 17.0.4.1+1-LTS-2 (release)
[2022-08-19T16:09:26.020+0000][9044][gc,init] CPUs: 4 total, 4 available
[2022-08-19T16:09:26.020+0000][9044][gc,init] Memory: 7644M
[2022-08-19T16:09:26.020+0000][9044][gc,init] Large Page Support: Disabled
[2022-08-19T16:09:26.020+0000][9044][gc,init] NUMA Support: Disabled
[2022-08-19T16:09:26.020+0000][9044][gc,init] Compressed Oops: Enabled (Zero based)
[2022-08-19T16:09:26.020+0000][9044][gc,init] Heap Region Size: 4M
[2022-08-19T16:09:26.020+0000][9044][gc,init] Heap Min Capacity: 3824M
[2022-08-19T16:09:26.020+0000][9044][gc,init] Heap Initial Capacity: 3824M
[2022-08-19T16:09:26.020+0000][9044][gc,init] Heap Max Capacity: 3824M
[2022-08-19T16:09:26.020+0000][9044][gc,init] Pre-touch: Enabled
[2022-08-19T16:09:26.020+0000][9044][gc,init] Parallel Workers: 4
[2022-08-19T16:09:26.020+0000][9044][gc,init] Concurrent Workers: 1
[2022-08-19T16:09:26.020+0000][9044][gc,init] Concurrent Refinement Workers: 4
[2022-08-19T16:09:26.020+0000][9044][gc,init] Periodic GC: Disabled
[2022-08-19T16:09:28.615+0000][9044][gc,metaspace] CDS archive(s) mapped at: [0x0000000800000000-0x0000000800bc0000-0x0000000800bc0000), size 12320768, SharedBaseAddress: 0x0000000800000000, ArchiveRelocationMode: 0.
[2022-08-19T16:09:28.615+0000][9044][gc,metaspace] Compressed class space mapped at: 0x0000000800c00000-0x0000000840c00000, reserved size: 1073741824
[2022-08-19T16:09:28.615+0000][9044][gc,metaspace] Narrow klass base: 0x0000000800000000, Narrow klass shift: 0, Narrow klass range: 0x100000000
[2022-08-19T16:10:43.899+0000][9044][safepoint   ] Safepoint "Cleanup", Time since last: 31001143084 ns, Reaching safepoint: 3061235730 ns, At safepoint: 493519 ns, Total: 3061729249 ns
[2022-08-19T16:10:46.007+0000][9044][safepoint   ] Safepoint "Cleanup", Time since last: 1999578835 ns, Reaching safepoint: 108004991 ns, At safepoint: 340172 ns, Total: 108345163 ns
[2022-08-19T16:10:48.014+0000][9044][safepoint   ] Safepoint "Cleanup", Time since last: 1999765659 ns, Reaching safepoint: 7039931 ns, At safepoint: 14579 ns, Total: 7054510 ns
[2022-08-19T16:10:55.033+0000][9044][safepoint   ] Safepoint "Cleanup", Time since last: 7001343947 ns, Reaching safepoint: 17009115 ns, At safepoint: 12959 ns, Total: 17022074 ns
[2022-08-19T16:11:02.511+0000][9044][safepoint   ] Safepoint "Cleanup", Time since last: 7478416658 ns, Reaching safepoint: 64255 ns, At safepoint: 4859 ns, Total: 69114 ns
[2022-08-19T16:11:04.511+0000][9044][safepoint   ] Safepoint "Cleanup", Time since last: 2000044817 ns, Reaching safepoint: 42116 ns, At safepoint: 3780 ns, Total: 45896 ns
[2022-08-19T16:11:08.618+0000][9044][safepoint   ] Safepoint "Cleanup", Time since last: 4000187364 ns, Reaching safepoint: 107015794 ns, At safepoint: 14579 ns, Total: 107030373 ns
[2022-08-19T16:11:20.658+0000][9044][safepoint   ] Safepoint "Cleanup", Time since last: 12000668464 ns, Reaching safepoint: 39097584 ns, At safepoint: 50756 ns, Total: 39148340 ns
[2022-08-19T16:11:22.781+0000][9044][safepoint   ] Safepoint "Cleanup", Time since last: 1999975702 ns, Reaching safepoint: 123126964 ns, At safepoint: 19439 ns, Total: 123146403 ns
[2022-08-19T16:11:25.915+0000][9044][safepoint   ] Safepoint "Cleanup", Time since last: 3000017278 ns, Reaching safepoint: 134041610 ns, At safepoint: 16199 ns, Total: 134057809 ns
[2022-08-19T16:11:27.933+0000][9044][safepoint   ] Safepoint "Cleanup", Time since last: 2001059391 ns, Reaching safepoint: 17043132 ns, At safepoint: 15119 ns, Total: 17058251 ns
[2022-08-19T16:11:31.022+0000][9044][safepoint   ] Safepoint "Cleanup", Time since last: 3000117710 ns, Reaching safepoint: 88033685 ns, At safepoint: 10259 ns, Total: 88043944 ns
[2022-08-19T16:11:32.548+0000][9044][safepoint   ] Safepoint "Cleanup", Time since last: 1526074146 ns, Reaching safepoint: 116090 ns, At safepoint: 9719 ns, Total: 125809 ns
[2022-08-19T16:11:34.548+0000][9044][safepoint   ] Safepoint "Cleanup", Time since last: 2000065334 ns, Reaching safepoint: 158207 ns, At safepoint: 10799 ns, Total: 169006 ns
[2022-08-19T16:11:36.575+0000][9044][safepoint   ] Safepoint "Cleanup", Time since last: 1999946545 ns, Reaching safepoint: 27026356 ns, At safepoint: 14038 ns, Total: 27040394 ns
[2022-08-19T16:11:38.617+0000][9044][safepoint   ] Safepoint "Cleanup", Time since last: 2000070195 ns, Reaching safepoint: 42049517 ns, At safepoint: 15118 ns, Total: 42064635 ns
[2022-08-19T16:11:40.644+0000][9044][safepoint   ] Safepoint "Cleanup", Time since last: 2000050216 ns, Reaching safepoint: 27069012 ns, At safepoint: 28078 ns, Total: 27097090 ns
[2022-08-19T16:11:42.644+0000][9044][safepoint   ] Safepoint "Cleanup", Time since last: 1999944925 ns, Reaching safepoint: 190604 ns, At safepoint: 15118 ns, Total: 205722 ns
[2022-08-19T16:11:44.356+0000][9044][safepoint   ] Safepoint "Cleanup", Time since last: 1686785741 ns, Reaching safepoint: 25037703 ns, At safepoint: 16198 ns, Total: 25053901 ns
[2022-08-19T16:11:46.372+0000][9044][safepoint   ] Safepoint "Cleanup", Time since last: 2000282937 ns, Reaching safepoint: 15556636 ns, At safepoint: 39957 ns, Total: 15596593 ns
[2022-08-19T16:11:48.144+0000][9044][safepoint   ] Safepoint "Cleanup", Time since last: 1780388519 ns, Reaching safepoint: 129589 ns, At safepoint: 24298 ns, Total: 153887 ns
[2022-08-19T16:11:49.804+0000][9044][safepoint   ] Safepoint "Cleanup", Time since last: 1620244956 ns, Reaching safepoint: 31234223 ns, At safepoint: 17819 ns, Total: 31252042 ns
[2022-08-19T16:11:50.806+0000][9044][safepoint   ] Safepoint "Cleanup", Time since last: 1001911440 ns, Reaching safepoint: 50755 ns, At safepoint: 3240 ns, Total: 53995 ns
[2022-08-19T16:11:51.822+0000][9044][safepoint   ] Safepoint "Cleanup", Time since last: 1015539898 ns, Reaching safepoint: 68574 ns, At safepoint: 4320 ns, Total: 72894 ns
[2022-08-19T16:11:52.822+0000][9044][safepoint   ] Safepoint "Cleanup", Time since last: 1000108531 ns, Reaching safepoint: 51836 ns, At safepoint: 3239 ns, Total: 55075 ns
[2022-08-19T16:11:53.822+0000][9044][safepoint   ] Safepoint "Cleanup", Time since last: 1010857411 ns, Reaching safepoint: 90172 ns, At safepoint: 21598 ns, Total: 111770 ns
[2022-08-19T16:11:55.822+0000][9044][safepoint   ] Safepoint "Cleanup", Time since last: 1989280818 ns, Reaching safepoint: 79374 ns, At safepoint: 4319 ns, Total: 83693 ns
[2022-08-19T16:11:57.244+0000][9044][safepoint   ] Safepoint "Cleanup", Time since last: 1422028643 ns, Reaching safepoint: 197083 ns, At safepoint: 11339 ns, Total: 208422 ns
[2022-08-19T16:11:58.260+0000][9044][safepoint   ] Safepoint "Cleanup", Time since last: 1015398970 ns, Reaching safepoint: 67495 ns, At safepoint: 4319 ns, Total: 71814 ns
[2022-08-19T16:11:59.651+0000][9044][safepoint   ] Safepoint "Cleanup", Time since last: 1390834376 ns, Reaching safepoint: 89633 ns, At safepoint: 9179 ns, Total: 98812 ns
[2022-08-19T16:12:01.684+0000][9044][safepoint   ] Safepoint "Cleanup", Time since last: 2002089085 ns, Reaching safepoint: 31326555 ns, At safepoint: 17819 ns, Total: 31344374 ns
[2022-08-19T16:12:02.794+0000][9044][safepoint   ] Safepoint "Cleanup", Time since last: 1109435331 ns, Reaching safepoint: 136069 ns, At safepoint: 816411 ns, Total: 952480 ns
[2022-08-19T16:12:04.794+0000][9044][safepoint   ] Safepoint "Cleanup", Time since last: 1999036181 ns, Reaching safepoint: 98272 ns, At safepoint: 13499 ns, Total: 111771 ns
[2022-08-19T16:12:05.794+0000][9044][safepoint   ] Safepoint "Cleanup", Time since last: 1000166846 ns, Reaching safepoint: 113930 ns, At safepoint: 14579 ns, Total: 128509 ns
[2022-08-19T16:12:07.795+0000][9044][safepoint   ] Safepoint "Cleanup", Time since last: 2000551294 ns, Reaching safepoint: 170626 ns, At safepoint: 11879 ns, Total: 182505 ns
[2022-08-19T16:12:09.795+0000][9044][safepoint   ] Safepoint "Cleanup", Time since last: 2000052375 ns, Reaching safepoint: 100972 ns, At safepoint: 3779 ns, Total: 104751 ns
[2022-08-19T16:12:10.510+0000][9044][gc,start    ] GC(0) Pause Young (Normal) (G1 Evacuation Pause)
[2022-08-19T16:12:10.511+0000][9044][gc,task     ] GC(0) Using 4 workers of 4 for evacuation
[2022-08-19T16:12:10.518+0000][9044][gc,age      ] GC(0) Desired survivor size 12582912 bytes, new threshold 15 (max threshold 15)
[2022-08-19T16:12:10.535+0000][9044][gc,age      ] GC(0) Age table with threshold 15 (max threshold 15)
[2022-08-19T16:12:10.535+0000][9044][gc,age      ] GC(0) - age   1:   11829552 bytes,   11829552 total
[2022-08-19T16:12:10.535+0000][9044][gc,phases   ] GC(0)   Pre Evacuate Collection Set: 0.2ms
[2022-08-19T16:12:10.535+0000][9044][gc,phases   ] GC(0)   Merge Heap Roots: 0.2ms
[2022-08-19T16:12:10.535+0000][9044][gc,phases   ] GC(0)   Evacuate Collection Set: 14.6ms
[2022-08-19T16:12:10.535+0000][9044][gc,phases   ] GC(0)   Post Evacuate Collection Set: 1.5ms
[2022-08-19T16:12:10.535+0000][9044][gc,phases   ] GC(0)   Other: 8.7ms
[2022-08-19T16:12:10.535+0000][9044][gc,heap     ] GC(0) Eden regions: 47->0(44)
[2022-08-19T16:12:10.535+0000][9044][gc,heap     ] GC(0) Survivor regions: 0->3(6)
[2022-08-19T16:12:10.535+0000][9044][gc,heap     ] GC(0) Old regions: 0->0
[2022-08-19T16:12:10.535+0000][9044][gc,heap     ] GC(0) Archive regions: 0->0
[2022-08-19T16:12:10.535+0000][9044][gc,heap     ] GC(0) Humongous regions: 0->0
[2022-08-19T16:12:10.535+0000][9044][gc,metaspace] GC(0) Metaspace: 16108K(16320K)->16108K(16320K) NonClass: 14225K(14336K)->14225K(14336K) Class: 1883K(1984K)->1883K(1984K)
[2022-08-19T16:12:10.535+0000][9044][gc          ] GC(0) Pause Young (Normal) (G1 Evacuation Pause) 188M->11M(3824M) 36.322ms
[2022-08-19T16:12:10.535+0000][9044][gc,cpu      ] GC(0) User=0.06s Sys=0.00s Real=0.03s
[2022-08-19T16:12:10.535+0000][9044][safepoint   ] Safepoint "G1CollectForAllocation", Time since last: 687089196 ns, Reaching safepoint: 166846 ns, At safepoint: 65261093 ns, Total: 65427939 ns
[2022-08-19T16:12:12.099+0000][9044][safepoint   ] Safepoint "Cleanup", Time since last: 1551110768 ns, Reaching safepoint: 121489 ns, At safepoint: 14039 ns, Total: 135528 ns
[2022-08-19T16:12:12.224+0000][9044][gc,start    ] GC(1) Pause Young (Normal) (G1 Evacuation Pause)
[2022-08-19T16:12:12.224+0000][9044][gc,task     ] GC(1) Using 4 workers of 4 for evacuation
[2022-08-19T16:12:12.224+0000][9044][gc,age      ] GC(1) Desired survivor size 12582912 bytes, new threshold 15 (max threshold 15)
[2022-08-19T16:12:12.255+0000][9044][gc,age      ] GC(1) Age table with threshold 15 (max threshold 15)
[2022-08-19T16:12:12.255+0000][9044][gc,age      ] GC(1) - age   1:    4426352 bytes,    4426352 total
[2022-08-19T16:12:12.255+0000][9044][gc,age      ] GC(1) - age   2:    9908264 bytes,   14334616 total
[2022-08-19T16:12:12.255+0000][9044][gc,phases   ] GC(1)   Pre Evacuate Collection Set: 0.2ms
[2022-08-19T16:12:12.255+0000][9044][gc,phases   ] GC(1)   Merge Heap Roots: 0.1ms
[2022-08-19T16:12:12.255+0000][9044][gc,phases   ] GC(1)   Evacuate Collection Set: 23.3ms
[2022-08-19T16:12:12.255+0000][9044][gc,phases   ] GC(1)   Post Evacuate Collection Set: 2.7ms
[2022-08-19T16:12:12.255+0000][9044][gc,phases   ] GC(1)   Other: 0.6ms
[2022-08-19T16:12:12.255+0000][9044][gc,heap     ] GC(1) Eden regions: 44->0(43)
[2022-08-19T16:12:12.255+0000][9044][gc,heap     ] GC(1) Survivor regions: 3->4(6)
[2022-08-19T16:12:12.255+0000][9044][gc,heap     ] GC(1) Old regions: 0->0
[2022-08-19T16:12:12.255+0000][9044][gc,heap     ] GC(1) Archive regions: 0->0
[2022-08-19T16:12:12.255+0000][9044][gc,heap     ] GC(1) Humongous regions: 0->0
[2022-08-19T16:12:12.255+0000][9044][gc,metaspace] GC(1) Metaspace: 16885K(17216K)->16885K(17216K) NonClass: 14876K(15040K)->14876K(15040K) Class: 2008K(2176K)->2008K(2176K)
[2022-08-19T16:12:12.255+0000][9044][gc          ] GC(1) Pause Young (Normal) (G1 Evacuation Pause) 187M->14M(3824M) 27.310ms
[2022-08-19T16:12:12.255+0000][9044][gc,cpu      ] GC(1) User=0.13s Sys=0.00s Real=0.03s
[2022-08-19T16:12:12.255+0000][9044][safepoint   ] Safepoint "G1CollectForAllocation", Time since last: 132496260 ns, Reaching safepoint: 43196 ns, At safepoint: 27530134 ns, Total: 27573330 ns
[2022-08-19T16:12:13.267+0000][9044][safepoint   ] Safepoint "Cleanup", Time since last: 1007745651 ns, Reaching safepoint: 74513 ns, At safepoint: 3780 ns, Total: 78293 ns
[2022-08-19T16:12:14.268+0000][9044][safepoint   ] Safepoint "Cleanup", Time since last: 1000956800 ns, Reaching safepoint: 75054 ns, At safepoint: 4859 ns, Total: 79913 ns
[2022-08-19T16:12:15.580+0000][9044][gc,start    ] GC(2) Pause Young (Normal) (G1 Evacuation Pause)
[2022-08-19T16:12:15.580+0000][9044][gc,task     ] GC(2) Using 4 workers of 4 for evacuation
[2022-08-19T16:12:15.580+0000][9044][gc,age      ] GC(2) Desired survivor size 12582912 bytes, new threshold 2 (max threshold 15)
[2022-08-19T16:12:15.612+0000][9044][gc,age      ] GC(2) Age table with threshold 2 (max threshold 15)
[2022-08-19T16:12:15.612+0000][9044][gc,age      ] GC(2) - age   1:    3788296 bytes,    3788296 total
[2022-08-19T16:12:15.612+0000][9044][gc,age      ] GC(2) - age   2:    2001904 bytes,    5790200 total
[2022-08-19T16:12:15.612+0000][9044][gc,phases   ] GC(2)   Pre Evacuate Collection Set: 0.2ms
[2022-08-19T16:12:15.612+0000][9044][gc,phases   ] GC(2)   Merge Heap Roots: 0.1ms
[2022-08-19T16:12:15.612+0000][9044][gc,phases   ] GC(2)   Evacuate Collection Set: 31.0ms
[2022-08-19T16:12:15.612+0000][9044][gc,phases   ] GC(2)   Post Evacuate Collection Set: 1.3ms
[2022-08-19T16:12:15.612+0000][9044][gc,phases   ] GC(2)   Other: 0.5ms
[2022-08-19T16:12:15.612+0000][9044][gc,heap     ] GC(2) Eden regions: 43->0(47)
[2022-08-19T16:12:15.612+0000][9044][gc,heap     ] GC(2) Survivor regions: 4->2(6)
[2022-08-19T16:12:15.612+0000][9044][gc,heap     ] GC(2) Old regions: 0->3
[2022-08-19T16:12:15.612+0000][9044][gc,heap     ] GC(2) Archive regions: 0->0
[2022-08-19T16:12:15.612+0000][9044][gc,heap     ] GC(2) Humongous regions: 0->0
[2022-08-19T16:12:15.612+0000][9044][gc,metaspace] GC(2) Metaspace: 17732K(18112K)->17732K(18112K) NonClass: 15604K(15808K)->15604K(15808K) Class: 2128K(2304K)->2128K(2304K)
[2022-08-19T16:12:15.612+0000][9044][gc          ] GC(2) Pause Young (Normal) (G1 Evacuation Pause) 186M->16M(3824M) 33.558ms
[2022-08-19T16:12:15.612+0000][9044][gc,cpu      ] GC(2) User=0.09s Sys=0.03s Real=0.03s
[2022-08-19T16:12:15.612+0000][9044][safepoint   ] Safepoint "G1CollectForAllocation", Time since last: 1322459365 ns, Reaching safepoint: 62634 ns, At safepoint: 33723955 ns, Total: 33786589 ns
[2022-08-19T16:12:17.049+0000][9044][gc,start    ] GC(3) Pause Young (Normal) (G1 Evacuation Pause)
[2022-08-19T16:12:17.049+0000][9044][gc,task     ] GC(3) Using 4 workers of 4 for evacuation
[2022-08-19T16:12:17.049+0000][9044][gc,age      ] GC(3) Desired survivor size 14680064 bytes, new threshold 15 (max threshold 15)
[2022-08-19T16:12:17.065+0000][9044][gc,age      ] GC(3) Age table with threshold 15 (max threshold 15)
[2022-08-19T16:12:17.065+0000][9044][gc,age      ] GC(3) - age   1:    2091832 bytes,    2091832 total
[2022-08-19T16:12:17.065+0000][9044][gc,age      ] GC(3) - age   2:    3164928 bytes,    5256760 total
[2022-08-19T16:12:17.065+0000][9044][gc,age      ] GC(3) - age   3:    2001904 bytes,    7258664 total
[2022-08-19T16:12:17.065+0000][9044][gc,phases   ] GC(3)   Pre Evacuate Collection Set: 0.1ms
[2022-08-19T16:12:17.065+0000][9044][gc,phases   ] GC(3)   Merge Heap Roots: 0.1ms
[2022-08-19T16:12:17.065+0000][9044][gc,phases   ] GC(3)   Evacuate Collection Set: 5.3ms
[2022-08-19T16:12:17.065+0000][9044][gc,phases   ] GC(3)   Post Evacuate Collection Set: 0.7ms
[2022-08-19T16:12:17.065+0000][9044][gc,phases   ] GC(3)   Other: 0.7ms
[2022-08-19T16:12:17.065+0000][9044][gc,heap     ] GC(3) Eden regions: 47->0(55)
[2022-08-19T16:12:17.065+0000][9044][gc,heap     ] GC(3) Survivor regions: 2->2(7)
[2022-08-19T16:12:17.065+0000][9044][gc,heap     ] GC(3) Old regions: 3->3
[2022-08-19T16:12:17.065+0000][9044][gc,heap     ] GC(3) Archive regions: 0->0
[2022-08-19T16:12:17.065+0000][9044][gc,heap     ] GC(3) Humongous regions: 0->0
[2022-08-19T16:12:17.065+0000][9044][gc,metaspace] GC(3) Metaspace: 18355K(18752K)->18355K(18752K) NonClass: 16144K(16384K)->16144K(16384K) Class: 2210K(2368K)->2210K(2368K)
[2022-08-19T16:12:17.080+0000][9044][gc          ] GC(3) Pause Young (Normal) (G1 Evacuation Pause) 204M->17M(3824M) 27.746ms
[2022-08-19T16:12:17.080+0000][9044][gc,cpu      ] GC(3) User=0.08s Sys=0.00s Real=0.03s
[2022-08-19T16:12:17.080+0000][9044][safepoint   ] Safepoint "G1CollectForAllocation", Time since last: 1439170046 ns, Reaching safepoint: 90173 ns, At safepoint: 27964797 ns, Total: 28054970 ns
[2022-08-19T16:12:19.081+0000][9044][safepoint   ] Safepoint "Cleanup", Time since last: 1989224123 ns, Reaching safepoint: 52915 ns, At safepoint: 4320 ns, Total: 57235 ns
[2022-08-19T16:12:19.659+0000][9044][gc,start    ] GC(4) Pause Young (Normal) (G1 Evacuation Pause)
[2022-08-19T16:12:19.659+0000][9044][gc,task     ] GC(4) Using 4 workers of 4 for evacuation
[2022-08-19T16:12:19.659+0000][9044][gc,age      ] GC(4) Desired survivor size 16777216 bytes, new threshold 15 (max threshold 15)
[2022-08-19T16:12:19.659+0000][9044][gc,age      ] GC(4) Age table with threshold 15 (max threshold 15)
[2022-08-19T16:12:19.659+0000][9044][gc,age      ] GC(4) - age   1:     567312 bytes,     567312 total
[2022-08-19T16:12:19.659+0000][9044][gc,age      ] GC(4) - age   2:    1082864 bytes,    1650176 total
[2022-08-19T16:12:19.659+0000][9044][gc,age      ] GC(4) - age   3:    3163952 bytes,    4814128 total
[2022-08-19T16:12:19.659+0000][9044][gc,age      ] GC(4) - age   4:    2001616 bytes,    6815744 total
[2022-08-19T16:12:19.659+0000][9044][gc,phases   ] GC(4)   Pre Evacuate Collection Set: 0.2ms
[2022-08-19T16:12:19.659+0000][9044][gc,phases   ] GC(4)   Merge Heap Roots: 0.1ms
[2022-08-19T16:12:19.659+0000][9044][gc,phases   ] GC(4)   Evacuate Collection Set: 5.6ms
[2022-08-19T16:12:19.659+0000][9044][gc,phases   ] GC(4)   Post Evacuate Collection Set: 0.6ms
[2022-08-19T16:12:19.659+0000][9044][gc,phases   ] GC(4)   Other: 0.5ms
[2022-08-19T16:12:19.659+0000][9044][gc,heap     ] GC(4) Eden regions: 55->0(571)
[2022-08-19T16:12:19.659+0000][9044][gc,heap     ] GC(4) Survivor regions: 2->2(8)
[2022-08-19T16:12:19.659+0000][9044][gc,heap     ] GC(4) Old regions: 3->3
[2022-08-19T16:12:19.659+0000][9044][gc,heap     ] GC(4) Archive regions: 0->0
[2022-08-19T16:12:19.659+0000][9044][gc,heap     ] GC(4) Humongous regions: 0->0
[2022-08-19T16:12:19.659+0000][9044][gc,metaspace] GC(4) Metaspace: 18729K(19200K)->18729K(19200K) NonClass: 16454K(16768K)->16454K(16768K) Class: 2274K(2432K)->2274K(2432K)
[2022-08-19T16:12:19.659+0000][9044][gc          ] GC(4) Pause Young (Normal) (G1 Evacuation Pause) 237M->16M(3824M) 7.358ms
[2022-08-19T16:12:19.659+0000][9044][gc,cpu      ] GC(4) User=0.00s Sys=0.00s Real=0.00s
[2022-08-19T16:12:19.659+0000][9044][safepoint   ] Safepoint "G1CollectForAllocation", Time since last: 581526419 ns, Reaching safepoint: 59396 ns, At safepoint: 7502671 ns, Total: 7562067 ns
[2022-08-19T16:12:20.674+0000][9044][safepoint   ] Safepoint "Cleanup", Time since last: 1004748902 ns, Reaching safepoint: 45896 ns, At safepoint: 2700 ns, Total: 48596 ns
[2022-08-19T16:12:21.675+0000][9044][safepoint   ] Safepoint "Cleanup", Time since last: 1000204103 ns, Reaching safepoint: 83153 ns, At safepoint: 12959 ns, Total: 96112 ns
[2022-08-19T16:12:23.143+0000][9044][safepoint   ] Safepoint "Cleanup", Time since last: 1468660755 ns, Reaching safepoint: 77754 ns, At safepoint: 17278 ns, Total: 95032 ns
[2022-08-19T16:12:24.144+0000][9044][safepoint   ] Safepoint "Cleanup", Time since last: 1000056156 ns, Reaching safepoint: 52375 ns, At safepoint: 8100 ns, Total: 60475 ns
[2022-08-19T16:12:25.097+0000][9044][gc,start    ] GC(5) Pause Young (Concurrent Start) (Metadata GC Threshold)
[2022-08-19T16:12:25.097+0000][9044][gc,task     ] GC(5) Using 4 workers of 4 for evacuation
[2022-08-19T16:12:25.097+0000][9044][gc,age      ] GC(5) Desired survivor size 150994944 bytes, new threshold 15 (max threshold 15)
[2022-08-19T16:12:25.097+0000][9044][gc,age      ] GC(5) Age table with threshold 15 (max threshold 15)
[2022-08-19T16:12:25.097+0000][9044][gc,age      ] GC(5) - age   1:    3076728 bytes,    3076728 total
[2022-08-19T16:12:25.097+0000][9044][gc,age      ] GC(5) - age   2:     544776 bytes,    3621504 total
[2022-08-19T16:12:25.097+0000][9044][gc,age      ] GC(5) - age   3:    1082288 bytes,    4703792 total
[2022-08-19T16:12:25.097+0000][9044][gc,age      ] GC(5) - age   4:    3159296 bytes,    7863088 total
[2022-08-19T16:12:25.097+0000][9044][gc,age      ] GC(5) - age   5:    1999824 bytes,    9862912 total
[2022-08-19T16:12:25.112+0000][9044][gc,phases   ] GC(5)   Pre Evacuate Collection Set: 0.1ms
[2022-08-19T16:12:25.112+0000][9044][gc,phases   ] GC(5)   Merge Heap Roots: 0.2ms
[2022-08-19T16:12:25.112+0000][9044][gc,phases   ] GC(5)   Evacuate Collection Set: 6.8ms
[2022-08-19T16:12:25.112+0000][9044][gc,phases   ] GC(5)   Post Evacuate Collection Set: 1.0ms
[2022-08-19T16:12:25.112+0000][9044][gc,phases   ] GC(5)   Other: 0.9ms
[2022-08-19T16:12:25.112+0000][9044][gc,heap     ] GC(5) Eden regions: 129->0(570)
[2022-08-19T16:12:25.112+0000][9044][gc,heap     ] GC(5) Survivor regions: 2->3(72)
[2022-08-19T16:12:25.112+0000][9044][gc,heap     ] GC(5) Old regions: 3->3
[2022-08-19T16:12:25.112+0000][9044][gc,heap     ] GC(5) Archive regions: 0->0
[2022-08-19T16:12:25.112+0000][9044][gc,heap     ] GC(5) Humongous regions: 0->0
[2022-08-19T16:12:25.112+0000][9044][gc,metaspace] GC(5) Metaspace: 20949K(21504K)->20949K(21504K) NonClass: 18383K(18688K)->18383K(18688K) Class: 2565K(2816K)->2565K(2816K)
[2022-08-19T16:12:25.112+0000][9044][gc          ] GC(5) Pause Young (Concurrent Start) (Metadata GC Threshold) 530M->19M(3824M) 9.308ms
[2022-08-19T16:12:25.112+0000][9044][gc,cpu      ] GC(5) User=0.02s Sys=0.00s Real=0.02s
[2022-08-19T16:12:25.112+0000][9044][gc          ] GC(6) Concurrent Mark Cycle
[2022-08-19T16:12:25.112+0000][9044][safepoint   ] Safepoint "CollectForMetadataAllocation", Time since last: 959488814 ns, Reaching safepoint: 76133 ns, At safepoint: 9596616 ns, Total: 9672749 ns
[2022-08-19T16:12:25.112+0000][9044][gc,marking  ] GC(6) Concurrent Clear Claimed Marks
[2022-08-19T16:12:25.112+0000][9044][gc,marking  ] GC(6) Concurrent Clear Claimed Marks 0.097ms
[2022-08-19T16:12:25.112+0000][9044][gc,marking  ] GC(6) Concurrent Scan Root Regions
[2022-08-19T16:12:25.112+0000][9044][gc,marking  ] GC(6) Concurrent Scan Root Regions 6.172ms
[2022-08-19T16:12:25.112+0000][9044][gc,marking  ] GC(6) Concurrent Mark
[2022-08-19T16:12:25.112+0000][9044][gc,marking  ] GC(6) Concurrent Mark From Roots
[2022-08-19T16:12:25.112+0000][9044][gc,task     ] GC(6) Using 1 workers of 1 for marking
[2022-08-19T16:12:25.144+0000][9044][gc,marking  ] GC(6) Concurrent Mark From Roots 26.279ms
[2022-08-19T16:12:25.144+0000][9044][gc,marking  ] GC(6) Concurrent Preclean
[2022-08-19T16:12:25.144+0000][9044][gc,marking  ] GC(6) Concurrent Preclean 0.179ms
[2022-08-19T16:12:25.144+0000][9044][gc,start    ] GC(6) Pause Remark
[2022-08-19T16:12:25.144+0000][9044][gc          ] GC(6) Pause Remark 21M->21M(3824M) 3.909ms
[2022-08-19T16:12:25.144+0000][9044][gc,cpu      ] GC(6) User=0.00s Sys=0.00s Real=0.00s
[2022-08-19T16:12:25.144+0000][9044][safepoint   ] Safepoint "G1Concurrent", Time since last: 33073849 ns, Reaching safepoint: 39417 ns, At safepoint: 4035082 ns, Total: 4074499 ns
[2022-08-19T16:12:25.144+0000][9044][gc,marking  ] GC(6) Concurrent Mark 30.751ms
[2022-08-19T16:12:25.144+0000][9044][gc,marking  ] GC(6) Concurrent Rebuild Remembered Sets
[2022-08-19T16:12:25.175+0000][9044][gc,marking  ] GC(6) Concurrent Rebuild Remembered Sets 38.992ms
[2022-08-19T16:12:25.175+0000][9044][gc,start    ] GC(6) Pause Cleanup
[2022-08-19T16:12:25.175+0000][9044][gc          ] GC(6) Pause Cleanup 21M->21M(3824M) 0.210ms
[2022-08-19T16:12:25.175+0000][9044][gc,cpu      ] GC(6) User=0.00s Sys=0.00s Real=0.00s
[2022-08-19T16:12:25.175+0000][9044][safepoint   ] Safepoint "G1Concurrent", Time since last: 39197476 ns, Reaching safepoint: 46436 ns, At safepoint: 343951 ns, Total: 390387 ns
[2022-08-19T16:12:25.175+0000][9044][gc,marking  ] GC(6) Concurrent Cleanup for Next Mark
[2022-08-19T16:12:25.206+0000][9044][gc,marking  ] GC(6) Concurrent Cleanup for Next Mark 19.705ms
[2022-08-19T16:12:25.206+0000][9044][gc          ] GC(6) Concurrent Mark Cycle 96.781ms
[2022-08-19T16:12:27.191+0000][9044][safepoint   ] Safepoint "Cleanup", Time since last: 2001004856 ns, Reaching safepoint: 59935 ns, At safepoint: 3780 ns, Total: 63715 ns
[2022-08-19T16:12:30.316+0000][9044][safepoint   ] Safepoint "Cleanup", Time since last: 3125457949 ns, Reaching safepoint: 63715 ns, At safepoint: 12959 ns, Total: 76674 ns
[2022-08-19T16:12:31.769+0000][9044][safepoint   ] Safepoint "Cleanup", Time since last: 1453225068 ns, Reaching safepoint: 149568 ns, At safepoint: 9179 ns, Total: 158747 ns
[2022-08-19T16:12:33.770+0000][9044][safepoint   ] Safepoint "Cleanup", Time since last: 2000026458 ns, Reaching safepoint: 163606 ns, At safepoint: 4320 ns, Total: 167926 ns
[2022-08-19T16:12:35.067+0000][9044][safepoint   ] Safepoint "Cleanup", Time since last: 1296967020 ns, Reaching safepoint: 253779 ns, At safepoint: 314793 ns, Total: 568572 ns
[2022-08-19T16:12:37.072+0000][9044][safepoint   ] Safepoint "Cleanup", Time since last: 2005262399 ns, Reaching safepoint: 123110 ns, At safepoint: 607989 ns, Total: 731099 ns
[2022-08-19T16:12:39.073+0000][9044][safepoint   ] Safepoint "Cleanup", Time since last: 1999272681 ns, Reaching safepoint: 1021595 ns, At safepoint: 17278 ns, Total: 1038873 ns
[2022-08-19T16:12:40.854+0000][9044][gc,start    ] GC(7) Pause Young (Concurrent Start) (Metadata GC Threshold)
[2022-08-19T16:12:40.854+0000][9044][gc,task     ] GC(7) Using 4 workers of 4 for evacuation
[2022-08-19T16:12:40.854+0000][9044][gc,age      ] GC(7) Desired survivor size 150994944 bytes, new threshold 15 (max threshold 15)
[2022-08-19T16:12:40.916+0000][9044][gc,age      ] GC(7) Age table with threshold 15 (max threshold 15)
[2022-08-19T16:12:40.916+0000][9044][gc,age      ] GC(7) - age   1:   27313672 bytes,   27313672 total
[2022-08-19T16:12:40.916+0000][9044][gc,age      ] GC(7) - age   2:    3033296 bytes,   30346968 total
[2022-08-19T16:12:40.916+0000][9044][gc,age      ] GC(7) - age   3:     542528 bytes,   30889496 total
[2022-08-19T16:12:40.916+0000][9044][gc,age      ] GC(7) - age   4:    1081152 bytes,   31970648 total
[2022-08-19T16:12:40.916+0000][9044][gc,age      ] GC(7) - age   5:    3151312 bytes,   35121960 total
[2022-08-19T16:12:40.916+0000][9044][gc,age      ] GC(7) - age   6:    1971952 bytes,   37093912 total
[2022-08-19T16:12:40.916+0000][9044][gc,phases   ] GC(7)   Pre Evacuate Collection Set: 0.2ms
[2022-08-19T16:12:40.916+0000][9044][gc,phases   ] GC(7)   Merge Heap Roots: 0.2ms
[2022-08-19T16:12:40.916+0000][9044][gc,phases   ] GC(7)   Evacuate Collection Set: 54.2ms
[2022-08-19T16:12:40.916+0000][9044][gc,phases   ] GC(7)   Post Evacuate Collection Set: 1.9ms
[2022-08-19T16:12:40.916+0000][9044][gc,phases   ] GC(7)   Other: 1.0ms
[2022-08-19T16:12:40.916+0000][9044][gc,heap     ] GC(7) Eden regions: 71->0(184)
[2022-08-19T16:12:40.916+0000][9044][gc,heap     ] GC(7) Survivor regions: 3->9(72)
[2022-08-19T16:12:40.916+0000][9044][gc,heap     ] GC(7) Old regions: 3->3
[2022-08-19T16:12:40.916+0000][9044][gc,heap     ] GC(7) Archive regions: 0->0
[2022-08-19T16:12:40.916+0000][9044][gc,heap     ] GC(7) Humongous regions: 0->0
[2022-08-19T16:12:40.916+0000][9044][gc,metaspace] GC(7) Metaspace: 34998K(35968K)->34998K(35968K) NonClass: 30405K(30976K)->30405K(30976K) Class: 4593K(4992K)->4593K(4992K)
[2022-08-19T16:12:40.916+0000][9044][gc          ] GC(7) Pause Young (Concurrent Start) (Metadata GC Threshold) 301M->45M(3824M) 58.127ms
[2022-08-19T16:12:40.916+0000][9044][gc,cpu      ] GC(7) User=0.22s Sys=0.00s Real=0.06s
[2022-08-19T16:12:40.916+0000][9044][gc          ] GC(8) Concurrent Mark Cycle
[2022-08-19T16:12:40.916+0000][9044][gc,marking  ] GC(8) Concurrent Clear Claimed Marks
[2022-08-19T16:12:40.916+0000][9044][safepoint   ] Safepoint "CollectForMetadataAllocation", Time since last: 1795053151 ns, Reaching safepoint: 268357 ns, At safepoint: 58503019 ns, Total: 58771376 ns
[2022-08-19T16:12:40.916+0000][9044][gc,marking  ] GC(8) Concurrent Clear Claimed Marks 0.089ms
[2022-08-19T16:12:40.916+0000][9044][gc,marking  ] GC(8) Concurrent Scan Root Regions
[2022-08-19T16:12:40.979+0000][9044][gc,marking  ] GC(8) Concurrent Scan Root Regions 52.951ms
[2022-08-19T16:12:40.979+0000][9044][gc,marking  ] GC(8) Concurrent Mark
[2022-08-19T16:12:40.979+0000][9044][gc,marking  ] GC(8) Concurrent Mark From Roots
[2022-08-19T16:12:40.979+0000][9044][gc,task     ] GC(8) Using 1 workers of 1 for marking
[2022-08-19T16:12:41.010+0000][9044][gc,marking  ] GC(8) Concurrent Mark From Roots 32.804ms
[2022-08-19T16:12:41.010+0000][9044][gc,marking  ] GC(8) Concurrent Preclean
[2022-08-19T16:12:41.010+0000][9044][gc,marking  ] GC(8) Concurrent Preclean 0.127ms
[2022-08-19T16:12:41.010+0000][9044][gc,start    ] GC(8) Pause Remark
[2022-08-19T16:12:41.010+0000][9044][gc          ] GC(8) Pause Remark 49M->49M(3824M) 4.559ms
[2022-08-19T16:12:41.010+0000][9044][gc,cpu      ] GC(8) User=0.00s Sys=0.00s Real=0.00s
[2022-08-19T16:12:41.010+0000][9044][safepoint   ] Safepoint "G1Concurrent", Time since last: 86320408 ns, Reaching safepoint: 46436 ns, At safepoint: 4691667 ns, Total: 4738103 ns
[2022-08-19T16:12:41.010+0000][9044][gc,marking  ] GC(8) Concurrent Mark 37.891ms
[2022-08-19T16:12:41.010+0000][9044][gc,marking  ] GC(8) Concurrent Rebuild Remembered Sets
[2022-08-19T16:12:41.026+0000][9044][gc,marking  ] GC(8) Concurrent Rebuild Remembered Sets 11.819ms
[2022-08-19T16:12:41.042+0000][9044][gc,start    ] GC(8) Pause Cleanup
[2022-08-19T16:12:41.042+0000][9044][gc          ] GC(8) Pause Cleanup 49M->49M(3824M) 0.359ms
[2022-08-19T16:12:41.042+0000][9044][gc,cpu      ] GC(8) User=0.00s Sys=0.00s Real=0.00s
[2022-08-19T16:12:41.042+0000][9044][safepoint   ] Safepoint "G1Concurrent", Time since last: 12023172 ns, Reaching safepoint: 11173824 ns, At safepoint: 712201 ns, Total: 11886025 ns
[2022-08-19T16:12:41.042+0000][9044][gc,marking  ] GC(8) Concurrent Cleanup for Next Mark
[2022-08-19T16:12:41.057+0000][9044][gc,marking  ] GC(8) Concurrent Cleanup for Next Mark 25.626ms
[2022-08-19T16:12:41.057+0000][9044][gc          ] GC(8) Concurrent Mark Cycle 140.920ms
[2022-08-19T16:12:42.043+0000][9044][safepoint   ] Safepoint "Cleanup", Time since last: 1000725699 ns, Reaching safepoint: 167386 ns, At safepoint: 9719 ns, Total: 177105 ns
[2022-08-19T16:12:43.717+0000][9044][safepoint   ] Safepoint "Cleanup", Time since last: 1673330068 ns, Reaching safepoint: 75594 ns, At safepoint: 5940 ns, Total: 81534 ns
[2022-08-19T16:12:44.718+0000][9044][safepoint   ] Safepoint "Cleanup", Time since last: 1001827746 ns, Reaching safepoint: 968139 ns, At safepoint: 43737 ns, Total: 1011876 ns
[2022-08-19T16:12:46.354+0000][9044][safepoint   ] Safepoint "Cleanup", Time since last: 1634618551 ns, Reaching safepoint: 137149 ns, At safepoint: 42116 ns, Total: 179265 ns
[2022-08-19T16:12:48.362+0000][9044][safepoint   ] Safepoint "Cleanup", Time since last: 2008045866 ns, Reaching safepoint: 186825 ns, At safepoint: 15658 ns, Total: 202483 ns
[2022-08-19T16:12:49.493+0000][9044][safepoint   ] Safepoint "Cleanup", Time since last: 1099560639 ns, Reaching safepoint: 31489082 ns, At safepoint: 23218 ns, Total: 31512300 ns
[2022-08-19T16:12:51.400+0000][9044][safepoint   ] Safepoint "Cleanup", Time since last: 1906128865 ns, Reaching safepoint: 305074 ns, At safepoint: 9179 ns, Total: 314253 ns
[2022-08-19T16:12:53.010+0000][9044][safepoint   ] Safepoint "Cleanup", Time since last: 1610343266 ns, Reaching safepoint: 228401 ns, At safepoint: 21058 ns, Total: 249459 ns
[2022-08-19T16:12:55.011+0000][9044][safepoint   ] Safepoint "Cleanup", Time since last: 1999960583 ns, Reaching safepoint: 136609 ns, At safepoint: 19978 ns, Total: 156587 ns
[2022-08-19T16:12:55.933+0000][9044][gc,start    ] GC(9) Pause Young (Concurrent Start) (Metadata GC Threshold)
[2022-08-19T16:12:55.933+0000][9044][gc,task     ] GC(9) Using 4 workers of 4 for evacuation
[2022-08-19T16:12:55.933+0000][9044][gc,age      ] GC(9) Desired survivor size 65011712 bytes, new threshold 15 (max threshold 15)
[2022-08-19T16:12:56.011+0000][9044][gc,age      ] GC(9) Age table with threshold 15 (max threshold 15)
[2022-08-19T16:12:56.011+0000][9044][gc,age      ] GC(9) - age   1:   11215968 bytes,   11215968 total
[2022-08-19T16:12:56.011+0000][9044][gc,age      ] GC(9) - age   2:   26990448 bytes,   38206416 total
[2022-08-19T16:12:56.011+0000][9044][gc,age      ] GC(9) - age   3:    2979064 bytes,   41185480 total
[2022-08-19T16:12:56.011+0000][9044][gc,age      ] GC(9) - age   4:     528160 bytes,   41713640 total
[2022-08-19T16:12:56.011+0000][9044][gc,age      ] GC(9) - age   5:    1068440 bytes,   42782080 total
[2022-08-19T16:12:56.011+0000][9044][gc,age      ] GC(9) - age   6:    3136952 bytes,   45919032 total
[2022-08-19T16:12:56.011+0000][9044][gc,age      ] GC(9) - age   7:    1960352 bytes,   47879384 total
[2022-08-19T16:12:56.011+0000][9044][gc,phases   ] GC(9)   Pre Evacuate Collection Set: 0.3ms
[2022-08-19T16:12:56.011+0000][9044][gc,phases   ] GC(9)   Merge Heap Roots: 0.2ms
[2022-08-19T16:12:56.011+0000][9044][gc,phases   ] GC(9)   Evacuate Collection Set: 83.4ms
[2022-08-19T16:12:56.011+0000][9044][gc,phases   ] GC(9)   Post Evacuate Collection Set: 2.3ms
[2022-08-19T16:12:56.011+0000][9044][gc,phases   ] GC(9)   Other: 1.1ms
[2022-08-19T16:12:56.011+0000][9044][gc,heap     ] GC(9) Eden regions: 118->0(60)
[2022-08-19T16:12:56.011+0000][9044][gc,heap     ] GC(9) Survivor regions: 9->13(31)
[2022-08-19T16:12:56.011+0000][9044][gc,heap     ] GC(9) Old regions: 3->3
[2022-08-19T16:12:56.011+0000][9044][gc,heap     ] GC(9) Archive regions: 0->0
[2022-08-19T16:12:56.011+0000][9044][gc,heap     ] GC(9) Humongous regions: 0->0
[2022-08-19T16:12:56.011+0000][9044][gc,metaspace] GC(9) Metaspace: 58892K(60096K)->58892K(60096K) NonClass: 50925K(51648K)->50925K(51648K) Class: 7966K(8448K)->7966K(8448K)
[2022-08-19T16:12:56.026+0000][9044][gc          ] GC(9) Pause Young (Concurrent Start) (Metadata GC Threshold) 515M->58M(3824M) 87.901ms
[2022-08-19T16:12:56.026+0000][9044][gc,cpu      ] GC(9) User=0.33s Sys=0.02s Real=0.09s
[2022-08-19T16:12:56.026+0000][9044][gc          ] GC(10) Concurrent Mark Cycle
[2022-08-19T16:12:56.026+0000][9044][gc,marking  ] GC(10) Concurrent Clear Claimed Marks
[2022-08-19T16:12:56.026+0000][9044][gc,marking  ] GC(10) Concurrent Clear Claimed Marks 0.091ms
[2022-08-19T16:12:56.026+0000][9044][gc,marking  ] GC(10) Concurrent Scan Root Regions
[2022-08-19T16:12:56.026+0000][9044][safepoint   ] Safepoint "CollectForMetadataAllocation", Time since last: 927542390 ns, Reaching safepoint: 158207 ns, At safepoint: 94624372 ns, Total: 94782579 ns
[2022-08-19T16:12:56.089+0000][9044][gc,marking  ] GC(10) Concurrent Scan Root Regions 76.746ms
[2022-08-19T16:12:56.089+0000][9044][gc,marking  ] GC(10) Concurrent Mark
[2022-08-19T16:12:56.089+0000][9044][gc,marking  ] GC(10) Concurrent Mark From Roots
[2022-08-19T16:12:56.089+0000][9044][gc,task     ] GC(10) Using 1 workers of 1 for marking
[2022-08-19T16:12:56.136+0000][9044][gc,marking  ] GC(10) Concurrent Mark From Roots 33.052ms
[2022-08-19T16:12:56.136+0000][9044][gc,marking  ] GC(10) Concurrent Preclean
[2022-08-19T16:12:56.136+0000][9044][gc,marking  ] GC(10) Concurrent Preclean 0.173ms
[2022-08-19T16:12:56.136+0000][9044][gc,start    ] GC(10) Pause Remark
[2022-08-19T16:12:56.136+0000][9044][gc          ] GC(10) Pause Remark 64M->64M(3824M) 6.182ms
[2022-08-19T16:12:56.136+0000][9044][gc,cpu      ] GC(10) User=0.00s Sys=0.00s Real=0.00s
[2022-08-19T16:12:56.136+0000][9044][safepoint   ] Safepoint "G1Concurrent", Time since last: 103945612 ns, Reaching safepoint: 70194 ns, At safepoint: 6325030 ns, Total: 6395224 ns
[2022-08-19T16:12:56.136+0000][9044][gc,marking  ] GC(10) Concurrent Mark 39.879ms
[2022-08-19T16:12:56.136+0000][9044][gc,marking  ] GC(10) Concurrent Rebuild Remembered Sets
[2022-08-19T16:12:56.151+0000][9044][gc,marking  ] GC(10) Concurrent Rebuild Remembered Sets 10.736ms
[2022-08-19T16:12:56.151+0000][9044][gc,start    ] GC(10) Pause Cleanup
[2022-08-19T16:12:56.151+0000][9044][gc          ] GC(10) Pause Cleanup 64M->64M(3824M) 0.320ms
[2022-08-19T16:12:56.151+0000][9044][gc,cpu      ] GC(10) User=0.00s Sys=0.00s Real=0.00s
[2022-08-19T16:12:56.151+0000][9044][safepoint   ] Safepoint "G1Concurrent", Time since last: 10987540 ns, Reaching safepoint: 53995 ns, At safepoint: 416845 ns, Total: 470840 ns
[2022-08-19T16:12:56.151+0000][9044][gc,marking  ] GC(10) Concurrent Cleanup for Next Mark
[2022-08-19T16:12:56.167+0000][9044][gc,marking  ] GC(10) Concurrent Cleanup for Next Mark 18.418ms
[2022-08-19T16:12:56.167+0000][9044][gc          ] GC(10) Concurrent Mark Cycle 146.878ms
[2022-08-19T16:12:57.513+0000][9044][safepoint   ] Safepoint "Cleanup", Time since last: 1358082880 ns, Reaching safepoint: 1056691 ns, At safepoint: 28618 ns, Total: 1085309 ns
[2022-08-19T16:12:59.515+0000][9044][safepoint   ] Safepoint "Cleanup", Time since last: 2001333148 ns, Reaching safepoint: 239740 ns, At safepoint: 15659 ns, Total: 255399 ns
[2022-08-19T16:13:01.032+0000][9044][safepoint   ] Safepoint "Cleanup", Time since last: 1516655175 ns, Reaching safepoint: 196543 ns, At safepoint: 16199 ns, Total: 212742 ns
[2022-08-19T16:13:02.787+0000][9044][safepoint   ] Safepoint "Cleanup", Time since last: 1754042506 ns, Reaching safepoint: 136069 ns, At safepoint: 18358 ns, Total: 154427 ns
[2022-08-19T16:13:03.820+0000][9044][safepoint   ] Safepoint "Cleanup", Time since last: 1033463697 ns, Reaching safepoint: 110690 ns, At safepoint: 9180 ns, Total: 119870 ns
[2022-08-19T16:13:04.822+0000][9044][safepoint   ] Safepoint "Cleanup", Time since last: 1002042648 ns, Reaching safepoint: 75594 ns, At safepoint: 9179 ns, Total: 84773 ns
[2022-08-19T16:13:05.823+0000][9044][safepoint   ] Safepoint "Cleanup", Time since last: 1000162527 ns, Reaching safepoint: 89092 ns, At safepoint: 10259 ns, Total: 99351 ns
[2022-08-19T16:13:07.057+0000][9044][safepoint   ] Safepoint "Cleanup", Time since last: 1238884627 ns, Reaching safepoint: 167386 ns, At safepoint: 11339 ns, Total: 178725 ns
[2022-08-19T16:13:08.795+0000][9044][safepoint   ] Safepoint "Cleanup", Time since last: 1733178114 ns, Reaching safepoint: 179805 ns, At safepoint: 4860 ns, Total: 184665 ns
[2022-08-19T16:13:09.805+0000][9044][safepoint   ] Safepoint "Cleanup", Time since last: 1010139810 ns, Reaching safepoint: 56155 ns, At safepoint: 5400 ns, Total: 61555 ns
[2022-08-19T16:13:10.812+0000][9044][safepoint   ] Safepoint "Cleanup", Time since last: 1006868764 ns, Reaching safepoint: 68035 ns, At safepoint: 6479 ns, Total: 74514 ns
[2022-08-19T16:13:12.542+0000][9044][safepoint   ] Safepoint "Cleanup", Time since last: 1730143029 ns, Reaching safepoint: 174945 ns, At safepoint: 5400 ns, Total: 180345 ns
[2022-08-19T16:13:14.229+0000][9044][safepoint   ] Safepoint "Cleanup", Time since last: 1686415872 ns, Reaching safepoint: 276457 ns, At safepoint: 11879 ns, Total: 288336 ns
[2022-08-19T16:13:15.120+0000][9044][safepoint   ] Safepoint "ICBufferFull", Time since last: 898056000 ns, Reaching safepoint: 240820 ns, At safepoint: 4320 ns, Total: 245140 ns
[2022-08-19T16:13:16.132+0000][9044][safepoint   ] Safepoint "Cleanup", Time since last: 1004562078 ns, Reaching safepoint: 210582 ns, At safepoint: 7019 ns, Total: 217601 ns
[2022-08-19T16:13:17.137+0000][9044][safepoint   ] Safepoint "Cleanup", Time since last: 1004992422 ns, Reaching safepoint: 112311 ns, At safepoint: 28617 ns, Total: 140928 ns
[2022-08-19T16:13:18.148+0000][9044][safepoint   ] Safepoint "Cleanup", Time since last: 1010407628 ns, Reaching safepoint: 193304 ns, At safepoint: 20519 ns, Total: 213823 ns
[2022-08-19T16:13:19.155+0000][9044][safepoint   ] Safepoint "Cleanup", Time since last: 1006609046 ns, Reaching safepoint: 226781 ns, At safepoint: 21058 ns, Total: 247839 ns
[2022-08-19T16:13:19.799+0000][9044][gc,start    ] GC(11) Pause Young (Normal) (G1 Evacuation Pause)
[2022-08-19T16:13:19.799+0000][9044][gc,task     ] GC(11) Using 4 workers of 4 for evacuation
[2022-08-19T16:13:19.799+0000][9044][gc,age      ] GC(11) Desired survivor size 29360128 bytes, new threshold 2 (max threshold 15)
[2022-08-19T16:13:19.986+0000][9044][gc,age      ] GC(11) Age table with threshold 2 (max threshold 15)
[2022-08-19T16:13:19.986+0000][9044][gc,age      ] GC(11) - age   1:   15624112 bytes,   15624112 total
[2022-08-19T16:13:19.986+0000][9044][gc,age      ] GC(11) - age   2:   10649944 bytes,   26274056 total
[2022-08-19T16:13:19.986+0000][9044][gc,phases   ] GC(11)   Pre Evacuate Collection Set: 0.2ms
[2022-08-19T16:13:19.986+0000][9044][gc,phases   ] GC(11)   Merge Heap Roots: 0.1ms
[2022-08-19T16:13:19.986+0000][9044][gc,phases   ] GC(11)   Evacuate Collection Set: 181.1ms
[2022-08-19T16:13:19.986+0000][9044][gc,phases   ] GC(11)   Post Evacuate Collection Set: 3.5ms
[2022-08-19T16:13:19.986+0000][9044][gc,phases   ] GC(11)   Other: 0.5ms
[2022-08-19T16:13:19.986+0000][9044][gc,heap     ] GC(11) Eden regions: 94->0(124)
[2022-08-19T16:13:19.986+0000][9044][gc,heap     ] GC(11) Survivor regions: 13->8(14)
[2022-08-19T16:13:19.986+0000][9044][gc,heap     ] GC(11) Old regions: 3->12
[2022-08-19T16:13:19.986+0000][9044][gc,heap     ] GC(11) Archive regions: 0->0
[2022-08-19T16:13:19.986+0000][9044][gc,heap     ] GC(11) Humongous regions: 2->2
[2022-08-19T16:13:19.986+0000][9044][gc,metaspace] GC(11) Metaspace: 95465K(96960K)->95465K(96960K) NonClass: 82171K(83072K)->82171K(83072K) Class: 13293K(13888K)->13293K(13888K)
[2022-08-19T16:13:19.986+0000][9044][gc          ] GC(11) Pause Young (Normal) (G1 Evacuation Pause) 442M->82M(3824M) 186.003ms
[2022-08-19T16:13:19.986+0000][9044][gc,cpu      ] GC(11) User=0.66s Sys=0.08s Real=0.19s
[2022-08-19T16:13:19.986+0000][9044][safepoint   ] Safepoint "G1CollectForAllocation", Time since last: 646871745 ns, Reaching safepoint: 82613 ns, At safepoint: 190542477 ns, Total: 190625090 ns
[2022-08-19T16:13:22.008+0000][9044][safepoint   ] Safepoint "Cleanup", Time since last: 1999960583 ns, Reaching safepoint: 15786657 ns, At safepoint: 162527 ns, Total: 15949184 ns
[2022-08-19T16:13:23.010+0000][9044][safepoint   ] Safepoint "Cleanup", Time since last: 1001963815 ns, Reaching safepoint: 137689 ns, At safepoint: 10259 ns, Total: 147948 ns
[2022-08-19T16:13:24.012+0000][9044][safepoint   ] Safepoint "Cleanup", Time since last: 1001970295 ns, Reaching safepoint: 83153 ns, At safepoint: 10799 ns, Total: 93952 ns
[2022-08-19T16:13:25.015+0000][9044][safepoint   ] Safepoint "Cleanup", Time since last: 1002104203 ns, Reaching safepoint: 88013 ns, At safepoint: 16739 ns, Total: 104752 ns
[2022-08-19T16:13:26.017+0000][9044][safepoint   ] Safepoint "Cleanup", Time since last: 1002034549 ns, Reaching safepoint: 187904 ns, At safepoint: 24298 ns, Total: 212202 ns
[2022-08-19T16:13:27.318+0000][9044][safepoint   ] Safepoint "Cleanup", Time since last: 1300927589 ns, Reaching safepoint: 150107 ns, At safepoint: 5400 ns, Total: 155507 ns
[2022-08-19T16:13:28.099+0000][9044][safepoint   ] Safepoint "ICBufferFull", Time since last: 789325850 ns, Reaching safepoint: 362850 ns, At safepoint: 29157 ns, Total: 392007 ns
[2022-08-19T16:13:28.445+0000][9044][gc,start    ] GC(12) Pause Young (Concurrent Start) (Metadata GC Threshold)
[2022-08-19T16:13:28.445+0000][9044][gc,task     ] GC(12) Using 4 workers of 4 for evacuation
[2022-08-19T16:13:28.445+0000][9044][gc,age      ] GC(12) Desired survivor size 33554432 bytes, new threshold 15 (max threshold 15)
[2022-08-19T16:13:28.492+0000][9044][gc,age      ] GC(12) Age table with threshold 15 (max threshold 15)
[2022-08-19T16:13:28.492+0000][9044][gc,age      ] GC(12) - age   1:    3824496 bytes,    3824496 total
[2022-08-19T16:13:28.492+0000][9044][gc,age      ] GC(12) - age   2:   15146056 bytes,   18970552 total
[2022-08-19T16:13:28.492+0000][9044][gc,age      ] GC(12) - age   3:   10560544 bytes,   29531096 total
[2022-08-19T16:13:28.492+0000][9044][gc,phases   ] GC(12)   Pre Evacuate Collection Set: 0.4ms
[2022-08-19T16:13:28.492+0000][9044][gc,phases   ] GC(12)   Merge Heap Roots: 0.2ms
[2022-08-19T16:13:28.492+0000][9044][gc,phases   ] GC(12)   Evacuate Collection Set: 44.2ms
[2022-08-19T16:13:28.492+0000][9044][gc,phases   ] GC(12)   Post Evacuate Collection Set: 2.7ms
[2022-08-19T16:13:28.492+0000][9044][gc,phases   ] GC(12)   Other: 0.7ms
[2022-08-19T16:13:28.492+0000][9044][gc,heap     ] GC(12) Eden regions: 39->0(196)
[2022-08-19T16:13:28.492+0000][9044][gc,heap     ] GC(12) Survivor regions: 8->8(16)
[2022-08-19T16:13:28.492+0000][9044][gc,heap     ] GC(12) Old regions: 12->12
[2022-08-19T16:13:28.492+0000][9044][gc,heap     ] GC(12) Archive regions: 0->0
[2022-08-19T16:13:28.492+0000][9044][gc,heap     ] GC(12) Humongous regions: 2->2
[2022-08-19T16:13:28.492+0000][9044][gc,metaspace] GC(12) Metaspace: 99300K(100736K)->99300K(100736K) NonClass: 85528K(86400K)->85528K(86400K) Class: 13772K(14336K)->13772K(14336K)
[2022-08-19T16:13:28.492+0000][9044][gc          ] GC(12) Pause Young (Concurrent Start) (Metadata GC Threshold) 238M->83M(3824M) 48.411ms
[2022-08-19T16:13:28.492+0000][9044][gc,cpu      ] GC(12) User=0.19s Sys=0.00s Real=0.05s
[2022-08-19T16:13:28.492+0000][9044][gc          ] GC(13) Concurrent Mark Cycle
[2022-08-19T16:13:28.492+0000][9044][gc,marking  ] GC(13) Concurrent Clear Claimed Marks
[2022-08-19T16:13:28.492+0000][9044][safepoint   ] Safepoint "CollectForMetadataAllocation", Time since last: 337635873 ns, Reaching safepoint: 110691 ns, At safepoint: 48695280 ns, Total: 48805971 ns
[2022-08-19T16:13:28.492+0000][9044][gc,marking  ] GC(13) Concurrent Clear Claimed Marks 0.106ms
[2022-08-19T16:13:28.492+0000][9044][gc,marking  ] GC(13) Concurrent Scan Root Regions
[2022-08-19T16:13:28.538+0000][9044][gc,marking  ] GC(13) Concurrent Scan Root Regions 49.697ms
[2022-08-19T16:13:28.538+0000][9044][gc,marking  ] GC(13) Concurrent Mark
[2022-08-19T16:13:28.538+0000][9044][gc,marking  ] GC(13) Concurrent Mark From Roots
[2022-08-19T16:13:28.538+0000][9044][gc,task     ] GC(13) Using 1 workers of 1 for marking
[2022-08-19T16:13:28.684+0000][9044][safepoint   ] Safepoint "CollectForMetadataAllocation", Time since last: 189571098 ns, Reaching safepoint: 149567 ns, At safepoint: 89093 ns, Total: 238660 ns
[2022-08-19T16:13:28.731+0000][9044][gc,marking  ] GC(13) Concurrent Mark From Roots 200.913ms
[2022-08-19T16:13:28.731+0000][9044][gc,marking  ] GC(13) Concurrent Preclean
[2022-08-19T16:13:28.731+0000][9044][gc,marking  ] GC(13) Concurrent Preclean 0.300ms
[2022-08-19T16:13:28.731+0000][9044][gc,start    ] GC(13) Pause Remark
[2022-08-19T16:13:28.746+0000][9044][gc          ] GC(13) Pause Remark 97M->97M(3824M) 12.221ms
[2022-08-19T16:13:28.746+0000][9044][gc,cpu      ] GC(13) User=0.06s Sys=0.00s Real=0.02s
[2022-08-19T16:13:28.746+0000][9044][safepoint   ] Safepoint "G1Concurrent", Time since last: 61572661 ns, Reaching safepoint: 84233 ns, At safepoint: 12382783 ns, Total: 12467016 ns
[2022-08-19T16:13:28.746+0000][9044][gc,marking  ] GC(13) Concurrent Mark 213.942ms
[2022-08-19T16:13:28.746+0000][9044][gc,marking  ] GC(13) Concurrent Rebuild Remembered Sets
[2022-08-19T16:13:28.840+0000][9044][gc,marking  ] GC(13) Concurrent Rebuild Remembered Sets 85.165ms
[2022-08-19T16:13:28.840+0000][9044][gc,start    ] GC(13) Pause Cleanup
[2022-08-19T16:13:28.840+0000][9044][gc          ] GC(13) Pause Cleanup 97M->97M(3824M) 0.357ms
[2022-08-19T16:13:28.840+0000][9044][gc,cpu      ] GC(13) User=0.00s Sys=0.00s Real=0.00s
[2022-08-19T16:13:28.840+0000][9044][safepoint   ] Safepoint "G1Concurrent", Time since last: 85371167 ns, Reaching safepoint: 59935 ns, At safepoint: 533476 ns, Total: 593411 ns
[2022-08-19T16:13:28.840+0000][9044][gc,marking  ] GC(13) Concurrent Cleanup for Next Mark
[2022-08-19T16:13:28.856+0000][9044][gc,marking  ] GC(13) Concurrent Cleanup for Next Mark 18.219ms
[2022-08-19T16:13:28.856+0000][9044][gc          ] GC(13) Concurrent Mark Cycle 368.285ms
[2022-08-19T16:13:30.159+0000][9044][safepoint   ] Safepoint "Cleanup", Time since last: 1316356255 ns, Reaching safepoint: 104212 ns, At safepoint: 39956 ns, Total: 144168 ns
[2022-08-19T16:13:31.383+0000][9044][safepoint   ] Safepoint "Cleanup", Time since last: 1228283155 ns, Reaching safepoint: 186824 ns, At safepoint: 12419 ns, Total: 199243 ns
[2022-08-19T16:13:32.604+0000][9044][safepoint   ] Safepoint "Cleanup", Time since last: 1203234653 ns, Reaching safepoint: 11709999 ns, At safepoint: 338012 ns, Total: 12048011 ns
[2022-08-19T16:13:33.729+0000][9044][safepoint   ] Safepoint "Cleanup", Time since last: 1125076201 ns, Reaching safepoint: 234340 ns, At safepoint: 9719 ns, Total: 244059 ns
[2022-08-19T16:13:34.743+0000][9044][safepoint   ] Safepoint "Cleanup", Time since last: 1013210534 ns, Reaching safepoint: 92332 ns, At safepoint: 5939 ns, Total: 98271 ns
[2022-08-19T16:13:35.758+0000][9044][safepoint   ] Safepoint "Cleanup", Time since last: 1015476184 ns, Reaching safepoint: 105291 ns, At safepoint: 16199 ns, Total: 121490 ns
[2022-08-19T16:13:37.154+0000][9044][safepoint   ] Safepoint "Cleanup", Time since last: 1395084359 ns, Reaching safepoint: 169546 ns, At safepoint: 10259 ns, Total: 179805 ns
[2022-08-19T16:13:38.155+0000][9044][safepoint   ] Safepoint "Cleanup", Time since last: 1001545351 ns, Reaching safepoint: 103671 ns, At safepoint: 11879 ns, Total: 115550 ns
[2022-08-19T16:13:39.157+0000][9044][safepoint   ] Safepoint "Cleanup", Time since last: 1001152264 ns, Reaching safepoint: 110150 ns, At safepoint: 22678 ns, Total: 132828 ns
[2022-08-19T16:13:41.159+0000][9044][safepoint   ] Safepoint "Cleanup", Time since last: 2002093945 ns, Reaching safepoint: 115010 ns, At safepoint: 13499 ns, Total: 128509 ns
[2022-08-19T16:13:42.171+0000][9044][safepoint   ] Safepoint "Cleanup", Time since last: 1012504813 ns, Reaching safepoint: 91792 ns, At safepoint: 17818 ns, Total: 109610 ns
[2022-08-19T16:13:43.173+0000][9044][safepoint   ] Safepoint "Cleanup", Time since last: 1001660361 ns, Reaching safepoint: 82073 ns, At safepoint: 4320 ns, Total: 86393 ns
[2022-08-19T16:13:44.175+0000][9044][safepoint   ] Safepoint "Cleanup", Time since last: 1001835306 ns, Reaching safepoint: 83693 ns, At safepoint: 14579 ns, Total: 98272 ns
[2022-08-19T16:13:45.177+0000][9044][safepoint   ] Safepoint "Cleanup", Time since last: 1002029690 ns, Reaching safepoint: 67494 ns, At safepoint: 4860 ns, Total: 72354 ns
[2022-08-19T16:13:48.021+0000][9044][safepoint   ] Safepoint "Cleanup", Time since last: 2851354234 ns, Reaching safepoint: 107990 ns, At safepoint: 11880 ns, Total: 119870 ns
[2022-08-19T16:13:49.035+0000][9044][safepoint   ] Safepoint "Cleanup", Time since last: 1005691663 ns, Reaching safepoint: 74513 ns, At safepoint: 7560 ns, Total: 82073 ns
[2022-08-19T16:13:50.035+0000][9044][safepoint   ] Safepoint "Cleanup", Time since last: 1000384987 ns, Reaching safepoint: 85313 ns, At safepoint: 12959 ns, Total: 98272 ns
[2022-08-19T16:13:52.042+0000][9044][safepoint   ] Safepoint "Cleanup", Time since last: 2006427622 ns, Reaching safepoint: 77753 ns, At safepoint: 5940 ns, Total: 83693 ns
[2022-08-19T16:13:56.042+0000][9044][safepoint   ] Safepoint "Cleanup", Time since last: 4000674943 ns, Reaching safepoint: 113931 ns, At safepoint: 12419 ns, Total: 126350 ns
[2022-08-19T16:13:57.612+0000][9044][safepoint   ] Safepoint "Cleanup", Time since last: 1569967068 ns, Reaching safepoint: 219761 ns, At safepoint: 7560 ns, Total: 227321 ns
[2022-08-19T16:13:58.613+0000][9044][safepoint   ] Safepoint "Cleanup", Time since last: 1000752697 ns, Reaching safepoint: 92332 ns, At safepoint: 12419 ns, Total: 104751 ns
[2022-08-19T16:13:59.746+0000][9044][safepoint   ] Safepoint "Cleanup", Time since last: 1133043773 ns, Reaching safepoint: 72354 ns, At safepoint: 22139 ns, Total: 94493 ns
[2022-08-19T16:14:01.747+0000][9044][safepoint   ] Safepoint "Cleanup", Time since last: 1999903888 ns, Reaching safepoint: 53995 ns, At safepoint: 3780 ns, Total: 57775 ns
[2022-08-19T16:14:02.747+0000][9044][safepoint   ] Safepoint "Cleanup", Time since last: 1000040496 ns, Reaching safepoint: 65335 ns, At safepoint: 7559 ns, Total: 72894 ns
[2022-08-19T16:14:04.747+0000][9044][safepoint   ] Safepoint "Cleanup", Time since last: 2000096652 ns, Reaching safepoint: 66415 ns, At safepoint: 17818 ns, Total: 84233 ns
[2022-08-19T16:14:06.747+0000][9044][safepoint   ] Safepoint "Cleanup", Time since last: 1999997300 ns, Reaching safepoint: 107451 ns, At safepoint: 9180 ns, Total: 116631 ns
[2022-08-19T16:14:08.747+0000][9044][safepoint   ] Safepoint "Cleanup", Time since last: 2000265117 ns, Reaching safepoint: 171166 ns, At safepoint: 12959 ns, Total: 184125 ns
[2022-08-19T16:14:12.748+0000][9044][safepoint   ] Safepoint "Cleanup", Time since last: 4000548594 ns, Reaching safepoint: 72894 ns, At safepoint: 14039 ns, Total: 86933 ns
[2022-08-19T16:14:19.749+0000][9044][safepoint   ] Safepoint "Cleanup", Time since last: 7001326129 ns, Reaching safepoint: 68574 ns, At safepoint: 6479 ns, Total: 75053 ns
[2022-08-19T16:14:26.752+0000][9044][safepoint   ] Safepoint "Cleanup", Time since last: 7002364462 ns, Reaching safepoint: 83693 ns, At safepoint: 4860 ns, Total: 88553 ns
[2022-08-19T16:14:28.754+0000][9044][safepoint   ] Safepoint "Cleanup", Time since last: 2002443295 ns, Reaching safepoint: 51296 ns, At safepoint: 4859 ns, Total: 56155 ns
[2022-08-19T16:14:31.755+0000][9044][safepoint   ] Safepoint "Cleanup", Time since last: 3000913604 ns, Reaching safepoint: 65334 ns, At safepoint: 4860 ns, Total: 70194 ns
[2022-08-19T16:14:40.583+0000][9044][safepoint   ] Safepoint "Cleanup", Time since last: 8827468795 ns, Reaching safepoint: 81533 ns, At safepoint: 12959 ns, Total: 94492 ns
[2022-08-19T16:14:42.422+0000][9044][safepoint   ] Safepoint "Cleanup", Time since last: 1838913136 ns, Reaching safepoint: 138228 ns, At safepoint: 4860 ns, Total: 143088 ns
[2022-08-19T16:14:43.427+0000][9044][safepoint   ] Safepoint "Cleanup", Time since last: 1004779139 ns, Reaching safepoint: 65335 ns, At safepoint: 5399 ns, Total: 70734 ns
[2022-08-19T16:14:54.472+0000][9044][safepoint   ] Safepoint "Cleanup", Time since last: 11044856742 ns, Reaching safepoint: 59395 ns, At safepoint: 5400 ns, Total: 64795 ns
[2022-08-19T16:14:57.497+0000][9044][safepoint   ] Safepoint "Cleanup", Time since last: 3025224526 ns, Reaching safepoint: 70734 ns, At safepoint: 8640 ns, Total: 79374 ns
[2022-08-19T16:15:13.560+0000][9044][safepoint   ] Safepoint "Cleanup", Time since last: 16063214664 ns, Reaching safepoint: 61554 ns, At safepoint: 12419 ns, Total: 73973 ns
[2022-08-19T16:15:14.561+0000][9044][safepoint   ] Safepoint "Cleanup", Time since last: 1000089093 ns, Reaching safepoint: 56695 ns, At safepoint: 4860 ns, Total: 61555 ns
[2022-08-19T16:15:22.577+0000][9044][safepoint   ] Safepoint "Cleanup", Time since last: 8016002639 ns, Reaching safepoint: 68034 ns, At safepoint: 5400 ns, Total: 73434 ns
[2022-08-19T16:15:29.614+0000][9044][safepoint   ] Safepoint "Cleanup", Time since last: 7037373509 ns, Reaching safepoint: 48596 ns, At safepoint: 12419 ns, Total: 61015 ns
[2022-08-19T16:15:32.629+0000][9044][safepoint   ] Safepoint "Cleanup", Time since last: 3015204046 ns, Reaching safepoint: 49136 ns, At safepoint: 4319 ns, Total: 53455 ns
[2022-08-19T16:15:42.662+0000][9044][safepoint   ] Safepoint "Cleanup", Time since last: 10033089508 ns, Reaching safepoint: 103132 ns, At safepoint: 12959 ns, Total: 116091 ns
[2022-08-19T16:15:43.678+0000][9044][safepoint   ] Safepoint "Cleanup", Time since last: 1015396810 ns, Reaching safepoint: 63174 ns, At safepoint: 8639 ns, Total: 71813 ns
[2022-08-19T16:15:44.678+0000][9044][safepoint   ] Safepoint "Cleanup", Time since last: 1000201944 ns, Reaching safepoint: 57775 ns, At safepoint: 4319 ns, Total: 62094 ns
[2022-08-19T16:15:52.697+0000][9044][safepoint   ] Safepoint "Cleanup", Time since last: 8018442695 ns, Reaching safepoint: 51296 ns, At safepoint: 5939 ns, Total: 57235 ns
[2022-08-19T16:16:06.765+0000][9044][safepoint   ] Safepoint "Cleanup", Time since last: 14068569396 ns, Reaching safepoint: 60475 ns, At safepoint: 5399 ns, Total: 65874 ns
[2022-08-19T16:16:12.775+0000][9044][safepoint   ] Safepoint "Cleanup", Time since last: 6009503744 ns, Reaching safepoint: 69114 ns, At safepoint: 13499 ns, Total: 82613 ns
[2022-08-19T16:16:16.780+0000][9044][safepoint   ] Safepoint "Cleanup", Time since last: 4004747822 ns, Reaching safepoint: 49136 ns, At safepoint: 5940 ns, Total: 55076 ns
[2022-08-19T16:16:42.875+0000][9044][safepoint   ] Safepoint "Cleanup", Time since last: 26095704282 ns, Reaching safepoint: 61014 ns, At safepoint: 12419 ns, Total: 73433 ns
[2022-08-19T16:16:52.925+0000][9044][safepoint   ] Safepoint "Cleanup", Time since last: 10049105106 ns, Reaching safepoint: 62635 ns, At safepoint: 5400 ns, Total: 68035 ns
[2022-08-19T16:16:57.178+0000][9044][gc,start    ] GC(14) Pause Young (Concurrent Start) (G1 Evacuation Pause)
[2022-08-19T16:16:57.178+0000][9044][gc,task     ] GC(14) Using 4 workers of 4 for evacuation
[2022-08-19T16:16:57.178+0000][9044][gc,age      ] GC(14) Desired survivor size 48234496 bytes, new threshold 15 (max threshold 15)
[2022-08-19T16:16:57.272+0000][9044][gc,age      ] GC(14) Age table with threshold 15 (max threshold 15)
[2022-08-19T16:16:57.272+0000][9044][gc,age      ] GC(14) - age   1:    9136952 bytes,    9136952 total
[2022-08-19T16:16:57.272+0000][9044][gc,age      ] GC(14) - age   2:    1546472 bytes,   10683424 total
[2022-08-19T16:16:57.272+0000][9044][gc,age      ] GC(14) - age   3:   14876200 bytes,   25559624 total
[2022-08-19T16:16:57.272+0000][9044][gc,age      ] GC(14) - age   4:   10546888 bytes,   36106512 total
[2022-08-19T16:16:57.272+0000][9044][gc,phases   ] GC(14)   Pre Evacuate Collection Set: 0.4ms
[2022-08-19T16:16:57.272+0000][9044][gc,phases   ] GC(14)   Merge Heap Roots: 0.2ms
[2022-08-19T16:16:57.272+0000][9044][gc,phases   ] GC(14)   Evacuate Collection Set: 89.5ms
[2022-08-19T16:16:57.272+0000][9044][gc,phases   ] GC(14)   Post Evacuate Collection Set: 2.9ms
[2022-08-19T16:16:57.272+0000][9044][gc,phases   ] GC(14)   Other: 0.6ms
[2022-08-19T16:16:57.272+0000][9044][gc,heap     ] GC(14) Eden regions: 169->0(152)
[2022-08-19T16:16:57.272+0000][9044][gc,heap     ] GC(14) Survivor regions: 8->9(23)
[2022-08-19T16:16:57.272+0000][9044][gc,heap     ] GC(14) Old regions: 12->12
[2022-08-19T16:16:57.272+0000][9044][gc,heap     ] GC(14) Archive regions: 0->0
[2022-08-19T16:16:57.272+0000][9044][gc,heap     ] GC(14) Humongous regions: 2->2
[2022-08-19T16:16:57.272+0000][9044][gc,metaspace] GC(14) Metaspace: 106379K(107904K)->106379K(107904K) NonClass: 91614K(92544K)->91614K(92544K) Class: 14765K(15360K)->14765K(15360K)
[2022-08-19T16:16:57.272+0000][9044][gc          ] GC(14) Pause Young (Concurrent Start) (G1 Evacuation Pause) 759M->88M(3824M) 94.084ms
[2022-08-19T16:16:57.272+0000][9044][gc,cpu      ] GC(14) User=0.25s Sys=0.03s Real=0.09s
[2022-08-19T16:16:57.272+0000][9044][gc          ] GC(15) Concurrent Mark Cycle
[2022-08-19T16:16:57.272+0000][9044][gc,marking  ] GC(15) Concurrent Clear Claimed Marks
[2022-08-19T16:16:57.272+0000][9044][gc,marking  ] GC(15) Concurrent Clear Claimed Marks 0.102ms
[2022-08-19T16:16:57.272+0000][9044][gc,marking  ] GC(15) Concurrent Scan Root Regions
[2022-08-19T16:16:57.272+0000][9044][safepoint   ] Safepoint "G1CollectForAllocation", Time since last: 4254909403 ns, Reaching safepoint: 41577 ns, At safepoint: 96002337 ns, Total: 96043914 ns
[2022-08-19T16:16:57.324+0000][9044][gc,marking  ] GC(15) Concurrent Scan Root Regions 49.876ms
[2022-08-19T16:16:57.324+0000][9044][gc,marking  ] GC(15) Concurrent Mark
[2022-08-19T16:16:57.324+0000][9044][gc,marking  ] GC(15) Concurrent Mark From Roots
[2022-08-19T16:16:57.324+0000][9044][gc,task     ] GC(15) Using 1 workers of 1 for marking
[2022-08-19T16:16:57.476+0000][9044][gc,marking  ] GC(15) Concurrent Mark From Roots 166.619ms
[2022-08-19T16:16:57.476+0000][9044][gc,marking  ] GC(15) Concurrent Preclean
[2022-08-19T16:16:57.491+0000][9044][gc,marking  ] GC(15) Concurrent Preclean 0.370ms
[2022-08-19T16:16:57.491+0000][9044][gc,start    ] GC(15) Pause Remark
[2022-08-19T16:16:57.491+0000][9044][gc          ] GC(15) Pause Remark 93M->93M(3824M) 7.395ms
[2022-08-19T16:16:57.491+0000][9044][gc,cpu      ] GC(15) User=0.00s Sys=0.00s Real=0.00s
[2022-08-19T16:16:57.491+0000][9044][safepoint   ] Safepoint "G1Concurrent", Time since last: 215778882 ns, Reaching safepoint: 49136 ns, At safepoint: 7568006 ns, Total: 7617142 ns
[2022-08-19T16:16:57.491+0000][9044][gc,marking  ] GC(15) Concurrent Mark 174.905ms
[2022-08-19T16:16:57.491+0000][9044][gc,marking  ] GC(15) Concurrent Rebuild Remembered Sets
[2022-08-19T16:16:57.554+0000][9044][gc,marking  ] GC(15) Concurrent Rebuild Remembered Sets 67.744ms
[2022-08-19T16:16:57.554+0000][9044][gc,start    ] GC(15) Pause Cleanup
[2022-08-19T16:16:57.554+0000][9044][gc          ] GC(15) Pause Cleanup 93M->93M(3824M) 0.224ms
[2022-08-19T16:16:57.554+0000][9044][gc,cpu      ] GC(15) User=0.00s Sys=0.00s Real=0.00s
[2022-08-19T16:16:57.554+0000][9044][safepoint   ] Safepoint "G1Concurrent", Time since last: 67954926 ns, Reaching safepoint: 46437 ns, At safepoint: 322892 ns, Total: 369329 ns
[2022-08-19T16:16:57.554+0000][9044][gc,marking  ] GC(15) Concurrent Cleanup for Next Mark
[2022-08-19T16:16:57.585+0000][9044][gc,marking  ] GC(15) Concurrent Cleanup for Next Mark 19.947ms
[2022-08-19T16:16:57.585+0000][9044][gc          ] GC(15) Concurrent Mark Cycle 313.541ms
[2022-08-19T16:17:06.564+0000][9044][safepoint   ] Safepoint "Cleanup", Time since last: 8996460597 ns, Reaching safepoint: 73434 ns, At safepoint: 5399 ns, Total: 78833 ns
[2022-08-19T16:17:13.568+0000][9044][safepoint   ] Safepoint "Cleanup", Time since last: 7003758086 ns, Reaching safepoint: 69654 ns, At safepoint: 15658 ns, Total: 85312 ns
[2022-08-19T16:17:22.595+0000][9044][safepoint   ] Safepoint "Cleanup", Time since last: 9026905946 ns, Reaching safepoint: 58855 ns, At safepoint: 18899 ns, Total: 77754 ns
[2022-08-19T16:18:01.689+0000][9044][safepoint   ] Safepoint "Cleanup", Time since last: 39094208067 ns, Reaching safepoint: 55615 ns, At safepoint: 4320 ns, Total: 59935 ns
[2022-08-19T16:18:03.692+0000][9044][safepoint   ] Safepoint "Cleanup", Time since last: 2003314242 ns, Reaching safepoint: 48056 ns, At safepoint: 4320 ns, Total: 52376 ns
[2022-08-19T16:18:35.770+0000][9044][safepoint   ] Safepoint "Cleanup", Time since last: 32078060720 ns, Reaching safepoint: 63715 ns, At safepoint: 11879 ns, Total: 75594 ns
[2022-08-19T16:18:37.773+0000][9044][safepoint   ] Safepoint "Cleanup", Time since last: 2002434656 ns, Reaching safepoint: 85852 ns, At safepoint: 8100 ns, Total: 93952 ns
[2022-08-19T16:18:39.789+0000][9044][safepoint   ] Safepoint "Cleanup", Time since last: 2015661928 ns, Reaching safepoint: 57775 ns, At safepoint: 7559 ns, Total: 65334 ns
[2022-08-19T16:18:42.808+0000][9044][safepoint   ] Safepoint "Cleanup", Time since last: 3019134377 ns, Reaching safepoint: 63715 ns, At safepoint: 4859 ns, Total: 68574 ns
[2022-08-19T16:18:49.829+0000][9044][safepoint   ] Safepoint "Cleanup", Time since last: 7021415146 ns, Reaching safepoint: 58855 ns, At safepoint: 11339 ns, Total: 70194 ns
[2022-08-19T16:18:52.849+0000][9044][safepoint   ] Safepoint "Cleanup", Time since last: 3019752085 ns, Reaching safepoint: 61015 ns, At safepoint: 5940 ns, Total: 66955 ns
[2022-08-19T16:19:20.502+0000][9044][safepoint   ] Safepoint "Cleanup", Time since last: 27653735110 ns, Reaching safepoint: 853128 ns, At safepoint: 24298 ns, Total: 877426 ns
[2022-08-19T16:19:21.510+0000][9044][safepoint   ] Safepoint "Cleanup", Time since last: 1005988639 ns, Reaching safepoint: 127969 ns, At safepoint: 6479 ns, Total: 134448 ns
[2022-08-19T16:19:22.511+0000][9044][safepoint   ] Safepoint "Cleanup", Time since last: 1001068031 ns, Reaching safepoint: 177105 ns, At safepoint: 22678 ns, Total: 199783 ns
[2022-08-19T16:19:23.524+0000][9044][safepoint   ] Safepoint "Cleanup", Time since last: 1013103622 ns, Reaching safepoint: 117711 ns, At safepoint: 4859 ns, Total: 122570 ns
[2022-08-19T16:19:24.526+0000][9044][safepoint   ] Safepoint "Cleanup", Time since last: 1001962196 ns, Reaching safepoint: 106911 ns, At safepoint: 9719 ns, Total: 116630 ns
[2022-08-19T16:19:28.162+0000][9044][safepoint   ] Safepoint "Cleanup", Time since last: 3638815080 ns, Reaching safepoint: 53996 ns, At safepoint: 20518 ns, Total: 74514 ns
[2022-08-19T16:19:29.755+0000][9044][safepoint   ] Safepoint "Cleanup", Time since last: 1590121419 ns, Reaching safepoint: 285096 ns, At safepoint: 12959 ns, Total: 298055 ns
[2022-08-19T16:19:30.888+0000][9044][safepoint   ] Safepoint "Cleanup", Time since last: 1131583736 ns, Reaching safepoint: 96652 ns, At safepoint: 20519 ns, Total: 117171 ns
[2022-08-19T16:19:32.035+0000][9044][safepoint   ] Safepoint "ICBufferFull", Time since last: 1155387641 ns, Reaching safepoint: 282936 ns, At safepoint: 6915741 ns, Total: 7198677 ns
[2022-08-19T16:19:33.583+0000][9044][safepoint   ] Safepoint "Cleanup", Time since last: 1532927251 ns, Reaching safepoint: 233261 ns, At safepoint: 18358 ns, Total: 251619 ns
[2022-08-19T16:19:34.584+0000][9044][safepoint   ] Safepoint "Cleanup", Time since last: 1000591251 ns, Reaching safepoint: 136068 ns, At safepoint: 8100 ns, Total: 144168 ns
[2022-08-19T16:19:35.585+0000][9044][safepoint   ] Safepoint "Cleanup", Time since last: 1001086929 ns, Reaching safepoint: 72894 ns, At safepoint: 6479 ns, Total: 79373 ns
[2022-08-19T16:19:36.586+0000][9044][safepoint   ] Safepoint "Cleanup", Time since last: 1000551294 ns, Reaching safepoint: 93952 ns, At safepoint: 7559 ns, Total: 101511 ns
[2022-08-19T16:19:37.587+0000][9044][safepoint   ] Safepoint "Cleanup", Time since last: 1000780235 ns, Reaching safepoint: 123650 ns, At safepoint: 49675 ns, Total: 173325 ns
[2022-08-19T16:19:38.602+0000][9044][safepoint   ] Safepoint "Cleanup", Time since last: 1014838497 ns, Reaching safepoint: 257559 ns, At safepoint: 4859 ns, Total: 262418 ns
[2022-08-19T16:19:39.497+0000][9044][safepoint   ] Safepoint "ICBufferFull", Time since last: 901771430 ns, Reaching safepoint: 307234 ns, At safepoint: 17819 ns, Total: 325053 ns
[2022-08-19T16:19:40.467+0000][9044][safepoint   ] Safepoint "ICBufferFull", Time since last: 976636157 ns, Reaching safepoint: 379588 ns, At safepoint: 911984 ns, Total: 1291572 ns
[2022-08-19T16:19:41.945+0000][9044][safepoint   ] Safepoint "Cleanup", Time since last: 1440371985 ns, Reaching safepoint: 302915 ns, At safepoint: 25545800 ns, Total: 25848715 ns
[2022-08-19T16:19:43.948+0000][9044][safepoint   ] Safepoint "Cleanup", Time since last: 1999406590 ns, Reaching safepoint: 208422 ns, At safepoint: 11879 ns, Total: 220301 ns
[2022-08-19T16:19:45.957+0000][9044][safepoint   ] Safepoint "Cleanup", Time since last: 2008918973 ns, Reaching safepoint: 178185 ns, At safepoint: 15119 ns, Total: 193304 ns
[2022-08-19T16:19:46.758+0000][9044][safepoint   ] Safepoint "ICBufferFull", Time since last: 801540167 ns, Reaching safepoint: 302374 ns, At safepoint: 10259 ns, Total: 312633 ns
[2022-08-19T16:19:47.768+0000][9044][safepoint   ] Safepoint "Cleanup", Time since last: 1009393054 ns, Reaching safepoint: 172785 ns, At safepoint: 4320 ns, Total: 177105 ns
[2022-08-19T16:19:48.226+0000][9044][safepoint   ] Safepoint "ICBufferFull", Time since last: 462518230 ns, Reaching safepoint: 372569 ns, At safepoint: 27537 ns, Total: 400106 ns
[2022-08-19T16:19:48.994+0000][9044][safepoint   ] Safepoint "ICBufferFull", Time since last: 762375089 ns, Reaching safepoint: 338011 ns, At safepoint: 10799 ns, Total: 348810 ns
[2022-08-19T16:19:50.006+0000][9044][safepoint   ] Safepoint "Cleanup", Time since last: 1011999955 ns, Reaching safepoint: 294275 ns, At safepoint: 2584224 ns, Total: 2878499 ns
[2022-08-19T16:19:52.011+0000][9044][safepoint   ] Safepoint "Cleanup", Time since last: 2002428716 ns, Reaching safepoint: 180885 ns, At safepoint: 17279 ns, Total: 198164 ns
[2022-08-19T16:19:53.012+0000][9044][safepoint   ] Safepoint "Cleanup", Time since last: 1000648485 ns, Reaching safepoint: 123110 ns, At safepoint: 17819 ns, Total: 140929 ns
[2022-08-19T16:19:54.023+0000][9044][safepoint   ] Safepoint "Cleanup", Time since last: 1011117668 ns, Reaching safepoint: 124190 ns, At safepoint: 21058 ns, Total: 145248 ns
[2022-08-19T16:19:55.903+0000][9044][safepoint   ] Safepoint "Cleanup", Time since last: 1879721837 ns, Reaching safepoint: 193844 ns, At safepoint: 31857 ns, Total: 225701 ns
[2022-08-19T16:19:57.913+0000][9044][safepoint   ] Safepoint "Cleanup", Time since last: 2009565299 ns, Reaching safepoint: 85852 ns, At safepoint: 17279 ns, Total: 103131 ns
[2022-08-19T16:19:58.925+0000][9044][safepoint   ] Safepoint "Cleanup", Time since last: 1012330407 ns, Reaching safepoint: 193304 ns, At safepoint: 55075 ns, Total: 248379 ns
[2022-08-19T16:19:59.442+0000][9044][gc,start    ] GC(16) Pause Young (Normal) (G1 Evacuation Pause)
[2022-08-19T16:19:59.442+0000][9044][gc,task     ] GC(16) Using 4 workers of 4 for evacuation
[2022-08-19T16:19:59.442+0000][9044][gc,age      ] GC(16) Desired survivor size 48234496 bytes, new threshold 15 (max threshold 15)
[2022-08-19T16:19:59.544+0000][9044][gc,age      ] GC(16) Age table with threshold 15 (max threshold 15)
[2022-08-19T16:19:59.544+0000][9044][gc,age      ] GC(16) - age   1:   12420600 bytes,   12420600 total
[2022-08-19T16:19:59.544+0000][9044][gc,age      ] GC(16) - age   2:    8829768 bytes,   21250368 total
[2022-08-19T16:19:59.544+0000][9044][gc,age      ] GC(16) - age   3:    1456288 bytes,   22706656 total
[2022-08-19T16:19:59.544+0000][9044][gc,age      ] GC(16) - age   4:   14844936 bytes,   37551592 total
[2022-08-19T16:19:59.544+0000][9044][gc,age      ] GC(16) - age   5:   10541992 bytes,   48093584 total
[2022-08-19T16:19:59.544+0000][9044][gc,phases   ] GC(16)   Pre Evacuate Collection Set: 0.2ms
[2022-08-19T16:19:59.544+0000][9044][gc,phases   ] GC(16)   Merge Heap Roots: 0.2ms
[2022-08-19T16:19:59.545+0000][9044][gc,phases   ] GC(16)   Evacuate Collection Set: 88.8ms
[2022-08-19T16:19:59.545+0000][9044][gc,phases   ] GC(16)   Post Evacuate Collection Set: 6.2ms
[2022-08-19T16:19:59.545+0000][9044][gc,phases   ] GC(16)   Other: 0.6ms
[2022-08-19T16:19:59.545+0000][9044][gc,heap     ] GC(16) Eden regions: 168->0(151)
[2022-08-19T16:19:59.545+0000][9044][gc,heap     ] GC(16) Survivor regions: 9->13(23)
[2022-08-19T16:19:59.545+0000][9044][gc,heap     ] GC(16) Old regions: 12->12
[2022-08-19T16:19:59.545+0000][9044][gc,heap     ] GC(16) Archive regions: 0->0
[2022-08-19T16:19:59.545+0000][9044][gc,heap     ] GC(16) Humongous regions: 2->2
[2022-08-19T16:19:59.545+0000][9044][gc,metaspace] GC(16) Metaspace: 113117K(114944K)->113117K(114944K) NonClass: 97602K(98688K)->97602K(98688K) Class: 15515K(16256K)->15515K(16256K)
[2022-08-19T16:19:59.545+0000][9044][gc          ] GC(16) Pause Young (Normal) (G1 Evacuation Pause) 760M->104M(3824M) 96.395ms
[2022-08-19T16:19:59.545+0000][9044][gc,cpu      ] GC(16) User=0.22s Sys=0.02s Real=0.10s
[2022-08-19T16:19:59.553+0000][9044][safepoint   ] Safepoint "G1CollectForAllocation", Time since last: 522852236 ns, Reaching safepoint: 50215 ns, At safepoint: 104402954 ns, Total: 104453169 ns
[2022-08-19T16:20:00.553+0000][9044][safepoint   ] Safepoint "Cleanup", Time since last: 1000048055 ns, Reaching safepoint: 188445 ns, At safepoint: 5399 ns, Total: 193844 ns
[2022-08-19T16:20:02.553+0000][9044][safepoint   ] Safepoint "Cleanup", Time since last: 1999810476 ns, Reaching safepoint: 118790 ns, At safepoint: 12419 ns, Total: 131209 ns
[2022-08-19T16:20:03.553+0000][9044][safepoint   ] Safepoint "Cleanup", Time since last: 1000066415 ns, Reaching safepoint: 58315 ns, At safepoint: 4319 ns, Total: 62634 ns
[2022-08-19T16:20:04.565+0000][9044][safepoint   ] Safepoint "Cleanup", Time since last: 1011844988 ns, Reaching safepoint: 121490 ns, At safepoint: 3779 ns, Total: 125269 ns
[2022-08-19T16:20:05.566+0000][9044][safepoint   ] Safepoint "Cleanup", Time since last: 1000133369 ns, Reaching safepoint: 93412 ns, At safepoint: 21599 ns, Total: 115011 ns
[2022-08-19T16:20:06.577+0000][9044][safepoint   ] Safepoint "Cleanup", Time since last: 1011893043 ns, Reaching safepoint: 64255 ns, At safepoint: 4319 ns, Total: 68574 ns
[2022-08-19T16:20:08.578+0000][9044][safepoint   ] Safepoint "Cleanup", Time since last: 1999940605 ns, Reaching safepoint: 80454 ns, At safepoint: 4859 ns, Total: 85313 ns
[2022-08-19T16:20:10.578+0000][9044][safepoint   ] Safepoint "Cleanup", Time since last: 2000095572 ns, Reaching safepoint: 127970 ns, At safepoint: 5939 ns, Total: 133909 ns
[2022-08-19T16:20:12.578+0000][9044][safepoint   ] Safepoint "Cleanup", Time since last: 1999907128 ns, Reaching safepoint: 99352 ns, At safepoint: 14038 ns, Total: 113390 ns
[2022-08-19T16:20:14.578+0000][9044][safepoint   ] Safepoint "Cleanup", Time since last: 2000015119 ns, Reaching safepoint: 84773 ns, At safepoint: 14039 ns, Total: 98812 ns
[2022-08-19T16:20:16.578+0000][9044][safepoint   ] Safepoint "Cleanup", Time since last: 2000004859 ns, Reaching safepoint: 183045 ns, At safepoint: 12959 ns, Total: 196004 ns
[2022-08-19T16:20:18.578+0000][9044][safepoint   ] Safepoint "Cleanup", Time since last: 1999909288 ns, Reaching safepoint: 98811 ns, At safepoint: 8640 ns, Total: 107451 ns
[2022-08-19T16:20:19.908+0000][9044][safepoint   ] Safepoint "Cleanup", Time since last: 1330190436 ns, Reaching safepoint: 109071 ns, At safepoint: 546434 ns, Total: 655505 ns
[2022-08-19T16:20:20.909+0000][9044][safepoint   ] Safepoint "Cleanup", Time since last: 1000183585 ns, Reaching safepoint: 93412 ns, At safepoint: 13499 ns, Total: 106911 ns
[2022-08-19T16:20:22.909+0000][9044][safepoint   ] Safepoint "Cleanup", Time since last: 2000101512 ns, Reaching safepoint: 108530 ns, At safepoint: 17279 ns, Total: 125809 ns
[2022-08-19T16:20:23.911+0000][9044][safepoint   ] Safepoint "Cleanup", Time since last: 1000926022 ns, Reaching safepoint: 77214 ns, At safepoint: 4860 ns, Total: 82074 ns
[2022-08-19T16:20:24.911+0000][9044][safepoint   ] Safepoint "Cleanup", Time since last: 1000025377 ns, Reaching safepoint: 95032 ns, At safepoint: 14579 ns, Total: 109611 ns
[2022-08-19T16:20:25.921+0000][9044][safepoint   ] Safepoint "Cleanup", Time since last: 1010394129 ns, Reaching safepoint: 132289 ns, At safepoint: 4860 ns, Total: 137149 ns
[2022-08-19T16:20:27.922+0000][9044][safepoint   ] Safepoint "Cleanup", Time since last: 2000842329 ns, Reaching safepoint: 106371 ns, At safepoint: 17819 ns, Total: 124190 ns
[2022-08-19T16:20:29.922+0000][9044][safepoint   ] Safepoint "Cleanup", Time since last: 1999984881 ns, Reaching safepoint: 113391 ns, At safepoint: 14039 ns, Total: 127430 ns
[2022-08-19T16:20:31.923+0000][9044][safepoint   ] Safepoint "Cleanup", Time since last: 2000857988 ns, Reaching safepoint: 163606 ns, At safepoint: 14039 ns, Total: 177645 ns
[2022-08-19T16:20:33.924+0000][9044][safepoint   ] Safepoint "Cleanup", Time since last: 2000869867 ns, Reaching safepoint: 76673 ns, At safepoint: 14579 ns, Total: 91252 ns
[2022-08-19T16:20:34.925+0000][9044][safepoint   ] Safepoint "Cleanup", Time since last: 1000451942 ns, Reaching safepoint: 70734 ns, At safepoint: 5940 ns, Total: 76674 ns
[2022-08-19T16:20:36.925+0000][9044][safepoint   ] Safepoint "Cleanup", Time since last: 2000374189 ns, Reaching safepoint: 86392 ns, At safepoint: 17279 ns, Total: 103671 ns
[2022-08-19T16:20:37.936+0000][9044][safepoint   ] Safepoint "Cleanup", Time since last: 1011065833 ns, Reaching safepoint: 106371 ns, At safepoint: 11879 ns, Total: 118250 ns
[2022-08-19T16:20:39.942+0000][9044][safepoint   ] Safepoint "Cleanup", Time since last: 2005592851 ns, Reaching safepoint: 204643 ns, At safepoint: 12959 ns, Total: 217602 ns
[2022-08-19T16:20:40.957+0000][9044][safepoint   ] Safepoint "Cleanup", Time since last: 1014850916 ns, Reaching safepoint: 109611 ns, At safepoint: 5939 ns, Total: 115550 ns
[2022-08-19T16:20:41.958+0000][9044][safepoint   ] Safepoint "Cleanup", Time since last: 1001129586 ns, Reaching safepoint: 79913 ns, At safepoint: 11879 ns, Total: 91792 ns
[2022-08-19T16:20:42.959+0000][9044][safepoint   ] Safepoint "Cleanup", Time since last: 1000646866 ns, Reaching safepoint: 109070 ns, At safepoint: 22139 ns, Total: 131209 ns
[2022-08-19T16:20:45.970+0000][9044][safepoint   ] Safepoint "Cleanup", Time since last: 3010519938 ns, Reaching safepoint: 118790 ns, At safepoint: 21599 ns, Total: 140389 ns
[2022-08-19T16:20:46.976+0000][9044][safepoint   ] Safepoint "Cleanup", Time since last: 1005890906 ns, Reaching safepoint: 75594 ns, At safepoint: 4319 ns, Total: 79913 ns
[2022-08-19T16:20:47.985+0000][9044][safepoint   ] Safepoint "Cleanup", Time since last: 1008600940 ns, Reaching safepoint: 87472 ns, At safepoint: 4860 ns, Total: 92332 ns
[2022-08-19T16:20:48.985+0000][9044][safepoint   ] Safepoint "Cleanup", Time since last: 1000338552 ns, Reaching safepoint: 109071 ns, At safepoint: 6479 ns, Total: 115550 ns
[2022-08-19T16:20:49.997+0000][9044][safepoint   ] Safepoint "Cleanup", Time since last: 1012224036 ns, Reaching safepoint: 141468 ns, At safepoint: 4860 ns, Total: 146328 ns
[2022-08-19T16:20:50.998+0000][9044][safepoint   ] Safepoint "Cleanup", Time since last: 1000170625 ns, Reaching safepoint: 67495 ns, At safepoint: 11879 ns, Total: 79374 ns
[2022-08-19T16:20:51.998+0000][9044][safepoint   ] Safepoint "Cleanup", Time since last: 1000661444 ns, Reaching safepoint: 85313 ns, At safepoint: 4860 ns, Total: 90173 ns
[2022-08-19T16:20:53.001+0000][9044][safepoint   ] Safepoint "Cleanup", Time since last: 1002404418 ns, Reaching safepoint: 72354 ns, At safepoint: 4860 ns, Total: 77214 ns
[2022-08-19T16:20:55.023+0000][9044][safepoint   ] Safepoint "Cleanup", Time since last: 2021866008 ns, Reaching safepoint: 97732 ns, At safepoint: 13498 ns, Total: 111230 ns
[2022-08-19T16:20:58.038+0000][9044][safepoint   ] Safepoint "Cleanup", Time since last: 3015008583 ns, Reaching safepoint: 98812 ns, At safepoint: 18358 ns, Total: 117170 ns
[2022-08-19T16:21:00.049+0000][9044][safepoint   ] Safepoint "Cleanup", Time since last: 2011266696 ns, Reaching safepoint: 127430 ns, At safepoint: 13499 ns, Total: 140929 ns
[2022-08-19T16:21:01.051+0000][9044][safepoint   ] Safepoint "Cleanup", Time since last: 1001304530 ns, Reaching safepoint: 109071 ns, At safepoint: 19438 ns, Total: 128509 ns
[2022-08-19T16:21:02.055+0000][9044][safepoint   ] Safepoint "Cleanup", Time since last: 1004340697 ns, Reaching safepoint: 73974 ns, At safepoint: 5399 ns, Total: 79373 ns
[2022-08-19T16:21:04.066+0000][9044][safepoint   ] Safepoint "Cleanup", Time since last: 2010301257 ns, Reaching safepoint: 86933 ns, At safepoint: 5399 ns, Total: 92332 ns
[2022-08-19T16:21:05.081+0000][9044][safepoint   ] Safepoint "Cleanup", Time since last: 1014984285 ns, Reaching safepoint: 63175 ns, At safepoint: 4319 ns, Total: 67494 ns
[2022-08-19T16:21:06.081+0000][9044][safepoint   ] Safepoint "Cleanup", Time since last: 1000210583 ns, Reaching safepoint: 73433 ns, At safepoint: 9180 ns, Total: 82613 ns
[2022-08-19T16:21:10.131+0000][9044][safepoint   ] Safepoint "Cleanup", Time since last: 4050231991 ns, Reaching safepoint: 94492 ns, At safepoint: 22679 ns, Total: 117171 ns
[2022-08-19T16:21:11.138+0000][9044][safepoint   ] Safepoint "Cleanup", Time since last: 1006711097 ns, Reaching safepoint: 65335 ns, At safepoint: 5399 ns, Total: 70734 ns
[2022-08-19T16:21:12.151+0000][9044][safepoint   ] Safepoint "Cleanup", Time since last: 1013371440 ns, Reaching safepoint: 80993 ns, At safepoint: 14579 ns, Total: 95572 ns
[2022-08-19T16:21:13.164+0000][9044][safepoint   ] Safepoint "Cleanup", Time since last: 1012826085 ns, Reaching safepoint: 110151 ns, At safepoint: 24298 ns, Total: 134449 ns
[2022-08-19T16:21:14.168+0000][9044][safepoint   ] Safepoint "Cleanup", Time since last: 1003404955 ns, Reaching safepoint: 96112 ns, At safepoint: 9719 ns, Total: 105831 ns
[2022-08-19T16:21:15.168+0000][9044][safepoint   ] Safepoint "Cleanup", Time since last: 1000102052 ns, Reaching safepoint: 95032 ns, At safepoint: 16198 ns, Total: 111230 ns
[2022-08-19T16:21:16.175+0000][9044][safepoint   ] Safepoint "Cleanup", Time since last: 1007164120 ns, Reaching safepoint: 62095 ns, At safepoint: 11339 ns, Total: 73434 ns
[2022-08-19T16:21:17.184+0000][9044][safepoint   ] Safepoint "Cleanup", Time since last: 1008580961 ns, Reaching safepoint: 79373 ns, At safepoint: 11339 ns, Total: 90712 ns
[2022-08-19T16:21:19.195+0000][9044][safepoint   ] Safepoint "Cleanup", Time since last: 2010732681 ns, Reaching safepoint: 69114 ns, At safepoint: 9180 ns, Total: 78294 ns
[2022-08-19T16:21:20.246+0000][9044][safepoint   ] Safepoint "Cleanup", Time since last: 1000419545 ns, Reaching safepoint: 215441 ns, At safepoint: 50586742 ns, Total: 50802183 ns
[2022-08-19T16:21:20.399+0000][9044][safepoint   ] Safepoint "ICBufferFull", Time since last: 148213803 ns, Reaching safepoint: 3061003 ns, At safepoint: 2377421 ns, Total: 5438424 ns
[2022-08-19T16:21:20.866+0000][9044][safepoint   ] Safepoint "ICBufferFull", Time since last: 466526855 ns, Reaching safepoint: 275917 ns, At safepoint: 9719 ns, Total: 285636 ns
[2022-08-19T16:21:22.866+0000][9044][safepoint   ] Safepoint "Cleanup", Time since last: 1999642550 ns, Reaching safepoint: 384447 ns, At safepoint: 14579 ns, Total: 399026 ns
[2022-08-19T16:21:24.867+0000][9044][safepoint   ] Safepoint "Cleanup", Time since last: 2000580992 ns, Reaching safepoint: 145247 ns, At safepoint: 14039 ns, Total: 159286 ns
[2022-08-19T16:21:25.881+0000][9044][safepoint   ] Safepoint "Cleanup", Time since last: 1013425975 ns, Reaching safepoint: 130129 ns, At safepoint: 12419 ns, Total: 142548 ns
[2022-08-19T16:21:27.889+0000][9044][safepoint   ] Safepoint "Cleanup", Time since last: 2007518331 ns, Reaching safepoint: 134448 ns, At safepoint: 540495 ns, Total: 674943 ns
[2022-08-19T16:21:29.890+0000][9044][safepoint   ] Safepoint "Cleanup", Time since last: 2000865008 ns, Reaching safepoint: 111770 ns, At safepoint: 3780 ns, Total: 115550 ns
[2022-08-19T16:21:31.890+0000][9044][safepoint   ] Safepoint "Cleanup", Time since last: 2000028617 ns, Reaching safepoint: 123110 ns, At safepoint: 16739 ns, Total: 139849 ns
[2022-08-19T16:21:33.893+0000][9044][safepoint   ] Safepoint "Cleanup", Time since last: 2001661981 ns, Reaching safepoint: 100431 ns, At safepoint: 942761 ns, Total: 1043192 ns
[2022-08-19T16:21:34.894+0000][9044][safepoint   ] Safepoint "Cleanup", Time since last: 1000644166 ns, Reaching safepoint: 121490 ns, At safepoint: 14039 ns, Total: 135529 ns
[2022-08-19T16:21:36.903+0000][9044][safepoint   ] Safepoint "Cleanup", Time since last: 2009090138 ns, Reaching safepoint: 155507 ns, At safepoint: 23218 ns, Total: 178725 ns
[2022-08-19T16:21:38.903+0000][9044][safepoint   ] Safepoint "Cleanup", Time since last: 2000216522 ns, Reaching safepoint: 85313 ns, At safepoint: 9179 ns, Total: 94492 ns
[2022-08-19T16:21:39.911+0000][9044][safepoint   ] Safepoint "Cleanup", Time since last: 1007636040 ns, Reaching safepoint: 81534 ns, At safepoint: 22138 ns, Total: 103672 ns
[2022-08-19T16:21:40.239+0000][9044][gc,start    ] GC(17) Pause Young (Normal) (G1 Evacuation Pause)
[2022-08-19T16:21:40.239+0000][9044][gc,task     ] GC(17) Using 4 workers of 4 for evacuation
[2022-08-19T16:21:40.239+0000][9044][gc,age      ] GC(17) Desired survivor size 44040192 bytes, new threshold 5 (max threshold 15)
[2022-08-19T16:21:40.351+0000][9044][gc,age      ] GC(17) Age table with threshold 5 (max threshold 15)
[2022-08-19T16:21:40.351+0000][9044][gc,age      ] GC(17) - age   1:    3476712 bytes,    3476712 total
[2022-08-19T16:21:40.351+0000][9044][gc,age      ] GC(17) - age   2:    9699264 bytes,   13175976 total
[2022-08-19T16:21:40.351+0000][9044][gc,age      ] GC(17) - age   3:    8823096 bytes,   21999072 total
[2022-08-19T16:21:40.351+0000][9044][gc,age      ] GC(17) - age   4:    1454904 bytes,   23453976 total
[2022-08-19T16:21:40.351+0000][9044][gc,age      ] GC(17) - age   5:   14828264 bytes,   38282240 total
[2022-08-19T16:21:40.351+0000][9044][gc,phases   ] GC(17)   Pre Evacuate Collection Set: 0.2ms
[2022-08-19T16:21:40.351+0000][9044][gc,phases   ] GC(17)   Merge Heap Roots: 0.2ms
[2022-08-19T16:21:40.351+0000][9044][gc,phases   ] GC(17)   Evacuate Collection Set: 94.3ms
[2022-08-19T16:21:40.352+0000][9044][gc,phases   ] GC(17)   Post Evacuate Collection Set: 3.9ms
[2022-08-19T16:21:40.352+0000][9044][gc,phases   ] GC(17)   Other: 0.7ms
[2022-08-19T16:21:40.352+0000][9044][gc,heap     ] GC(17) Eden regions: 151->0(465)
[2022-08-19T16:21:40.352+0000][9044][gc,heap     ] GC(17) Survivor regions: 13->11(21)
[2022-08-19T16:21:40.352+0000][9044][gc,heap     ] GC(17) Old regions: 12->14
[2022-08-19T16:21:40.352+0000][9044][gc,heap     ] GC(17) Archive regions: 0->0
[2022-08-19T16:21:40.352+0000][9044][gc,heap     ] GC(17) Humongous regions: 2->2
[2022-08-19T16:21:40.352+0000][9044][gc,metaspace] GC(17) Metaspace: 116531K(118336K)->116531K(118336K) NonClass: 100655K(101760K)->100655K(101760K) Class: 15876K(16576K)->15876K(16576K)
[2022-08-19T16:21:40.352+0000][9044][gc          ] GC(17) Pause Young (Normal) (G1 Evacuation Pause) 708M->104M(3824M) 99.729ms
[2022-08-19T16:21:40.352+0000][9044][gc,cpu      ] GC(17) User=0.19s Sys=0.02s Real=0.11s
[2022-08-19T16:21:40.352+0000][9044][safepoint   ] Safepoint "G1CollectForAllocation", Time since last: 341619659 ns, Reaching safepoint: 76673 ns, At safepoint: 100174568 ns, Total: 100251241 ns
[2022-08-19T16:21:41.355+0000][9044][safepoint   ] Safepoint "Cleanup", Time since last: 1002282929 ns, Reaching safepoint: 172245 ns, At safepoint: 9179 ns, Total: 181424 ns
[2022-08-19T16:21:43.367+0000][9044][safepoint   ] Safepoint "Cleanup", Time since last: 2010946503 ns, Reaching safepoint: 157667 ns, At safepoint: 43736 ns, Total: 201403 ns
[2022-08-19T16:21:44.367+0000][9044][safepoint   ] Safepoint "Cleanup", Time since last: 1000343952 ns, Reaching safepoint: 76673 ns, At safepoint: 24298 ns, Total: 100971 ns
[2022-08-19T16:21:46.367+0000][9044][safepoint   ] Safepoint "Cleanup", Time since last: 2000093412 ns, Reaching safepoint: 80454 ns, At safepoint: 4859 ns, Total: 85313 ns
[2022-08-19T16:21:47.367+0000][9044][safepoint   ] Safepoint "Cleanup", Time since last: 1000111231 ns, Reaching safepoint: 74514 ns, At safepoint: 12419 ns, Total: 86933 ns
[2022-08-19T16:21:48.368+0000][9044][safepoint   ] Safepoint "Cleanup", Time since last: 1000863387 ns, Reaching safepoint: 93412 ns, At safepoint: 4860 ns, Total: 98272 ns
[2022-08-19T16:21:49.369+0000][9044][safepoint   ] Safepoint "Cleanup", Time since last: 1000465981 ns, Reaching safepoint: 111771 ns, At safepoint: 12958 ns, Total: 124729 ns
[2022-08-19T16:21:50.369+0000][9044][safepoint   ] Safepoint "Cleanup", Time since last: 1000034018 ns, Reaching safepoint: 79373 ns, At safepoint: 13499 ns, Total: 92872 ns
[2022-08-19T16:21:51.370+0000][9044][safepoint   ] Safepoint "Cleanup", Time since last: 1000446002 ns, Reaching safepoint: 93953 ns, At safepoint: 18358 ns, Total: 112311 ns
[2022-08-19T16:21:52.376+0000][9044][safepoint   ] Safepoint "Cleanup", Time since last: 1006671681 ns, Reaching safepoint: 102052 ns, At safepoint: 22678 ns, Total: 124730 ns
[2022-08-19T16:21:53.377+0000][9044][safepoint   ] Safepoint "Cleanup", Time since last: 1000261338 ns, Reaching safepoint: 86933 ns, At safepoint: 14038 ns, Total: 100971 ns
[2022-08-19T16:21:54.378+0000][9044][safepoint   ] Safepoint "Cleanup", Time since last: 1001023755 ns, Reaching safepoint: 71813 ns, At safepoint: 14579 ns, Total: 86392 ns
[2022-08-19T16:21:58.395+0000][9044][safepoint   ] Safepoint "Cleanup", Time since last: 4016903824 ns, Reaching safepoint: 92872 ns, At safepoint: 62635 ns, Total: 155507 ns
[2022-08-19T16:21:59.409+0000][9044][safepoint   ] Safepoint "Cleanup", Time since last: 1013905995 ns, Reaching safepoint: 96652 ns, At safepoint: 12959 ns, Total: 109611 ns
[2022-08-19T16:22:01.410+0000][9044][safepoint   ] Safepoint "Cleanup", Time since last: 2000972998 ns, Reaching safepoint: 126350 ns, At safepoint: 22138 ns, Total: 148488 ns
[2022-08-19T16:22:03.418+0000][9044][safepoint   ] Safepoint "Cleanup", Time since last: 2007296949 ns, Reaching safepoint: 89092 ns, At safepoint: 4860 ns, Total: 93952 ns
[2022-08-19T16:22:04.418+0000][9044][safepoint   ] Safepoint "Cleanup", Time since last: 1000752697 ns, Reaching safepoint: 143088 ns, At safepoint: 4859 ns, Total: 147947 ns
[2022-08-19T16:22:05.424+0000][9044][safepoint   ] Safepoint "Cleanup", Time since last: 1005708402 ns, Reaching safepoint: 110691 ns, At safepoint: 21058 ns, Total: 131749 ns
[2022-08-19T16:22:06.425+0000][9044][safepoint   ] Safepoint "Cleanup", Time since last: 1000670624 ns, Reaching safepoint: 71814 ns, At safepoint: 4319 ns, Total: 76133 ns
[2022-08-19T16:22:07.426+0000][9044][safepoint   ] Safepoint "Cleanup", Time since last: 1000938442 ns, Reaching safepoint: 64794 ns, At safepoint: 14579 ns, Total: 79373 ns
[2022-08-19T16:22:09.427+0000][9044][safepoint   ] Safepoint "Cleanup", Time since last: 2000713820 ns, Reaching safepoint: 66955 ns, At safepoint: 13498 ns, Total: 80453 ns
[2022-08-19T16:22:11.433+0000][9044][safepoint   ] Safepoint "Cleanup", Time since last: 2005739720 ns, Reaching safepoint: 71814 ns, At safepoint: 14038 ns, Total: 85852 ns
[2022-08-19T16:22:12.434+0000][9044][safepoint   ] Safepoint "Cleanup", Time since last: 1000752157 ns, Reaching safepoint: 63715 ns, At safepoint: 5940 ns, Total: 69655 ns
[2022-08-19T16:22:13.434+0000][9044][safepoint   ] Safepoint "Cleanup", Time since last: 1000562093 ns, Reaching safepoint: 70194 ns, At safepoint: 5399 ns, Total: 75593 ns
[2022-08-19T16:22:15.434+0000][9044][safepoint   ] Safepoint "Cleanup", Time since last: 2000054536 ns, Reaching safepoint: 81533 ns, At safepoint: 14039 ns, Total: 95572 ns
[2022-08-19T16:22:17.434+0000][9044][safepoint   ] Safepoint "Cleanup", Time since last: 2000093952 ns, Reaching safepoint: 131749 ns, At safepoint: 12419 ns, Total: 144168 ns
[2022-08-19T16:22:19.435+0000][9044][safepoint   ] Safepoint "Cleanup", Time since last: 1999907127 ns, Reaching safepoint: 95033 ns, At safepoint: 14038 ns, Total: 109071 ns
[2022-08-19T16:22:21.435+0000][9044][safepoint   ] Safepoint "Cleanup", Time since last: 1999971923 ns, Reaching safepoint: 69114 ns, At safepoint: 4859 ns, Total: 73973 ns
[2022-08-19T16:22:22.435+0000][9044][safepoint   ] Safepoint "Cleanup", Time since last: 1000075054 ns, Reaching safepoint: 84773 ns, At safepoint: 13499 ns, Total: 98272 ns
[2022-08-19T16:22:24.436+0000][9044][safepoint   ] Safepoint "Cleanup", Time since last: 2000925482 ns, Reaching safepoint: 64795 ns, At safepoint: 3780 ns, Total: 68575 ns
[2022-08-19T16:22:26.436+0000][9044][safepoint   ] Safepoint "Cleanup", Time since last: 2000103131 ns, Reaching safepoint: 117170 ns, At safepoint: 6480 ns, Total: 123650 ns
[2022-08-19T16:22:28.436+0000][9044][safepoint   ] Safepoint "Cleanup", Time since last: 2000036717 ns, Reaching safepoint: 170625 ns, At safepoint: 12959 ns, Total: 183584 ns
[2022-08-19T16:22:29.437+0000][9044][safepoint   ] Safepoint "Cleanup", Time since last: 1000812632 ns, Reaching safepoint: 71814 ns, At safepoint: 11879 ns, Total: 83693 ns
[2022-08-19T16:22:30.438+0000][9044][safepoint   ] Safepoint "Cleanup", Time since last: 1000532396 ns, Reaching safepoint: 77213 ns, At safepoint: 18359 ns, Total: 95572 ns
[2022-08-19T16:22:31.438+0000][9044][safepoint   ] Safepoint "Cleanup", Time since last: 1000518356 ns, Reaching safepoint: 95572 ns, At safepoint: 12419 ns, Total: 107991 ns
[2022-08-19T16:22:32.439+0000][9044][safepoint   ] Safepoint "Cleanup", Time since last: 1000315874 ns, Reaching safepoint: 103671 ns, At safepoint: 7559 ns, Total: 111230 ns
[2022-08-19T16:22:34.439+0000][9044][safepoint   ] Safepoint "Cleanup", Time since last: 2000508098 ns, Reaching safepoint: 71274 ns, At safepoint: 14039 ns, Total: 85313 ns
[2022-08-19T16:22:35.440+0000][9044][safepoint   ] Safepoint "Cleanup", Time since last: 1000869867 ns, Reaching safepoint: 76673 ns, At safepoint: 14039 ns, Total: 90712 ns
[2022-08-19T16:22:36.773+0000][9044][safepoint   ] Safepoint "Cleanup", Time since last: 1332882651 ns, Reaching safepoint: 191684 ns, At safepoint: 12419 ns, Total: 204103 ns
[2022-08-19T16:22:38.774+0000][9044][safepoint   ] Safepoint "Cleanup", Time since last: 2000930882 ns, Reaching safepoint: 78294 ns, At safepoint: 26997 ns, Total: 105291 ns
[2022-08-19T16:22:41.776+0000][9044][safepoint   ] Safepoint "Cleanup", Time since last: 3001742974 ns, Reaching safepoint: 88553 ns, At safepoint: 14039 ns, Total: 102592 ns
[2022-08-19T16:22:43.777+0000][9044][safepoint   ] Safepoint "Cleanup", Time since last: 2000416305 ns, Reaching safepoint: 84233 ns, At safepoint: 18898 ns, Total: 103131 ns
[2022-08-19T16:22:46.806+0000][9044][safepoint   ] Safepoint "Cleanup", Time since last: 3029121920 ns, Reaching safepoint: 63175 ns, At safepoint: 12419 ns, Total: 75594 ns
[2022-08-19T16:22:47.807+0000][9044][safepoint   ] Safepoint "Cleanup", Time since last: 1000834230 ns, Reaching safepoint: 79913 ns, At safepoint: 5400 ns, Total: 85313 ns
[2022-08-19T16:22:48.808+0000][9044][safepoint   ] Safepoint "Cleanup", Time since last: 1000771595 ns, Reaching safepoint: 61015 ns, At safepoint: 4860 ns, Total: 65875 ns
[2022-08-19T16:22:49.809+0000][9044][safepoint   ] Safepoint "Cleanup", Time since last: 1000836930 ns, Reaching safepoint: 76133 ns, At safepoint: 12419 ns, Total: 88552 ns
[2022-08-19T16:22:52.847+0000][9044][safepoint   ] Safepoint "Cleanup", Time since last: 3037847049 ns, Reaching safepoint: 85853 ns, At safepoint: 16199 ns, Total: 102052 ns
[2022-08-19T16:22:53.852+0000][9044][safepoint   ] Safepoint "Cleanup", Time since last: 1004928707 ns, Reaching safepoint: 71814 ns, At safepoint: 16738 ns, Total: 88552 ns
[2022-08-19T16:22:55.856+0000][9044][safepoint   ] Safepoint "Cleanup", Time since last: 2003952469 ns, Reaching safepoint: 85853 ns, At safepoint: 16739 ns, Total: 102592 ns
[2022-08-19T16:22:56.856+0000][9044][safepoint   ] Safepoint "Cleanup", Time since last: 1000177105 ns, Reaching safepoint: 106371 ns, At safepoint: 9719 ns, Total: 116090 ns
[2022-08-19T16:22:57.858+0000][9044][safepoint   ] Safepoint "Cleanup", Time since last: 1001740814 ns, Reaching safepoint: 78834 ns, At safepoint: 14578 ns, Total: 93412 ns
[2022-08-19T16:22:59.053+0000][9044][safepoint   ] Safepoint "Cleanup", Time since last: 1194605096 ns, Reaching safepoint: 71814 ns, At safepoint: 4860 ns, Total: 76674 ns
[2022-08-19T16:23:00.053+0000][9044][safepoint   ] Safepoint "Cleanup", Time since last: 1000217062 ns, Reaching safepoint: 64794 ns, At safepoint: 4320 ns, Total: 69114 ns
[2022-08-19T16:23:01.055+0000][9044][safepoint   ] Safepoint "Cleanup", Time since last: 1002386600 ns, Reaching safepoint: 74514 ns, At safepoint: 6479 ns, Total: 80993 ns
[2022-08-19T16:23:03.073+0000][9044][safepoint   ] Safepoint "Cleanup", Time since last: 2017415161 ns, Reaching safepoint: 96652 ns, At safepoint: 7560 ns, Total: 104212 ns
[2022-08-19T16:23:05.074+0000][9044][safepoint   ] Safepoint "Cleanup", Time since last: 2000741897 ns, Reaching safepoint: 95033 ns, At safepoint: 5939 ns, Total: 100972 ns
[2022-08-19T16:23:06.074+0000][9044][safepoint   ] Safepoint "Cleanup", Time since last: 1000508097 ns, Reaching safepoint: 164147 ns, At safepoint: 17278 ns, Total: 181425 ns
[2022-08-19T16:23:07.080+0000][9044][safepoint   ] Safepoint "Cleanup", Time since last: 1005472442 ns, Reaching safepoint: 72354 ns, At safepoint: 5399 ns, Total: 77753 ns
[2022-08-19T16:23:10.088+0000][9044][safepoint   ] Safepoint "Cleanup", Time since last: 3008395757 ns, Reaching safepoint: 56695 ns, At safepoint: 11339 ns, Total: 68034 ns
[2022-08-19T16:23:11.104+0000][9044][safepoint   ] Safepoint "Cleanup", Time since last: 1015884389 ns, Reaching safepoint: 109071 ns, At safepoint: 8099 ns, Total: 117170 ns
[2022-08-19T16:23:12.117+0000][9044][safepoint   ] Safepoint "Cleanup", Time since last: 1012643041 ns, Reaching safepoint: 49676 ns, At safepoint: 3780 ns, Total: 53456 ns
[2022-08-19T16:23:13.118+0000][9044][safepoint   ] Safepoint "Cleanup", Time since last: 1000529155 ns, Reaching safepoint: 83693 ns, At safepoint: 19979 ns, Total: 103672 ns
[2022-08-19T16:23:14.118+0000][9044][safepoint   ] Safepoint "Cleanup", Time since last: 1000265118 ns, Reaching safepoint: 163606 ns, At safepoint: 17278 ns, Total: 180884 ns
[2022-08-19T16:23:15.119+0000][9044][safepoint   ] Safepoint "Cleanup", Time since last: 1000404966 ns, Reaching safepoint: 113391 ns, At safepoint: 9719 ns, Total: 123110 ns
[2022-08-19T16:23:17.126+0000][9044][safepoint   ] Safepoint "Cleanup", Time since last: 2007425998 ns, Reaching safepoint: 137688 ns, At safepoint: 5940 ns, Total: 143628 ns
[2022-08-19T16:23:19.137+0000][9044][safepoint   ] Safepoint "Cleanup", Time since last: 2010647908 ns, Reaching safepoint: 68034 ns, At safepoint: 8639 ns, Total: 76673 ns
[2022-08-19T16:23:20.150+0000][9044][safepoint   ] Safepoint "Cleanup", Time since last: 1013118201 ns, Reaching safepoint: 113391 ns, At safepoint: 5939 ns, Total: 119330 ns
[2022-08-19T16:23:21.151+0000][9044][safepoint   ] Safepoint "Cleanup", Time since last: 1000319654 ns, Reaching safepoint: 62094 ns, At safepoint: 10799 ns, Total: 72893 ns
[2022-08-19T16:23:22.163+0000][9044][safepoint   ] Safepoint "Cleanup", Time since last: 1012219177 ns, Reaching safepoint: 70734 ns, At safepoint: 12959 ns, Total: 83693 ns
[2022-08-19T16:23:23.163+0000][9044][safepoint   ] Safepoint "Cleanup", Time since last: 1000326672 ns, Reaching safepoint: 66415 ns, At safepoint: 4859 ns, Total: 71274 ns
[2022-08-19T16:23:24.174+0000][9044][safepoint   ] Safepoint "Cleanup", Time since last: 1010492401 ns, Reaching safepoint: 91253 ns, At safepoint: 15119 ns, Total: 106372 ns
[2022-08-19T16:23:26.174+0000][9044][safepoint   ] Safepoint "Cleanup", Time since last: 2000147407 ns, Reaching safepoint: 92332 ns, At safepoint: 14039 ns, Total: 106371 ns
[2022-08-19T16:23:27.174+0000][9044][safepoint   ] Safepoint "Cleanup", Time since last: 1000247299 ns, Reaching safepoint: 80994 ns, At safepoint: 4319 ns, Total: 85313 ns
[2022-08-19T16:23:28.175+0000][9044][safepoint   ] Safepoint "Cleanup", Time since last: 1000611769 ns, Reaching safepoint: 78294 ns, At safepoint: 13498 ns, Total: 91792 ns
[2022-08-19T16:23:29.176+0000][9044][safepoint   ] Safepoint "Cleanup", Time since last: 1000855289 ns, Reaching safepoint: 62635 ns, At safepoint: 16738 ns, Total: 79373 ns
[2022-08-19T16:23:30.177+0000][9044][safepoint   ] Safepoint "Cleanup", Time since last: 1000687903 ns, Reaching safepoint: 72893 ns, At safepoint: 11339 ns, Total: 84232 ns
[2022-08-19T16:23:31.177+0000][9044][safepoint   ] Safepoint "Cleanup", Time since last: 1000426025 ns, Reaching safepoint: 142008 ns, At safepoint: 29697 ns, Total: 171705 ns
[2022-08-19T16:23:34.180+0000][9044][safepoint   ] Safepoint "Cleanup", Time since last: 3002701394 ns, Reaching safepoint: 51296 ns, At safepoint: 6479 ns, Total: 57775 ns
[2022-08-19T16:23:35.181+0000][9044][safepoint   ] Safepoint "Cleanup", Time since last: 1000406586 ns, Reaching safepoint: 62635 ns, At safepoint: 12419 ns, Total: 75054 ns
[2022-08-19T16:23:38.190+0000][9044][safepoint   ] Safepoint "Cleanup", Time since last: 3009563679 ns, Reaching safepoint: 77213 ns, At safepoint: 5940 ns, Total: 83153 ns
[2022-08-19T16:23:39.194+0000][9044][safepoint   ] Safepoint "Cleanup", Time since last: 1003798041 ns, Reaching safepoint: 60475 ns, At safepoint: 12419 ns, Total: 72894 ns
[2022-08-19T16:23:40.194+0000][9044][safepoint   ] Safepoint "Cleanup", Time since last: 1000217062 ns, Reaching safepoint: 65335 ns, At safepoint: 17278 ns, Total: 82613 ns
[2022-08-19T16:23:41.195+0000][9044][safepoint   ] Safepoint "Cleanup", Time since last: 1000607449 ns, Reaching safepoint: 71274 ns, At safepoint: 16199 ns, Total: 87473 ns
[2022-08-19T16:23:43.205+0000][9044][safepoint   ] Safepoint "Cleanup", Time since last: 2009906010 ns, Reaching safepoint: 113391 ns, At safepoint: 5399 ns, Total: 118790 ns
[2022-08-19T16:23:47.222+0000][9044][safepoint   ] Safepoint "Cleanup", Time since last: 4016971318 ns, Reaching safepoint: 96652 ns, At safepoint: 23758 ns, Total: 120410 ns
[2022-08-19T16:23:48.223+0000][9044][safepoint   ] Safepoint "Cleanup", Time since last: 1000300215 ns, Reaching safepoint: 56155 ns, At safepoint: 11879 ns, Total: 68034 ns
[2022-08-19T16:23:49.224+0000][9044][safepoint   ] Safepoint "Cleanup", Time since last: 1000714360 ns, Reaching safepoint: 72354 ns, At safepoint: 16199 ns, Total: 88553 ns
[2022-08-19T16:23:50.239+0000][9044][safepoint   ] Safepoint "Cleanup", Time since last: 1015408149 ns, Reaching safepoint: 56695 ns, At safepoint: 11879 ns, Total: 68574 ns
[2022-08-19T16:23:51.243+0000][9044][safepoint   ] Safepoint "Cleanup", Time since last: 1003823960 ns, Reaching safepoint: 78833 ns, At safepoint: 11879 ns, Total: 90712 ns
[2022-08-19T16:23:52.243+0000][9044][safepoint   ] Safepoint "Cleanup", Time since last: 1000250539 ns, Reaching safepoint: 74514 ns, At safepoint: 11879 ns, Total: 86393 ns
[2022-08-19T16:23:53.243+0000][9044][safepoint   ] Safepoint "Cleanup", Time since last: 1000074514 ns, Reaching safepoint: 91252 ns, At safepoint: 14579 ns, Total: 105831 ns
[2022-08-19T16:23:58.264+0000][9044][safepoint   ] Safepoint "Cleanup", Time since last: 5020692146 ns, Reaching safepoint: 68575 ns, At safepoint: 15119 ns, Total: 83694 ns
[2022-08-19T16:23:59.269+0000][9044][safepoint   ] Safepoint "Cleanup", Time since last: 1004442207 ns, Reaching safepoint: 64795 ns, At safepoint: 5939 ns, Total: 70734 ns
[2022-08-19T16:24:00.282+0000][9044][safepoint   ] Safepoint "Cleanup", Time since last: 1013066366 ns, Reaching safepoint: 78293 ns, At safepoint: 12959 ns, Total: 91252 ns
[2022-08-19T16:24:01.290+0000][9044][safepoint   ] Safepoint "Cleanup", Time since last: 1008033447 ns, Reaching safepoint: 69654 ns, At safepoint: 5940 ns, Total: 75594 ns
[2022-08-19T16:24:03.296+0000][9044][safepoint   ] Safepoint "Cleanup", Time since last: 2005484860 ns, Reaching safepoint: 204643 ns, At safepoint: 95572 ns, Total: 300215 ns
[2022-08-19T16:24:04.307+0000][9044][safepoint   ] Safepoint "Cleanup", Time since last: 1011483218 ns, Reaching safepoint: 62635 ns, At safepoint: 12419 ns, Total: 75054 ns
[2022-08-19T16:24:05.308+0000][9044][safepoint   ] Safepoint "Cleanup", Time since last: 1000421164 ns, Reaching safepoint: 64255 ns, At safepoint: 14579 ns, Total: 78834 ns
[2022-08-19T16:24:07.313+0000][9044][safepoint   ] Safepoint "Cleanup", Time since last: 2004724064 ns, Reaching safepoint: 75054 ns, At safepoint: 15658 ns, Total: 90712 ns
[2022-08-19T16:24:10.317+0000][9044][safepoint   ] Safepoint "Cleanup", Time since last: 3004379033 ns, Reaching safepoint: 58856 ns, At safepoint: 5939 ns, Total: 64795 ns
[2022-08-19T16:24:11.318+0000][9044][safepoint   ] Safepoint "Cleanup", Time since last: 1000898485 ns, Reaching safepoint: 73434 ns, At safepoint: 5939 ns, Total: 79373 ns
[2022-08-19T16:24:13.326+0000][9044][safepoint   ] Safepoint "Cleanup", Time since last: 2008302345 ns, Reaching safepoint: 85312 ns, At safepoint: 14039 ns, Total: 99351 ns
[2022-08-19T16:24:15.327+0000][9044][safepoint   ] Safepoint "Cleanup", Time since last: 2000826131 ns, Reaching safepoint: 78293 ns, At safepoint: 7560 ns, Total: 85853 ns
[2022-08-19T16:24:16.336+0000][9044][safepoint   ] Safepoint "Cleanup", Time since last: 1008661954 ns, Reaching safepoint: 69114 ns, At safepoint: 4860 ns, Total: 73974 ns
[2022-08-19T16:24:18.352+0000][9044][safepoint   ] Safepoint "Cleanup", Time since last: 2015881689 ns, Reaching safepoint: 77754 ns, At safepoint: 8639 ns, Total: 86393 ns
[2022-08-19T16:24:19.364+0000][9044][safepoint   ] Safepoint "Cleanup", Time since last: 1011786673 ns, Reaching safepoint: 67494 ns, At safepoint: 27538 ns, Total: 95032 ns
[2022-08-19T16:24:21.369+0000][9044][safepoint   ] Safepoint "Cleanup", Time since last: 2004681947 ns, Reaching safepoint: 74514 ns, At safepoint: 10799 ns, Total: 85313 ns
[2022-08-19T16:24:22.372+0000][9044][safepoint   ] Safepoint "Cleanup", Time since last: 1003110680 ns, Reaching safepoint: 69654 ns, At safepoint: 12959 ns, Total: 82613 ns
[2022-08-19T16:24:23.373+0000][9044][safepoint   ] Safepoint "Cleanup", Time since last: 1000639306 ns, Reaching safepoint: 104751 ns, At safepoint: 5940 ns, Total: 110691 ns
[2022-08-19T16:24:27.392+0000][9044][safepoint   ] Safepoint "Cleanup", Time since last: 4019545822 ns, Reaching safepoint: 70734 ns, At safepoint: 5400 ns, Total: 76134 ns
[2022-08-19T16:24:29.405+0000][9044][safepoint   ] Safepoint "Cleanup", Time since last: 2013071765 ns, Reaching safepoint: 73974 ns, At safepoint: 3779 ns, Total: 77753 ns
[2022-08-19T16:24:30.417+0000][9044][safepoint   ] Safepoint "Cleanup", Time since last: 1011876305 ns, Reaching safepoint: 86933 ns, At safepoint: 3780 ns, Total: 90713 ns
[2022-08-19T16:24:31.419+0000][9044][safepoint   ] Safepoint "Cleanup", Time since last: 1000933042 ns, Reaching safepoint: 124189 ns, At safepoint: 12959 ns, Total: 137148 ns
[2022-08-19T16:24:34.435+0000][9044][safepoint   ] Safepoint "Cleanup", Time since last: 3016209442 ns, Reaching safepoint: 54536 ns, At safepoint: 5939 ns, Total: 60475 ns
[2022-08-19T16:24:36.445+0000][9044][safepoint   ] Safepoint "Cleanup", Time since last: 2009679229 ns, Reaching safepoint: 75054 ns, At safepoint: 109611 ns, Total: 184665 ns
[2022-08-19T16:24:37.451+0000][9044][safepoint   ] Safepoint "Cleanup", Time since last: 1006307211 ns, Reaching safepoint: 69654 ns, At safepoint: 16739 ns, Total: 86393 ns
[2022-08-19T16:24:38.451+0000][9044][safepoint   ] Safepoint "Cleanup", Time since last: 1000113390 ns, Reaching safepoint: 129590 ns, At safepoint: 4859 ns, Total: 134449 ns
[2022-08-19T16:24:39.459+0000][9044][safepoint   ] Safepoint "Cleanup", Time since last: 1007860122 ns, Reaching safepoint: 71814 ns, At safepoint: 11879 ns, Total: 83693 ns
[2022-08-19T16:24:40.468+0000][9044][safepoint   ] Safepoint "Cleanup", Time since last: 1009022644 ns, Reaching safepoint: 171165 ns, At safepoint: 5400 ns, Total: 176565 ns
[2022-08-19T16:24:41.481+0000][9044][safepoint   ] Safepoint "Cleanup", Time since last: 1012780729 ns, Reaching safepoint: 68574 ns, At safepoint: 12419 ns, Total: 80993 ns
[2022-08-19T16:24:42.482+0000][9044][safepoint   ] Safepoint "Cleanup", Time since last: 1000153348 ns, Reaching safepoint: 82613 ns, At safepoint: 7559 ns, Total: 90172 ns
[2022-08-19T16:24:43.482+0000][9044][safepoint   ] Safepoint "Cleanup", Time since last: 1000432504 ns, Reaching safepoint: 79373 ns, At safepoint: 14039 ns, Total: 93412 ns
[2022-08-19T16:24:44.482+0000][9044][safepoint   ] Safepoint "Cleanup", Time since last: 1000181425 ns, Reaching safepoint: 79913 ns, At safepoint: 12419 ns, Total: 92332 ns
[2022-08-19T16:24:45.491+0000][9044][safepoint   ] Safepoint "Cleanup", Time since last: 1008734308 ns, Reaching safepoint: 68035 ns, At safepoint: 14578 ns, Total: 82613 ns
[2022-08-19T16:24:46.503+0000][9044][safepoint   ] Safepoint "Cleanup", Time since last: 1012154922 ns, Reaching safepoint: 179265 ns, At safepoint: 5400 ns, Total: 184665 ns
[2022-08-19T16:24:47.514+0000][9044][safepoint   ] Safepoint "Cleanup", Time since last: 1010190566 ns, Reaching safepoint: 79373 ns, At safepoint: 10799 ns, Total: 90172 ns
[2022-08-19T16:24:48.520+0000][9044][safepoint   ] Safepoint "Cleanup", Time since last: 1006044794 ns, Reaching safepoint: 62095 ns, At safepoint: 19438 ns, Total: 81533 ns
[2022-08-19T16:24:49.520+0000][9044][safepoint   ] Safepoint "Cleanup", Time since last: 1000054535 ns, Reaching safepoint: 105292 ns, At safepoint: 4859 ns, Total: 110151 ns
[2022-08-19T16:24:50.521+0000][9044][safepoint   ] Safepoint "Cleanup", Time since last: 1000975158 ns, Reaching safepoint: 113931 ns, At safepoint: 17818 ns, Total: 131749 ns
[2022-08-19T16:24:51.662+0000][9044][safepoint   ] Safepoint "Cleanup", Time since last: 1140610160 ns, Reaching safepoint: 200863 ns, At safepoint: 11879 ns, Total: 212742 ns
[2022-08-19T16:24:52.670+0000][9044][safepoint   ] Safepoint "Cleanup", Time since last: 1008410876 ns, Reaching safepoint: 74513 ns, At safepoint: 13499 ns, Total: 88012 ns
[2022-08-19T16:24:54.694+0000][9044][safepoint   ] Safepoint "Cleanup", Time since last: 2023956173 ns, Reaching safepoint: 65335 ns, At safepoint: 5399 ns, Total: 70734 ns
[2022-08-19T16:24:55.703+0000][9044][safepoint   ] Safepoint "Cleanup", Time since last: 1008671674 ns, Reaching safepoint: 71814 ns, At safepoint: 13499 ns, Total: 85313 ns
[2022-08-19T16:24:56.704+0000][9044][safepoint   ] Safepoint "Cleanup", Time since last: 1000522676 ns, Reaching safepoint: 79913 ns, At safepoint: 5400 ns, Total: 85313 ns
[2022-08-19T16:24:57.704+0000][9044][safepoint   ] Safepoint "Cleanup", Time since last: 1000024298 ns, Reaching safepoint: 60475 ns, At safepoint: 4319 ns, Total: 64794 ns
[2022-08-19T16:24:59.709+0000][9044][safepoint   ] Safepoint "Cleanup", Time since last: 2005177626 ns, Reaching safepoint: 66415 ns, At safepoint: 7019 ns, Total: 73434 ns
[2022-08-19T16:25:00.710+0000][9044][safepoint   ] Safepoint "Cleanup", Time since last: 1000272137 ns, Reaching safepoint: 61015 ns, At safepoint: 12419 ns, Total: 73434 ns
[2022-08-19T16:25:01.710+0000][9044][safepoint   ] Safepoint "Cleanup", Time since last: 1000630667 ns, Reaching safepoint: 78834 ns, At safepoint: 12419 ns, Total: 91253 ns
[2022-08-19T16:25:02.720+0000][9044][safepoint   ] Safepoint "Cleanup", Time since last: 1009840675 ns, Reaching safepoint: 95572 ns, At safepoint: 11879 ns, Total: 107451 ns
[2022-08-19T16:25:03.721+0000][9044][safepoint   ] Safepoint "Cleanup", Time since last: 1000963820 ns, Reaching safepoint: 57235 ns, At safepoint: 6479 ns, Total: 63714 ns
[2022-08-19T16:25:04.722+0000][9044][safepoint   ] Safepoint "Cleanup", Time since last: 1000639307 ns, Reaching safepoint: 167386 ns, At safepoint: 12419 ns, Total: 179805 ns
[2022-08-19T16:25:05.723+0000][9044][safepoint   ] Safepoint "Cleanup", Time since last: 1000378508 ns, Reaching safepoint: 71814 ns, At safepoint: 13499 ns, Total: 85313 ns
[2022-08-19T16:25:06.738+0000][9044][safepoint   ] Safepoint "Cleanup", Time since last: 1015432447 ns, Reaching safepoint: 70194 ns, At safepoint: 20518 ns, Total: 90712 ns
[2022-08-19T16:25:07.750+0000][9044][safepoint   ] Safepoint "Cleanup", Time since last: 1011636565 ns, Reaching safepoint: 58855 ns, At safepoint: 12959 ns, Total: 71814 ns
[2022-08-19T16:25:08.753+0000][9044][safepoint   ] Safepoint "Cleanup", Time since last: 1003118779 ns, Reaching safepoint: 72354 ns, At safepoint: 18358 ns, Total: 90712 ns
[2022-08-19T16:25:10.758+0000][9044][safepoint   ] Safepoint "Cleanup", Time since last: 2005193825 ns, Reaching safepoint: 37257 ns, At safepoint: 4320 ns, Total: 41577 ns
[2022-08-19T16:25:12.779+0000][9044][safepoint   ] Safepoint "Cleanup", Time since last: 2020920547 ns, Reaching safepoint: 66415 ns, At safepoint: 11879 ns, Total: 78294 ns
[2022-08-19T16:25:13.782+0000][9044][safepoint   ] Safepoint "Cleanup", Time since last: 1003146856 ns, Reaching safepoint: 85313 ns, At safepoint: 4319 ns, Total: 89632 ns
[2022-08-19T16:25:14.789+0000][9044][safepoint   ] Safepoint "Cleanup", Time since last: 1006356888 ns, Reaching safepoint: 62635 ns, At safepoint: 12418 ns, Total: 75053 ns
[2022-08-19T16:25:15.803+0000][9044][safepoint   ] Safepoint "Cleanup", Time since last: 1014183532 ns, Reaching safepoint: 56156 ns, At safepoint: 5399 ns, Total: 61555 ns
[2022-08-19T16:25:16.814+0000][9044][safepoint   ] Safepoint "Cleanup", Time since last: 1010950823 ns, Reaching safepoint: 68034 ns, At safepoint: 18358 ns, Total: 86392 ns
[2022-08-19T16:25:17.815+0000][9044][safepoint   ] Safepoint "Cleanup", Time since last: 1000610689 ns, Reaching safepoint: 65335 ns, At safepoint: 12419 ns, Total: 77754 ns
[2022-08-19T16:25:19.817+0000][9044][safepoint   ] Safepoint "Cleanup", Time since last: 2002239732 ns, Reaching safepoint: 66414 ns, At safepoint: 12419 ns, Total: 78833 ns
[2022-08-19T16:25:21.827+0000][9044][safepoint   ] Safepoint "Cleanup", Time since last: 2010026420 ns, Reaching safepoint: 53456 ns, At safepoint: 3240 ns, Total: 56696 ns
[2022-08-19T16:25:22.831+0000][9044][safepoint   ] Safepoint "Cleanup", Time since last: 1003822879 ns, Reaching safepoint: 65335 ns, At safepoint: 14579 ns, Total: 79914 ns
[2022-08-19T16:25:24.853+0000][9044][safepoint   ] Safepoint "Cleanup", Time since last: 2021572272 ns, Reaching safepoint: 59935 ns, At safepoint: 11879 ns, Total: 71814 ns
[2022-08-19T16:25:25.858+0000][9044][safepoint   ] Safepoint "Cleanup", Time since last: 1005256460 ns, Reaching safepoint: 119330 ns, At safepoint: 13499 ns, Total: 132829 ns
[2022-08-19T16:25:26.860+0000][9044][safepoint   ] Safepoint "Cleanup", Time since last: 1001728395 ns, Reaching safepoint: 70194 ns, At safepoint: 5400 ns, Total: 75594 ns
[2022-08-19T16:25:27.873+0000][9044][safepoint   ] Safepoint "Cleanup", Time since last: 1012765610 ns, Reaching safepoint: 77754 ns, At safepoint: 5939 ns, Total: 83693 ns
[2022-08-19T16:25:29.896+0000][9044][safepoint   ] Safepoint "Cleanup", Time since last: 2022885443 ns, Reaching safepoint: 60475 ns, At safepoint: 12419 ns, Total: 72894 ns
[2022-08-19T16:25:30.905+0000][9044][safepoint   ] Safepoint "Cleanup", Time since last: 1008824480 ns, Reaching safepoint: 78294 ns, At safepoint: 11879 ns, Total: 90173 ns
[2022-08-19T16:25:31.910+0000][9044][safepoint   ] Safepoint "Cleanup", Time since last: 1005667365 ns, Reaching safepoint: 66415 ns, At safepoint: 11338 ns, Total: 77753 ns
[2022-08-19T16:25:32.914+0000][9044][safepoint   ] Safepoint "Cleanup", Time since last: 1003774284 ns, Reaching safepoint: 68035 ns, At safepoint: 13499 ns, Total: 81534 ns
[2022-08-19T16:25:34.919+0000][9044][safepoint   ] Safepoint "Cleanup", Time since last: 2004794798 ns, Reaching safepoint: 59395 ns, At safepoint: 14039 ns, Total: 73434 ns
[2022-08-19T16:25:35.927+0000][9044][safepoint   ] Safepoint "Cleanup", Time since last: 1008113900 ns, Reaching safepoint: 69654 ns, At safepoint: 5400 ns, Total: 75054 ns
[2022-08-19T16:25:38.935+0000][9044][safepoint   ] Safepoint "Cleanup", Time since last: 3008050185 ns, Reaching safepoint: 99352 ns, At safepoint: 8099 ns, Total: 107451 ns
[2022-08-19T16:25:40.943+0000][9044][safepoint   ] Safepoint "Cleanup", Time since last: 2007120384 ns, Reaching safepoint: 62094 ns, At safepoint: 14039 ns, Total: 76133 ns
[2022-08-19T16:25:41.947+0000][9044][safepoint   ] Safepoint "Cleanup", Time since last: 1004542100 ns, Reaching safepoint: 63174 ns, At safepoint: 6480 ns, Total: 69654 ns
[2022-08-19T16:25:42.953+0000][9044][safepoint   ] Safepoint "Cleanup", Time since last: 1005833131 ns, Reaching safepoint: 62095 ns, At safepoint: 5939 ns, Total: 68034 ns
[2022-08-19T16:25:43.954+0000][9044][safepoint   ] Safepoint "Cleanup", Time since last: 1001089629 ns, Reaching safepoint: 64255 ns, At safepoint: 4319 ns, Total: 68574 ns
[2022-08-19T16:25:46.960+0000][9044][safepoint   ] Safepoint "Cleanup", Time since last: 3005519418 ns, Reaching safepoint: 70194 ns, At safepoint: 21058 ns, Total: 91252 ns
[2022-08-19T16:25:47.960+0000][9044][safepoint   ] Safepoint "Cleanup", Time since last: 1000294276 ns, Reaching safepoint: 68034 ns, At safepoint: 10259 ns, Total: 78293 ns
[2022-08-19T16:25:48.969+0000][9044][safepoint   ] Safepoint "Cleanup", Time since last: 1008718110 ns, Reaching safepoint: 59395 ns, At safepoint: 12959 ns, Total: 72354 ns
[2022-08-19T16:25:49.985+0000][9044][safepoint   ] Safepoint "Cleanup", Time since last: 1015438926 ns, Reaching safepoint: 80453 ns, At safepoint: 22139 ns, Total: 102592 ns
[2022-08-19T16:25:50.988+0000][9044][safepoint   ] Safepoint "Cleanup", Time since last: 1002870939 ns, Reaching safepoint: 94492 ns, At safepoint: 5940 ns, Total: 100432 ns
[2022-08-19T16:25:51.988+0000][9044][safepoint   ] Safepoint "Cleanup", Time since last: 1000674943 ns, Reaching safepoint: 78294 ns, At safepoint: 4859 ns, Total: 83153 ns
[2022-08-19T16:25:52.993+0000][9044][safepoint   ] Safepoint "Cleanup", Time since last: 1004016724 ns, Reaching safepoint: 60474 ns, At safepoint: 4320 ns, Total: 64794 ns
[2022-08-19T16:25:54.004+0000][9044][safepoint   ] Safepoint "Cleanup", Time since last: 1011037215 ns, Reaching safepoint: 55076 ns, At safepoint: 13499 ns, Total: 68575 ns
[2022-08-19T16:25:55.008+0000][9044][safepoint   ] Safepoint "Cleanup", Time since last: 1004267262 ns, Reaching safepoint: 65875 ns, At safepoint: 16738 ns, Total: 82613 ns
[2022-08-19T16:25:56.008+0000][9044][safepoint   ] Safepoint "Cleanup", Time since last: 1000223002 ns, Reaching safepoint: 91252 ns, At safepoint: 11339 ns, Total: 102591 ns
[2022-08-19T16:25:59.034+0000][9044][safepoint   ] Safepoint "Cleanup", Time since last: 3025588996 ns, Reaching safepoint: 79373 ns, At safepoint: 11879 ns, Total: 91252 ns
[2022-08-19T16:26:00.038+0000][9044][safepoint   ] Safepoint "Cleanup", Time since last: 1007136583 ns, Reaching safepoint: 54535 ns, At safepoint: 13499 ns, Total: 68034 ns
[2022-08-19T16:26:02.053+0000][9044][safepoint   ] Safepoint "Cleanup", Time since last: 2011648444 ns, Reaching safepoint: 64255 ns, At safepoint: 21598 ns, Total: 85853 ns
[2022-08-19T16:26:03.058+0000][9044][safepoint   ] Safepoint "Cleanup", Time since last: 1004997821 ns, Reaching safepoint: 63175 ns, At safepoint: 13499 ns, Total: 76674 ns
[2022-08-19T16:26:04.061+0000][9044][safepoint   ] Safepoint "Cleanup", Time since last: 1002625800 ns, Reaching safepoint: 64794 ns, At safepoint: 15119 ns, Total: 79913 ns
[2022-08-19T16:26:05.073+0000][9044][safepoint   ] Safepoint "Cleanup", Time since last: 1012259133 ns, Reaching safepoint: 72894 ns, At safepoint: 15658 ns, Total: 88552 ns
[2022-08-19T16:26:06.073+0000][9044][safepoint   ] Safepoint "Cleanup", Time since last: 1000218682 ns, Reaching safepoint: 88013 ns, At safepoint: 11879 ns, Total: 99892 ns
[2022-08-19T16:26:07.081+0000][9044][safepoint   ] Safepoint "Cleanup", Time since last: 1007124703 ns, Reaching safepoint: 103671 ns, At safepoint: 5940 ns, Total: 109611 ns
[2022-08-19T16:26:08.081+0000][9044][safepoint   ] Safepoint "Cleanup", Time since last: 1000860688 ns, Reaching safepoint: 64254 ns, At safepoint: 13499 ns, Total: 77753 ns
[2022-08-19T16:26:11.103+0000][9044][safepoint   ] Safepoint "Cleanup", Time since last: 3021911364 ns, Reaching safepoint: 53996 ns, At safepoint: 13499 ns, Total: 67495 ns
[2022-08-19T16:26:12.117+0000][9044][safepoint   ] Safepoint "Cleanup", Time since last: 1013238071 ns, Reaching safepoint: 62094 ns, At safepoint: 12959 ns, Total: 75053 ns
[2022-08-19T16:26:13.122+0000][9044][safepoint   ] Safepoint "Cleanup", Time since last: 1005165208 ns, Reaching safepoint: 68574 ns, At safepoint: 15659 ns, Total: 84233 ns
[2022-08-19T16:26:14.126+0000][9044][safepoint   ] Safepoint "Cleanup", Time since last: 1004205167 ns, Reaching safepoint: 80993 ns, At safepoint: 13499 ns, Total: 94492 ns
[2022-08-19T16:26:15.138+0000][9044][safepoint   ] Safepoint "Cleanup", Time since last: 1011328791 ns, Reaching safepoint: 66415 ns, At safepoint: 14578 ns, Total: 80993 ns
[2022-08-19T16:26:16.152+0000][9044][safepoint   ] Safepoint "Cleanup", Time since last: 1013868738 ns, Reaching safepoint: 83693 ns, At safepoint: 14579 ns, Total: 98272 ns
[2022-08-19T16:26:17.155+0000][9044][safepoint   ] Safepoint "Cleanup", Time since last: 1003241349 ns, Reaching safepoint: 70734 ns, At safepoint: 5399 ns, Total: 76133 ns
[2022-08-19T16:26:18.160+0000][9044][safepoint   ] Safepoint "Cleanup", Time since last: 1004514022 ns, Reaching safepoint: 79373 ns, At safepoint: 13499 ns, Total: 92872 ns
[2022-08-19T16:26:20.181+0000][9044][safepoint   ] Safepoint "Cleanup", Time since last: 2021127350 ns, Reaching safepoint: 223542 ns, At safepoint: 23758 ns, Total: 247300 ns
[2022-08-19T16:26:21.183+0000][9044][safepoint   ] Safepoint "Cleanup", Time since last: 1001902260 ns, Reaching safepoint: 61555 ns, At safepoint: 22678 ns, Total: 84233 ns
[2022-08-19T16:26:24.200+0000][9044][safepoint   ] Safepoint "Cleanup", Time since last: 3016994536 ns, Reaching safepoint: 90173 ns, At safepoint: 14039 ns, Total: 104212 ns
[2022-08-19T16:26:25.089+0000][9044][gc,start    ] GC(18) Pause Young (Normal) (G1 Evacuation Pause)
[2022-08-19T16:26:25.089+0000][9044][gc,task     ] GC(18) Using 4 workers of 4 for evacuation
[2022-08-19T16:26:25.089+0000][9044][gc,age      ] GC(18) Desired survivor size 119537664 bytes, new threshold 15 (max threshold 15)
[2022-08-19T16:26:25.136+0000][9044][gc,age      ] GC(18) Age table with threshold 15 (max threshold 15)
[2022-08-19T16:26:25.136+0000][9044][gc,age      ] GC(18) - age   1:    5969720 bytes,    5969720 total
[2022-08-19T16:26:25.136+0000][9044][gc,age      ] GC(18) - age   2:    1936360 bytes,    7906080 total
[2022-08-19T16:26:25.136+0000][9044][gc,age      ] GC(18) - age   3:    9237056 bytes,   17143136 total
[2022-08-19T16:26:25.136+0000][9044][gc,age      ] GC(18) - age   4:    8774776 bytes,   25917912 total
[2022-08-19T16:26:25.136+0000][9044][gc,age      ] GC(18) - age   5:    1454552 bytes,   27372464 total
[2022-08-19T16:26:25.136+0000][9044][gc,age      ] GC(18) - age   6:   14823976 bytes,   42196440 total
[2022-08-19T16:26:25.136+0000][9044][gc,phases   ] GC(18)   Pre Evacuate Collection Set: 0.2ms
[2022-08-19T16:26:25.136+0000][9044][gc,phases   ] GC(18)   Merge Heap Roots: 0.3ms
[2022-08-19T16:26:25.136+0000][9044][gc,phases   ] GC(18)   Evacuate Collection Set: 48.0ms
[2022-08-19T16:26:25.136+0000][9044][gc,phases   ] GC(18)   Post Evacuate Collection Set: 3.3ms
[2022-08-19T16:26:25.136+0000][9044][gc,phases   ] GC(18)   Other: 0.9ms
[2022-08-19T16:26:25.136+0000][9044][gc,heap     ] GC(18) Eden regions: 445->0(562)
[2022-08-19T16:26:25.136+0000][9044][gc,heap     ] GC(18) Survivor regions: 11->11(57)
[2022-08-19T16:26:25.136+0000][9044][gc,heap     ] GC(18) Old regions: 14->14
[2022-08-19T16:26:25.136+0000][9044][gc,heap     ] GC(18) Archive regions: 0->0
[2022-08-19T16:26:25.136+0000][9044][gc,heap     ] GC(18) Humongous regions: 2->2
[2022-08-19T16:26:25.136+0000][9044][gc,metaspace] GC(18) Metaspace: 118572K(120384K)->118572K(120384K) NonClass: 102646K(103744K)->102646K(103744K) Class: 15926K(16640K)->15926K(16640K)
[2022-08-19T16:26:25.136+0000][9044][gc          ] GC(18) Pause Young (Normal) (G1 Evacuation Pause) 1884M->106M(3824M) 53.000ms
[2022-08-19T16:26:25.136+0000][9044][gc,cpu      ] GC(18) User=0.19s Sys=0.00s Real=0.05s
[2022-08-19T16:26:25.136+0000][9044][safepoint   ] Safepoint "G1CollectForAllocation", Time since last: 894956120 ns, Reaching safepoint: 136609 ns, At safepoint: 53321612 ns, Total: 53458221 ns
[2022-08-19T16:26:27.146+0000][9044][safepoint   ] Safepoint "Cleanup", Time since last: 1997451414 ns, Reaching safepoint: 200323 ns, At safepoint: 16199 ns, Total: 216522 ns
[2022-08-19T16:26:28.148+0000][9044][safepoint   ] Safepoint "Cleanup", Time since last: 1001682499 ns, Reaching safepoint: 144168 ns, At safepoint: 4319 ns, Total: 148487 ns
[2022-08-19T16:26:29.149+0000][9044][safepoint   ] Safepoint "Cleanup", Time since last: 1000855829 ns, Reaching safepoint: 128509 ns, At safepoint: 16199 ns, Total: 144708 ns
[2022-08-19T16:26:30.149+0000][9044][safepoint   ] Safepoint "Cleanup", Time since last: 1000300214 ns, Reaching safepoint: 62635 ns, At safepoint: 12959 ns, Total: 75594 ns
[2022-08-19T16:26:31.163+0000][9044][safepoint   ] Safepoint "Cleanup", Time since last: 1013381159 ns, Reaching safepoint: 70734 ns, At safepoint: 4860 ns, Total: 75594 ns
[2022-08-19T16:26:32.176+0000][9044][safepoint   ] Safepoint "Cleanup", Time since last: 1012614423 ns, Reaching safepoint: 72354 ns, At safepoint: 5939 ns, Total: 78293 ns
[2022-08-19T16:26:35.187+0000][9044][safepoint   ] Safepoint "Cleanup", Time since last: 3011371448 ns, Reaching safepoint: 97191 ns, At safepoint: 4860 ns, Total: 102051 ns
[2022-08-19T16:26:36.188+0000][9044][safepoint   ] Safepoint "Cleanup", Time since last: 1000671704 ns, Reaching safepoint: 58855 ns, At safepoint: 5939 ns, Total: 64794 ns
[2022-08-19T16:26:37.188+0000][9044][safepoint   ] Safepoint "Cleanup", Time since last: 1000225161 ns, Reaching safepoint: 83154 ns, At safepoint: 18358 ns, Total: 101512 ns
[2022-08-19T16:26:41.190+0000][9044][safepoint   ] Safepoint "Cleanup", Time since last: 4002310466 ns, Reaching safepoint: 93413 ns, At safepoint: 19438 ns, Total: 112851 ns
[2022-08-19T16:26:43.191+0000][9044][safepoint   ] Safepoint "Cleanup", Time since last: 2000176565 ns, Reaching safepoint: 69654 ns, At safepoint: 7560 ns, Total: 77214 ns
[2022-08-19T16:26:45.191+0000][9044][safepoint   ] Safepoint "Cleanup", Time since last: 2000029697 ns, Reaching safepoint: 63715 ns, At safepoint: 7559 ns, Total: 71274 ns
[2022-08-19T16:26:47.622+0000][9044][safepoint   ] Safepoint "Cleanup", Time since last: 2431082064 ns, Reaching safepoint: 259718 ns, At safepoint: 21059 ns, Total: 280777 ns
[2022-08-19T16:26:48.637+0000][9044][safepoint   ] Safepoint "Cleanup", Time since last: 1014293682 ns, Reaching safepoint: 77754 ns, At safepoint: 16198 ns, Total: 93952 ns
[2022-08-19T16:26:50.637+0000][9044][safepoint   ] Safepoint "Cleanup", Time since last: 1999944385 ns, Reaching safepoint: 64795 ns, At safepoint: 11339 ns, Total: 76134 ns
[2022-08-19T16:26:52.652+0000][9044][safepoint   ] Safepoint "Cleanup", Time since last: 2015483202 ns, Reaching safepoint: 68035 ns, At safepoint: 12419 ns, Total: 80454 ns
[2022-08-19T16:26:58.655+0000][9044][safepoint   ] Safepoint "Cleanup", Time since last: 6003095560 ns, Reaching safepoint: 73974 ns, At safepoint: 15659 ns, Total: 89633 ns
[2022-08-19T16:26:59.656+0000][9044][safepoint   ] Safepoint "Cleanup", Time since last: 1000124189 ns, Reaching safepoint: 77214 ns, At safepoint: 13499 ns, Total: 90713 ns
[2022-08-19T16:27:01.656+0000][9044][safepoint   ] Safepoint "Cleanup", Time since last: 2000724619 ns, Reaching safepoint: 63175 ns, At safepoint: 15118 ns, Total: 78293 ns
[2022-08-19T16:27:02.657+0000][9044][safepoint   ] Safepoint "Cleanup", Time since last: 1000309395 ns, Reaching safepoint: 86932 ns, At safepoint: 7020 ns, Total: 93952 ns
[2022-08-19T16:27:03.657+0000][9044][safepoint   ] Safepoint "Cleanup", Time since last: 1000302914 ns, Reaching safepoint: 153887 ns, At safepoint: 12419 ns, Total: 166306 ns
[2022-08-19T16:27:04.658+0000][9044][safepoint   ] Safepoint "Cleanup", Time since last: 1000744058 ns, Reaching safepoint: 71274 ns, At safepoint: 18899 ns, Total: 90173 ns
[2022-08-19T16:27:06.658+0000][9044][safepoint   ] Safepoint "Cleanup", Time since last: 2000219761 ns, Reaching safepoint: 71814 ns, At safepoint: 5940 ns, Total: 77754 ns
[2022-08-19T16:27:07.663+0000][9044][safepoint   ] Safepoint "Cleanup", Time since last: 1004243504 ns, Reaching safepoint: 100432 ns, At safepoint: 9719 ns, Total: 110151 ns
[2022-08-19T16:27:08.663+0000][9044][safepoint   ] Safepoint "Cleanup", Time since last: 1000605289 ns, Reaching safepoint: 67494 ns, At safepoint: 14579 ns, Total: 82073 ns
[2022-08-19T16:27:10.664+0000][9044][safepoint   ] Safepoint "Cleanup", Time since last: 2000920623 ns, Reaching safepoint: 151187 ns, At safepoint: 4860 ns, Total: 156047 ns
[2022-08-19T16:27:13.665+0000][9044][safepoint   ] Safepoint "Cleanup", Time since last: 3000000000 ns, Reaching safepoint: 121490 ns, At safepoint: 12419 ns, Total: 133909 ns
[2022-08-19T16:27:14.665+0000][9044][safepoint   ] Safepoint "Cleanup", Time since last: 1000450322 ns, Reaching safepoint: 68574 ns, At safepoint: 7560 ns, Total: 76134 ns
[2022-08-19T16:27:16.667+0000][9044][safepoint   ] Safepoint "Cleanup", Time since last: 2001241896 ns, Reaching safepoint: 93952 ns, At safepoint: 5939 ns, Total: 99891 ns
[2022-08-19T16:27:18.301+0000][9044][safepoint   ] Safepoint "Cleanup", Time since last: 1633982485 ns, Reaching safepoint: 115551 ns, At safepoint: 14578 ns, Total: 130129 ns
[2022-08-19T16:27:19.301+0000][9044][safepoint   ] Safepoint "Cleanup", Time since last: 1000254859 ns, Reaching safepoint: 69114 ns, At safepoint: 13499 ns, Total: 82613 ns
[2022-08-19T16:27:20.782+0000][9044][safepoint   ] Safepoint "Cleanup", Time since last: 1480740084 ns, Reaching safepoint: 86932 ns, At safepoint: 14579 ns, Total: 101511 ns
[2022-08-19T16:27:21.783+0000][9044][safepoint   ] Safepoint "Cleanup", Time since last: 1000862848 ns, Reaching safepoint: 80453 ns, At safepoint: 22678 ns, Total: 103131 ns
[2022-08-19T16:27:25.795+0000][9044][safepoint   ] Safepoint "Cleanup", Time since last: 4012244014 ns, Reaching safepoint: 71814 ns, At safepoint: 12959 ns, Total: 84773 ns
[2022-08-19T16:27:27.797+0000][9044][safepoint   ] Safepoint "Cleanup", Time since last: 2001302911 ns, Reaching safepoint: 65875 ns, At safepoint: 25378 ns, Total: 91253 ns
[2022-08-19T16:27:29.797+0000][9044][safepoint   ] Safepoint "Cleanup", Time since last: 2000546974 ns, Reaching safepoint: 73973 ns, At safepoint: 12419 ns, Total: 86392 ns
[2022-08-19T16:27:30.798+0000][9044][safepoint   ] Safepoint "Cleanup", Time since last: 1000681963 ns, Reaching safepoint: 102592 ns, At safepoint: 12419 ns, Total: 115011 ns
[2022-08-19T16:27:32.799+0000][9044][safepoint   ] Safepoint "Cleanup", Time since last: 2000598270 ns, Reaching safepoint: 75593 ns, At safepoint: 9719 ns, Total: 85312 ns
[2022-08-19T16:27:34.799+0000][9044][safepoint   ] Safepoint "Cleanup", Time since last: 2000687363 ns, Reaching safepoint: 149027 ns, At safepoint: 7560 ns, Total: 156587 ns
[2022-08-19T16:27:38.810+0000][9044][safepoint   ] Safepoint "Cleanup", Time since last: 4010187866 ns, Reaching safepoint: 212742 ns, At safepoint: 58855 ns, Total: 271597 ns
[2022-08-19T16:27:40.810+0000][9044][safepoint   ] Safepoint "Cleanup", Time since last: 2000184125 ns, Reaching safepoint: 79373 ns, At safepoint: 23218 ns, Total: 102591 ns
[2022-08-19T16:27:42.810+0000][9044][safepoint   ] Safepoint "Cleanup", Time since last: 1999970843 ns, Reaching safepoint: 118790 ns, At safepoint: 5939 ns, Total: 124729 ns
[2022-08-19T16:27:44.810+0000][9044][safepoint   ] Safepoint "Cleanup", Time since last: 1999996221 ns, Reaching safepoint: 110150 ns, At safepoint: 4320 ns, Total: 114470 ns
[2022-08-19T16:27:46.811+0000][9044][safepoint   ] Safepoint "Cleanup", Time since last: 2000983258 ns, Reaching safepoint: 71274 ns, At safepoint: 19978 ns, Total: 91252 ns
[2022-08-19T16:27:48.812+0000][9044][safepoint   ] Safepoint "Cleanup", Time since last: 2000897405 ns, Reaching safepoint: 78833 ns, At safepoint: 14579 ns, Total: 93412 ns
[2022-08-19T16:27:52.814+0000][9044][safepoint   ] Safepoint "Cleanup", Time since last: 4000996217 ns, Reaching safepoint: 79373 ns, At safepoint: 7559 ns, Total: 86932 ns
[2022-08-19T16:27:53.820+0000][9044][safepoint   ] Safepoint "Cleanup", Time since last: 1006542092 ns, Reaching safepoint: 66415 ns, At safepoint: 15658 ns, Total: 82073 ns
[2022-08-19T16:27:54.821+0000][9044][safepoint   ] Safepoint "Cleanup", Time since last: 1000392007 ns, Reaching safepoint: 98272 ns, At safepoint: 17819 ns, Total: 116091 ns
[2022-08-19T16:27:55.835+0000][9044][safepoint   ] Safepoint "Cleanup", Time since last: 1014574459 ns, Reaching safepoint: 170086 ns, At safepoint: 14038 ns, Total: 184124 ns
[2022-08-19T16:27:57.836+0000][9044][safepoint   ] Safepoint "Cleanup", Time since last: 2000106911 ns, Reaching safepoint: 102592 ns, At safepoint: 22138 ns, Total: 124730 ns
[2022-08-19T16:28:01.867+0000][9044][safepoint   ] Safepoint "Cleanup", Time since last: 4031696424 ns, Reaching safepoint: 76134 ns, At safepoint: 71274 ns, Total: 147408 ns
[2022-08-19T16:28:02.868+0000][9044][safepoint   ] Safepoint "Cleanup", Time since last: 1000383368 ns, Reaching safepoint: 80453 ns, At safepoint: 16199 ns, Total: 96652 ns
[2022-08-19T16:28:05.869+0000][9044][safepoint   ] Safepoint "Cleanup", Time since last: 3000470840 ns, Reaching safepoint: 54536 ns, At safepoint: 3779 ns, Total: 58315 ns
[2022-08-19T16:28:07.879+0000][9044][safepoint   ] Safepoint "Cleanup", Time since last: 2010636029 ns, Reaching safepoint: 57236 ns, At safepoint: 5939 ns, Total: 63175 ns
[2022-08-19T16:28:08.880+0000][9044][safepoint   ] Safepoint "Cleanup", Time since last: 1000259718 ns, Reaching safepoint: 75594 ns, At safepoint: 16199 ns, Total: 91793 ns
[2022-08-19T16:28:10.880+0000][9044][safepoint   ] Safepoint "Cleanup", Time since last: 2000454102 ns, Reaching safepoint: 116630 ns, At safepoint: 5939 ns, Total: 122569 ns
[2022-08-19T16:28:13.885+0000][9044][safepoint   ] Safepoint "Cleanup", Time since last: 3004445448 ns, Reaching safepoint: 80993 ns, At safepoint: 19978 ns, Total: 100971 ns
[2022-08-19T16:28:15.893+0000][9044][safepoint   ] Safepoint "Cleanup", Time since last: 2007952454 ns, Reaching safepoint: 170086 ns, At safepoint: 7559 ns, Total: 177645 ns
[2022-08-19T16:28:18.912+0000][9044][safepoint   ] Safepoint "Cleanup", Time since last: 3018707273 ns, Reaching safepoint: 109611 ns, At safepoint: 23218 ns, Total: 132829 ns
[2022-08-19T16:28:20.912+0000][9044][safepoint   ] Safepoint "Cleanup", Time since last: 2000280776 ns, Reaching safepoint: 82074 ns, At safepoint: 13498 ns, Total: 95572 ns
[2022-08-19T16:28:22.913+0000][9044][safepoint   ] Safepoint "Cleanup", Time since last: 2000937902 ns, Reaching safepoint: 78293 ns, At safepoint: 5940 ns, Total: 84233 ns
[2022-08-19T16:28:24.919+0000][9044][safepoint   ] Safepoint "Cleanup", Time since last: 2005965960 ns, Reaching safepoint: 58315 ns, At safepoint: 11879 ns, Total: 70194 ns
[2022-08-19T16:28:25.920+0000][9044][safepoint   ] Safepoint "Cleanup", Time since last: 1001335308 ns, Reaching safepoint: 54536 ns, At safepoint: 4859 ns, Total: 59395 ns
[2022-08-19T16:28:27.922+0000][9044][safepoint   ] Safepoint "Cleanup", Time since last: 2001032934 ns, Reaching safepoint: 73973 ns, At safepoint: 15659 ns, Total: 89632 ns
[2022-08-19T16:28:28.922+0000][9044][safepoint   ] Safepoint "Cleanup", Time since last: 1000135529 ns, Reaching safepoint: 82613 ns, At safepoint: 16738 ns, Total: 99351 ns
[2022-08-19T16:28:29.935+0000][9044][safepoint   ] Safepoint "Cleanup", Time since last: 1013456753 ns, Reaching safepoint: 56155 ns, At safepoint: 14039 ns, Total: 70194 ns
[2022-08-19T16:28:30.939+0000][9044][safepoint   ] Safepoint "Cleanup", Time since last: 1003365538 ns, Reaching safepoint: 95572 ns, At safepoint: 14579 ns, Total: 110151 ns
[2022-08-19T16:28:32.939+0000][9044][safepoint   ] Safepoint "Cleanup", Time since last: 2000377428 ns, Reaching safepoint: 152808 ns, At safepoint: 13498 ns, Total: 166306 ns
[2022-08-19T16:28:33.940+0000][9044][safepoint   ] Safepoint "Cleanup", Time since last: 1000805073 ns, Reaching safepoint: 75594 ns, At safepoint: 17818 ns, Total: 93412 ns
[2022-08-19T16:28:34.940+0000][9044][safepoint   ] Safepoint "Cleanup", Time since last: 1000032397 ns, Reaching safepoint: 63715 ns, At safepoint: 12959 ns, Total: 76674 ns
[2022-08-19T16:28:37.942+0000][9044][safepoint   ] Safepoint "Cleanup", Time since last: 3001724616 ns, Reaching safepoint: 73973 ns, At safepoint: 5940 ns, Total: 79913 ns
[2022-08-19T16:28:39.942+0000][9044][safepoint   ] Safepoint "Cleanup", Time since last: 2000111770 ns, Reaching safepoint: 68575 ns, At safepoint: 13499 ns, Total: 82074 ns
[2022-08-19T16:28:42.944+0000][9044][safepoint   ] Safepoint "Cleanup", Time since last: 3001092868 ns, Reaching safepoint: 73434 ns, At safepoint: 14039 ns, Total: 87473 ns
[2022-08-19T16:28:44.944+0000][9044][safepoint   ] Safepoint "Cleanup", Time since last: 1999917387 ns, Reaching safepoint: 63174 ns, At safepoint: 12959 ns, Total: 76133 ns
[2022-08-19T16:28:50.945+0000][9044][safepoint   ] Safepoint "Cleanup", Time since last: 6001274833 ns, Reaching safepoint: 50756 ns, At safepoint: 4320 ns, Total: 55076 ns
[2022-08-19T16:28:52.946+0000][9044][safepoint   ] Safepoint "Cleanup", Time since last: 2000487579 ns, Reaching safepoint: 132829 ns, At safepoint: 13499 ns, Total: 146328 ns
[2022-08-19T16:28:54.946+0000][9044][safepoint   ] Safepoint "Cleanup", Time since last: 2000007019 ns, Reaching safepoint: 145248 ns, At safepoint: 13499 ns, Total: 158747 ns
[2022-08-19T16:28:56.946+0000][9044][safepoint   ] Safepoint "Cleanup", Time since last: 1999960043 ns, Reaching safepoint: 97192 ns, At safepoint: 17819 ns, Total: 115011 ns
[2022-08-19T16:28:57.946+0000][9044][safepoint   ] Safepoint "Cleanup", Time since last: 1000196543 ns, Reaching safepoint: 64795 ns, At safepoint: 4859 ns, Total: 69654 ns
[2022-08-19T16:28:58.956+0000][9044][safepoint   ] Safepoint "Cleanup", Time since last: 1010001582 ns, Reaching safepoint: 70194 ns, At safepoint: 5400 ns, Total: 75594 ns
[2022-08-19T16:29:00.958+0000][9044][safepoint   ] Safepoint "Cleanup", Time since last: 2002080986 ns, Reaching safepoint: 65334 ns, At safepoint: 14039 ns, Total: 79373 ns
[2022-08-19T16:29:02.958+0000][9044][safepoint   ] Safepoint "Cleanup", Time since last: 2000101511 ns, Reaching safepoint: 111231 ns, At safepoint: 5940 ns, Total: 117171 ns
[2022-08-19T16:29:04.959+0000][9044][safepoint   ] Safepoint "Cleanup", Time since last: 2000036177 ns, Reaching safepoint: 176025 ns, At safepoint: 6479 ns, Total: 182504 ns
[2022-08-19T16:29:08.960+0000][9044][safepoint   ] Safepoint "Cleanup", Time since last: 4000966519 ns, Reaching safepoint: 57776 ns, At safepoint: 12418 ns, Total: 70194 ns
[2022-08-19T16:29:13.960+0000][9044][safepoint   ] Safepoint "Cleanup", Time since last: 5000242440 ns, Reaching safepoint: 75054 ns, At safepoint: 15119 ns, Total: 90173 ns
[2022-08-19T16:29:15.960+0000][9044][safepoint   ] Safepoint "Cleanup", Time since last: 2000011339 ns, Reaching safepoint: 71814 ns, At safepoint: 5399 ns, Total: 77213 ns
[2022-08-19T16:29:17.960+0000][9044][safepoint   ] Safepoint "Cleanup", Time since last: 2000063715 ns, Reaching safepoint: 122570 ns, At safepoint: 19978 ns, Total: 142548 ns
[2022-08-19T16:29:18.971+0000][9044][safepoint   ] Safepoint "Cleanup", Time since last: 1010657627 ns, Reaching safepoint: 165226 ns, At safepoint: 12419 ns, Total: 177645 ns
[2022-08-19T16:29:19.986+0000][9044][safepoint   ] Safepoint "Cleanup", Time since last: 1015096055 ns, Reaching safepoint: 81534 ns, At safepoint: 15658 ns, Total: 97192 ns
[2022-08-19T16:29:21.987+0000][9044][safepoint   ] Safepoint "Cleanup", Time since last: 2000970299 ns, Reaching safepoint: 66414 ns, At safepoint: 19439 ns, Total: 85853 ns
[2022-08-19T16:29:28.990+0000][9044][safepoint   ] Safepoint "Cleanup", Time since last: 7002081525 ns, Reaching safepoint: 79914 ns, At safepoint: 5939 ns, Total: 85853 ns
[2022-08-19T16:29:30.991+0000][9044][safepoint   ] Safepoint "Cleanup", Time since last: 2001048592 ns, Reaching safepoint: 88553 ns, At safepoint: 13499 ns, Total: 102052 ns
[2022-08-19T16:29:32.543+0000][9044][safepoint   ] Safepoint "Cleanup", Time since last: 1552029231 ns, Reaching safepoint: 163066 ns, At safepoint: 32397 ns, Total: 195463 ns
[2022-08-19T16:29:37.562+0000][9044][safepoint   ] Safepoint "Cleanup", Time since last: 5019270986 ns, Reaching safepoint: 59935 ns, At safepoint: 4859 ns, Total: 64794 ns
[2022-08-19T16:29:38.563+0000][9044][safepoint   ] Safepoint "Cleanup", Time since last: 1000332612 ns, Reaching safepoint: 59936 ns, At safepoint: 11879 ns, Total: 71815 ns
[2022-08-19T16:29:42.576+0000][9044][safepoint   ] Safepoint "Cleanup", Time since last: 4012692176 ns, Reaching safepoint: 66415 ns, At safepoint: 13498 ns, Total: 79913 ns
[2022-08-19T16:29:47.588+0000][9044][safepoint   ] Safepoint "Cleanup", Time since last: 5012039912 ns, Reaching safepoint: 95572 ns, At safepoint: 17278 ns, Total: 112850 ns
[2022-08-19T16:29:48.594+0000][9044][safepoint   ] Safepoint "Cleanup", Time since last: 1006355268 ns, Reaching safepoint: 62635 ns, At safepoint: 5399 ns, Total: 68034 ns
[2022-08-19T16:29:50.595+0000][9044][safepoint   ] Safepoint "Cleanup", Time since last: 2000862848 ns, Reaching safepoint: 130129 ns, At safepoint: 14579 ns, Total: 144708 ns
[2022-08-19T16:29:52.597+0000][9044][safepoint   ] Safepoint "Cleanup", Time since last: 2001371485 ns, Reaching safepoint: 59395 ns, At safepoint: 12419 ns, Total: 71814 ns
[2022-08-19T16:29:55.597+0000][9044][safepoint   ] Safepoint "Cleanup", Time since last: 3000007559 ns, Reaching safepoint: 68574 ns, At safepoint: 13499 ns, Total: 82073 ns
[2022-08-19T16:29:56.597+0000][9044][safepoint   ] Safepoint "Cleanup", Time since last: 1000073434 ns, Reaching safepoint: 78294 ns, At safepoint: 14038 ns, Total: 92332 ns
[2022-08-19T16:29:57.597+0000][9044][safepoint   ] Safepoint "Cleanup", Time since last: 1000410366 ns, Reaching safepoint: 49676 ns, At safepoint: 4860 ns, Total: 54536 ns
[2022-08-19T16:30:02.609+0000][9044][safepoint   ] Safepoint "Cleanup", Time since last: 5011827169 ns, Reaching safepoint: 56695 ns, At safepoint: 4859 ns, Total: 61554 ns
[2022-08-19T16:30:04.610+0000][9044][safepoint   ] Safepoint "Cleanup", Time since last: 2000795894 ns, Reaching safepoint: 75054 ns, At safepoint: 4319 ns, Total: 79373 ns
[2022-08-19T16:30:08.611+0000][9044][safepoint   ] Safepoint "Cleanup", Time since last: 4000746758 ns, Reaching safepoint: 58855 ns, At safepoint: 4319 ns, Total: 63174 ns
[2022-08-19T16:30:13.613+0000][9044][safepoint   ] Safepoint "Cleanup", Time since last: 5002155500 ns, Reaching safepoint: 79913 ns, At safepoint: 21058 ns, Total: 100971 ns
[2022-08-19T16:30:14.637+0000][9044][safepoint   ] Safepoint "Cleanup", Time since last: 1024222371 ns, Reaching safepoint: 73434 ns, At safepoint: 14039 ns, Total: 87473 ns
[2022-08-19T16:30:20.667+0000][9044][safepoint   ] Safepoint "Cleanup", Time since last: 6029046866 ns, Reaching safepoint: 73434 ns, At safepoint: 22678 ns, Total: 96112 ns
[2022-08-19T16:30:22.683+0000][9044][safepoint   ] Safepoint "Cleanup", Time since last: 2016731578 ns, Reaching safepoint: 68574 ns, At safepoint: 14039 ns, Total: 82613 ns
[2022-08-19T16:30:23.684+0000][9044][safepoint   ] Safepoint "Cleanup", Time since last: 1000455722 ns, Reaching safepoint: 58315 ns, At safepoint: 11879 ns, Total: 70194 ns
[2022-08-19T16:30:24.685+0000][9044][safepoint   ] Safepoint "Cleanup", Time since last: 1000543195 ns, Reaching safepoint: 72354 ns, At safepoint: 14038 ns, Total: 86392 ns
[2022-08-19T16:30:25.694+0000][9044][safepoint   ] Safepoint "Cleanup", Time since last: 1008930312 ns, Reaching safepoint: 75594 ns, At safepoint: 17818 ns, Total: 93412 ns
[2022-08-19T16:30:26.697+0000][9044][safepoint   ] Safepoint "Cleanup", Time since last: 1003627417 ns, Reaching safepoint: 74513 ns, At safepoint: 11339 ns, Total: 85852 ns
[2022-08-19T16:30:31.718+0000][9044][safepoint   ] Safepoint "Cleanup", Time since last: 5020384373 ns, Reaching safepoint: 77213 ns, At safepoint: 42117 ns, Total: 119330 ns
[2022-08-19T16:30:34.723+0000][9044][safepoint   ] Safepoint "Cleanup", Time since last: 3001507013 ns, Reaching safepoint: 4026443 ns, At safepoint: 21058 ns, Total: 4047501 ns
[2022-08-19T16:30:38.737+0000][9044][safepoint   ] Safepoint "Cleanup", Time since last: 4013786125 ns, Reaching safepoint: 63175 ns, At safepoint: 13499 ns, Total: 76674 ns
[2022-08-19T16:30:40.759+0000][9044][safepoint   ] Safepoint "Cleanup", Time since last: 2021432424 ns, Reaching safepoint: 58855 ns, At safepoint: 14039 ns, Total: 72894 ns
[2022-08-19T16:30:43.781+0000][9044][safepoint   ] Safepoint "Cleanup", Time since last: 3021725080 ns, Reaching safepoint: 74514 ns, At safepoint: 6479 ns, Total: 80993 ns
[2022-08-19T16:30:45.791+0000][9044][safepoint   ] Safepoint "Cleanup", Time since last: 2010825013 ns, Reaching safepoint: 129589 ns, At safepoint: 23218 ns, Total: 152807 ns
[2022-08-19T16:30:46.798+0000][9044][safepoint   ] Safepoint "Cleanup", Time since last: 1006849867 ns, Reaching safepoint: 82073 ns, At safepoint: 11879 ns, Total: 93952 ns
[2022-08-19T16:30:47.806+0000][9044][safepoint   ] Safepoint "Cleanup", Time since last: 1007651699 ns, Reaching safepoint: 61554 ns, At safepoint: 5400 ns, Total: 66954 ns
[2022-08-19T16:30:50.824+0000][9044][safepoint   ] Safepoint "Cleanup", Time since last: 3017444858 ns, Reaching safepoint: 61015 ns, At safepoint: 12959 ns, Total: 73974 ns
[2022-08-19T16:30:55.836+0000][9044][safepoint   ] Safepoint "Cleanup", Time since last: 5012675438 ns, Reaching safepoint: 69115 ns, At safepoint: 4319 ns, Total: 73434 ns
[2022-08-19T16:30:56.838+0000][9044][safepoint   ] Safepoint "Cleanup", Time since last: 1001415762 ns, Reaching safepoint: 57235 ns, At safepoint: 4859 ns, Total: 62094 ns
[2022-08-19T16:31:00.840+0000][9044][safepoint   ] Safepoint "Cleanup", Time since last: 4001745134 ns, Reaching safepoint: 138229 ns, At safepoint: 14038 ns, Total: 152267 ns
[2022-08-19T16:31:02.840+0000][9044][safepoint   ] Safepoint "Cleanup", Time since last: 1999975702 ns, Reaching safepoint: 70195 ns, At safepoint: 15118 ns, Total: 85313 ns
[2022-08-19T16:31:07.842+0000][9044][safepoint   ] Safepoint "Cleanup", Time since last: 5001653342 ns, Reaching safepoint: 130129 ns, At safepoint: 6479 ns, Total: 136608 ns
[2022-08-19T16:31:08.842+0000][9044][safepoint   ] Safepoint "Cleanup", Time since last: 1000017819 ns, Reaching safepoint: 72894 ns, At safepoint: 21598 ns, Total: 94492 ns
[2022-08-19T16:31:10.842+0000][9044][safepoint   ] Safepoint "Cleanup", Time since last: 2000234880 ns, Reaching safepoint: 59935 ns, At safepoint: 14579 ns, Total: 74514 ns
[2022-08-19T16:31:13.847+0000][9044][safepoint   ] Safepoint "Cleanup", Time since last: 3004391452 ns, Reaching safepoint: 80453 ns, At safepoint: 22678 ns, Total: 103131 ns
[2022-08-19T16:31:14.847+0000][9044][safepoint   ] Safepoint "Cleanup", Time since last: 1000072354 ns, Reaching safepoint: 63175 ns, At safepoint: 11879 ns, Total: 75054 ns
[2022-08-19T16:31:16.848+0000][9044][safepoint   ] Safepoint "Cleanup", Time since last: 2000980558 ns, Reaching safepoint: 107451 ns, At safepoint: 9179 ns, Total: 116630 ns
[2022-08-19T16:31:22.850+0000][9044][safepoint   ] Safepoint "Cleanup", Time since last: 6002311006 ns, Reaching safepoint: 67495 ns, At safepoint: 13499 ns, Total: 80994 ns
[2022-08-19T16:31:26.851+0000][9044][safepoint   ] Safepoint "Cleanup", Time since last: 4001156043 ns, Reaching safepoint: 87473 ns, At safepoint: 21058 ns, Total: 108531 ns
[2022-08-19T16:31:28.852+0000][9044][safepoint   ] Safepoint "Cleanup", Time since last: 2000911983 ns, Reaching safepoint: 86393 ns, At safepoint: 5400 ns, Total: 91793 ns
[2022-08-19T16:31:30.853+0000][9044][safepoint   ] Safepoint "Cleanup", Time since last: 2000009719 ns, Reaching safepoint: 89632 ns, At safepoint: 19979 ns, Total: 109611 ns
[2022-08-19T16:31:32.853+0000][9044][safepoint   ] Safepoint "Cleanup", Time since last: 2000043196 ns, Reaching safepoint: 89093 ns, At safepoint: 18898 ns, Total: 107991 ns
[2022-08-19T16:31:34.853+0000][9044][safepoint   ] Safepoint "Cleanup", Time since last: 2000092332 ns, Reaching safepoint: 83153 ns, At safepoint: 15119 ns, Total: 98272 ns
[2022-08-19T16:31:38.854+0000][9044][safepoint   ] Safepoint "Cleanup", Time since last: 4001021055 ns, Reaching safepoint: 82073 ns, At safepoint: 15658 ns, Total: 97731 ns
[2022-08-19T16:31:43.855+0000][9044][safepoint   ] Safepoint "Cleanup", Time since last: 5001213279 ns, Reaching safepoint: 97192 ns, At safepoint: 10259 ns, Total: 107451 ns
[2022-08-19T16:31:45.855+0000][9044][safepoint   ] Safepoint "Cleanup", Time since last: 2000009719 ns, Reaching safepoint: 91252 ns, At safepoint: 6480 ns, Total: 97732 ns
[2022-08-19T16:31:52.857+0000][9044][safepoint   ] Safepoint "Cleanup", Time since last: 7001328828 ns, Reaching safepoint: 76674 ns, At safepoint: 14579 ns, Total: 91253 ns
[2022-08-19T16:31:55.857+0000][9044][safepoint   ] Safepoint "Cleanup", Time since last: 3000071274 ns, Reaching safepoint: 69114 ns, At safepoint: 24838 ns, Total: 93952 ns
[2022-08-19T16:31:56.863+0000][9044][safepoint   ] Safepoint "Cleanup", Time since last: 1006205160 ns, Reaching safepoint: 77754 ns, At safepoint: 15658 ns, Total: 93412 ns
[2022-08-19T16:31:58.881+0000][9044][safepoint   ] Safepoint "Cleanup", Time since last: 2017277473 ns, Reaching safepoint: 232720 ns, At safepoint: 19979 ns, Total: 252699 ns
[2022-08-19T16:32:00.881+0000][9044][safepoint   ] Safepoint "Cleanup", Time since last: 1999897408 ns, Reaching safepoint: 174945 ns, At safepoint: 17819 ns, Total: 192764 ns
[2022-08-19T16:32:05.895+0000][9044][safepoint   ] Safepoint "Cleanup", Time since last: 5013817982 ns, Reaching safepoint: 64795 ns, At safepoint: 13499 ns, Total: 78294 ns
[2022-08-19T16:32:07.895+0000][9044][safepoint   ] Safepoint "Cleanup", Time since last: 2000115550 ns, Reaching safepoint: 79373 ns, At safepoint: 15659 ns, Total: 95032 ns
[2022-08-19T16:32:13.895+0000][9044][safepoint   ] Safepoint "Cleanup", Time since last: 6000266198 ns, Reaching safepoint: 100431 ns, At safepoint: 25378 ns, Total: 125809 ns
[2022-08-19T16:32:14.896+0000][9044][safepoint   ] Safepoint "Cleanup", Time since last: 1000824511 ns, Reaching safepoint: 65875 ns, At safepoint: 8099 ns, Total: 73974 ns
[2022-08-19T16:32:17.897+0000][9044][safepoint   ] Safepoint "Cleanup", Time since last: 3000095572 ns, Reaching safepoint: 53995 ns, At safepoint: 4860 ns, Total: 58855 ns
[2022-08-19T16:32:19.898+0000][9044][safepoint   ] Safepoint "Cleanup", Time since last: 2001070190 ns, Reaching safepoint: 157127 ns, At safepoint: 17819 ns, Total: 174946 ns
[2022-08-19T16:32:21.898+0000][9044][safepoint   ] Safepoint "Cleanup", Time since last: 1999943844 ns, Reaching safepoint: 70734 ns, At safepoint: 12419 ns, Total: 83153 ns
[2022-08-19T16:32:22.899+0000][9044][safepoint   ] Safepoint "Cleanup", Time since last: 1000589091 ns, Reaching safepoint: 63715 ns, At safepoint: 12419 ns, Total: 76134 ns
[2022-08-19T16:32:26.921+0000][9044][safepoint   ] Safepoint "Cleanup", Time since last: 4022033394 ns, Reaching safepoint: 372569 ns, At safepoint: 5399 ns, Total: 377968 ns
[2022-08-19T16:32:29.934+0000][9044][safepoint   ] Safepoint "Cleanup", Time since last: 3012715935 ns, Reaching safepoint: 68034 ns, At safepoint: 14579 ns, Total: 82613 ns
[2022-08-19T16:32:30.934+0000][9044][safepoint   ] Safepoint "Cleanup", Time since last: 1000683043 ns, Reaching safepoint: 84772 ns, At safepoint: 6480 ns, Total: 91252 ns
[2022-08-19T16:32:32.935+0000][9044][safepoint   ] Safepoint "Cleanup", Time since last: 2000111231 ns, Reaching safepoint: 155507 ns, At safepoint: 14578 ns, Total: 170085 ns
[2022-08-19T16:32:37.936+0000][9044][safepoint   ] Safepoint "Cleanup", Time since last: 5001049132 ns, Reaching safepoint: 64255 ns, At safepoint: 5400 ns, Total: 69655 ns
[2022-08-19T16:32:39.497+0000][9044][safepoint   ] Safepoint "Cleanup", Time since last: 1561103170 ns, Reaching safepoint: 170086 ns, At safepoint: 21598 ns, Total: 191684 ns
[2022-08-19T16:32:41.497+0000][9044][safepoint   ] Safepoint "Cleanup", Time since last: 1999931966 ns, Reaching safepoint: 106911 ns, At safepoint: 12419 ns, Total: 119330 ns
[2022-08-19T16:32:42.498+0000][9044][safepoint   ] Safepoint "Cleanup", Time since last: 1000847729 ns, Reaching safepoint: 83153 ns, At safepoint: 14579 ns, Total: 97732 ns
[2022-08-19T16:32:44.550+0000][9044][safepoint   ] Safepoint "Cleanup", Time since last: 2052122913 ns, Reaching safepoint: 92332 ns, At safepoint: 9719 ns, Total: 102051 ns
[2022-08-19T16:32:46.270+0000][9044][safepoint   ] Safepoint "Cleanup", Time since last: 1717010789 ns, Reaching safepoint: 90713 ns, At safepoint: 3186813 ns, Total: 3277526 ns
[2022-08-19T16:32:48.271+0000][9044][safepoint   ] Safepoint "Cleanup", Time since last: 1999717603 ns, Reaching safepoint: 169546 ns, At safepoint: 12419 ns, Total: 181965 ns
[2022-08-19T16:32:49.665+0000][9044][gc,start    ] GC(19) Pause Young (Normal) (G1 Evacuation Pause)
[2022-08-19T16:32:49.665+0000][9044][gc,task     ] GC(19) Using 4 workers of 4 for evacuation
[2022-08-19T16:32:49.665+0000][9044][gc,age      ] GC(19) Desired survivor size 150994944 bytes, new threshold 15 (max threshold 15)
[2022-08-19T16:32:49.722+0000][9044][gc,age      ] GC(19) Age table with threshold 15 (max threshold 15)
[2022-08-19T16:32:49.722+0000][9044][gc,age      ] GC(19) - age   1:    6060464 bytes,    6060464 total
[2022-08-19T16:32:49.722+0000][9044][gc,age      ] GC(19) - age   2:    2014504 bytes,    8074968 total
[2022-08-19T16:32:49.722+0000][9044][gc,age      ] GC(19) - age   3:    1280064 bytes,    9355032 total
[2022-08-19T16:32:49.722+0000][9044][gc,age      ] GC(19) - age   4:    9172112 bytes,   18527144 total
[2022-08-19T16:32:49.722+0000][9044][gc,age      ] GC(19) - age   5:    8771672 bytes,   27298816 total
[2022-08-19T16:32:49.722+0000][9044][gc,age      ] GC(19) - age   6:    1454552 bytes,   28753368 total
[2022-08-19T16:32:49.722+0000][9044][gc,age      ] GC(19) - age   7:   14768368 bytes,   43521736 total
[2022-08-19T16:32:49.722+0000][9044][gc,phases   ] GC(19)   Pre Evacuate Collection Set: 0.1ms
[2022-08-19T16:32:49.722+0000][9044][gc,phases   ] GC(19)   Merge Heap Roots: 0.4ms
[2022-08-19T16:32:49.722+0000][9044][gc,phases   ] GC(19)   Evacuate Collection Set: 51.6ms
[2022-08-19T16:32:49.722+0000][9044][gc,phases   ] GC(19)   Post Evacuate Collection Set: 4.2ms
[2022-08-19T16:32:49.722+0000][9044][gc,phases   ] GC(19)   Other: 0.9ms
[2022-08-19T16:32:49.722+0000][9044][gc,heap     ] GC(19) Eden regions: 562->0(561)
[2022-08-19T16:32:49.722+0000][9044][gc,heap     ] GC(19) Survivor regions: 11->12(72)
[2022-08-19T16:32:49.722+0000][9044][gc,heap     ] GC(19) Old regions: 14->14
[2022-08-19T16:32:49.722+0000][9044][gc,heap     ] GC(19) Archive regions: 0->0
[2022-08-19T16:32:49.722+0000][9044][gc,heap     ] GC(19) Humongous regions: 2->2
[2022-08-19T16:32:49.722+0000][9044][gc,metaspace] GC(19) Metaspace: 120588K(122496K)->120588K(122496K) NonClass: 104435K(105600K)->104435K(105600K) Class: 16152K(16896K)->16152K(16896K)
[2022-08-19T16:32:49.723+0000][9044][gc          ] GC(19) Pause Young (Normal) (G1 Evacuation Pause) 2354M->110M(3824M) 57.639ms
[2022-08-19T16:32:49.723+0000][9044][gc,cpu      ] GC(19) User=0.25s Sys=0.00s Real=0.06s
[2022-08-19T16:32:49.723+0000][9044][safepoint   ] Safepoint "G1CollectForAllocation", Time since last: 1393991492 ns, Reaching safepoint: 155506 ns, At safepoint: 57865333 ns, Total: 58020839 ns
[2022-08-19T16:32:51.723+0000][9044][safepoint   ] Safepoint "Cleanup", Time since last: 2000019438 ns, Reaching safepoint: 75594 ns, At safepoint: 5399 ns, Total: 80993 ns
[2022-08-19T16:32:53.723+0000][9044][safepoint   ] Safepoint "Cleanup", Time since last: 2000046436 ns, Reaching safepoint: 85313 ns, At safepoint: 16199 ns, Total: 101512 ns
[2022-08-19T16:32:54.723+0000][9044][safepoint   ] Safepoint "Cleanup", Time since last: 1000030237 ns, Reaching safepoint: 65875 ns, At safepoint: 14578 ns, Total: 80453 ns
[2022-08-19T16:32:56.723+0000][9044][safepoint   ] Safepoint "Cleanup", Time since last: 1999936286 ns, Reaching safepoint: 144708 ns, At safepoint: 4859 ns, Total: 149567 ns
[2022-08-19T16:32:58.723+0000][9044][safepoint   ] Safepoint "Cleanup", Time since last: 1999988661 ns, Reaching safepoint: 67495 ns, At safepoint: 14578 ns, Total: 82073 ns
[2022-08-19T16:33:00.723+0000][9044][safepoint   ] Safepoint "Cleanup", Time since last: 2000016199 ns, Reaching safepoint: 58315 ns, At safepoint: 3780 ns, Total: 62095 ns
[2022-08-19T16:33:02.780+0000][9044][safepoint   ] Safepoint "Cleanup", Time since last: 2057024622 ns, Reaching safepoint: 61555 ns, At safepoint: 26998 ns, Total: 88553 ns
[2022-08-19T16:33:04.780+0000][9044][safepoint   ] Safepoint "Cleanup", Time since last: 2000056695 ns, Reaching safepoint: 131209 ns, At safepoint: 25918 ns, Total: 157127 ns
[2022-08-19T16:33:06.781+0000][9044][safepoint   ] Safepoint "Cleanup", Time since last: 1999958963 ns, Reaching safepoint: 80454 ns, At safepoint: 5399 ns, Total: 85853 ns
[2022-08-19T16:33:08.782+0000][9044][safepoint   ] Safepoint "Cleanup", Time since last: 2001042113 ns, Reaching safepoint: 68574 ns, At safepoint: 18359 ns, Total: 86933 ns
[2022-08-19T16:33:10.782+0000][9044][safepoint   ] Safepoint "Cleanup", Time since last: 2000005399 ns, Reaching safepoint: 61555 ns, At safepoint: 21058 ns, Total: 82613 ns
[2022-08-19T16:33:11.832+0000][9044][safepoint   ] Safepoint "Cleanup", Time since last: 1049986852 ns, Reaching safepoint: 75594 ns, At safepoint: 5939 ns, Total: 81533 ns
[2022-08-19T16:33:13.832+0000][9044][safepoint   ] Safepoint "Cleanup", Time since last: 2000129590 ns, Reaching safepoint: 72353 ns, At safepoint: 13499 ns, Total: 85852 ns
[2022-08-19T16:33:16.833+0000][9044][safepoint   ] Safepoint "Cleanup", Time since last: 3000975159 ns, Reaching safepoint: 56695 ns, At safepoint: 12419 ns, Total: 69114 ns
[2022-08-19T16:33:21.834+0000][9044][safepoint   ] Safepoint "Cleanup", Time since last: 5001226777 ns, Reaching safepoint: 71814 ns, At safepoint: 21598 ns, Total: 93412 ns
[2022-08-19T16:33:24.836+0000][9044][safepoint   ] Safepoint "Cleanup", Time since last: 3001107987 ns, Reaching safepoint: 85853 ns, At safepoint: 5940 ns, Total: 91793 ns
[2022-08-19T16:33:25.836+0000][9044][safepoint   ] Safepoint "Cleanup", Time since last: 1000014579 ns, Reaching safepoint: 135528 ns, At safepoint: 18899 ns, Total: 154427 ns
[2022-08-19T16:33:27.836+0000][9044][safepoint   ] Safepoint "Cleanup", Time since last: 1999925486 ns, Reaching safepoint: 78293 ns, At safepoint: 14579 ns, Total: 92872 ns
[2022-08-19T16:33:29.836+0000][9044][safepoint   ] Safepoint "Cleanup", Time since last: 1999984881 ns, Reaching safepoint: 95032 ns, At safepoint: 5400 ns, Total: 100432 ns
[2022-08-19T16:33:31.836+0000][9044][safepoint   ] Safepoint "Cleanup", Time since last: 2000028618 ns, Reaching safepoint: 86392 ns, At safepoint: 5400 ns, Total: 91792 ns
[2022-08-19T16:33:33.836+0000][9044][safepoint   ] Safepoint "Cleanup", Time since last: 2000010259 ns, Reaching safepoint: 62095 ns, At safepoint: 9719 ns, Total: 71814 ns
[2022-08-19T16:33:35.836+0000][9044][safepoint   ] Safepoint "Cleanup", Time since last: 2000068574 ns, Reaching safepoint: 88553 ns, At safepoint: 4859 ns, Total: 93412 ns
[2022-08-19T16:33:37.836+0000][9044][safepoint   ] Safepoint "Cleanup", Time since last: 2000095572 ns, Reaching safepoint: 69655 ns, At safepoint: 13498 ns, Total: 83153 ns
[2022-08-19T16:33:39.838+0000][9044][safepoint   ] Safepoint "Cleanup", Time since last: 2001016735 ns, Reaching safepoint: 59395 ns, At safepoint: 12419 ns, Total: 71814 ns
[2022-08-19T16:33:42.839+0000][9044][safepoint   ] Safepoint "Cleanup", Time since last: 3001457878 ns, Reaching safepoint: 61555 ns, At safepoint: 7019 ns, Total: 68574 ns
[2022-08-19T16:33:44.840+0000][9044][safepoint   ] Safepoint "Cleanup", Time since last: 2000571812 ns, Reaching safepoint: 64255 ns, At safepoint: 4320 ns, Total: 68575 ns
[2022-08-19T16:33:45.841+0000][9044][safepoint   ] Safepoint "Cleanup", Time since last: 1000764036 ns, Reaching safepoint: 55075 ns, At safepoint: 4320 ns, Total: 59395 ns
[2022-08-19T16:33:53.877+0000][9044][safepoint   ] Safepoint "Cleanup", Time since last: 8036295759 ns, Reaching safepoint: 90172 ns, At safepoint: 7020 ns, Total: 97192 ns
[2022-08-19T16:33:55.877+0000][9044][safepoint   ] Safepoint "Cleanup", Time since last: 2000186824 ns, Reaching safepoint: 64255 ns, At safepoint: 36717 ns, Total: 100972 ns
[2022-08-19T16:33:56.879+0000][9044][safepoint   ] Safepoint "Cleanup", Time since last: 1000390927 ns, Reaching safepoint: 212742 ns, At safepoint: 1282393 ns, Total: 1495135 ns
[2022-08-19T16:33:57.892+0000][9044][safepoint   ] Safepoint "Cleanup", Time since last: 1012584725 ns, Reaching safepoint: 73434 ns, At safepoint: 6480 ns, Total: 79914 ns
[2022-08-19T16:33:58.895+0000][9044][safepoint   ] Safepoint "Cleanup", Time since last: 1002912516 ns, Reaching safepoint: 70734 ns, At safepoint: 123109 ns, Total: 193843 ns
[2022-08-19T16:34:01.930+0000][9044][safepoint   ] Safepoint "Cleanup", Time since last: 3035041984 ns, Reaching safepoint: 75594 ns, At safepoint: 14579 ns, Total: 90173 ns
[2022-08-19T16:34:08.939+0000][9044][safepoint   ] Safepoint "Cleanup", Time since last: 7009227287 ns, Reaching safepoint: 64254 ns, At safepoint: 14039 ns, Total: 78293 ns
[2022-08-19T16:34:10.939+0000][9044][safepoint   ] Safepoint "Cleanup", Time since last: 2000000000 ns, Reaching safepoint: 65875 ns, At safepoint: 12419 ns, Total: 78294 ns
[2022-08-19T16:34:13.940+0000][9044][safepoint   ] Safepoint "Cleanup", Time since last: 3000210042 ns, Reaching safepoint: 65875 ns, At safepoint: 14038 ns, Total: 79913 ns
[2022-08-19T16:34:17.941+0000][9044][safepoint   ] Safepoint "Cleanup", Time since last: 4001154424 ns, Reaching safepoint: 68574 ns, At safepoint: 107451 ns, Total: 176025 ns
[2022-08-19T16:34:19.942+0000][9044][safepoint   ] Safepoint "Cleanup", Time since last: 2000834770 ns, Reaching safepoint: 64795 ns, At safepoint: 42116 ns, Total: 106911 ns
[2022-08-19T16:34:21.942+0000][9044][safepoint   ] Safepoint "Cleanup", Time since last: 2000014579 ns, Reaching safepoint: 81533 ns, At safepoint: 4320 ns, Total: 85853 ns
[2022-08-19T16:34:29.944+0000][9044][safepoint   ] Safepoint "Cleanup", Time since last: 8001456258 ns, Reaching safepoint: 62095 ns, At safepoint: 12418 ns, Total: 74513 ns
[2022-08-19T16:34:31.944+0000][9044][safepoint   ] Safepoint "Cleanup", Time since last: 1999960584 ns, Reaching safepoint: 76673 ns, At safepoint: 5400 ns, Total: 82073 ns
[2022-08-19T16:34:33.944+0000][9044][safepoint   ] Safepoint "Cleanup", Time since last: 2000082073 ns, Reaching safepoint: 81533 ns, At safepoint: 18899 ns, Total: 100432 ns
[2022-08-19T16:34:41.945+0000][9044][safepoint   ] Safepoint "Cleanup", Time since last: 8001407662 ns, Reaching safepoint: 62094 ns, At safepoint: 7020 ns, Total: 69114 ns
[2022-08-19T16:34:43.946+0000][9044][safepoint   ] Safepoint "Cleanup", Time since last: 2001030234 ns, Reaching safepoint: 71813 ns, At safepoint: 12959 ns, Total: 84772 ns
[2022-08-19T16:34:45.946+0000][9044][safepoint   ] Safepoint "Cleanup", Time since last: 1999952484 ns, Reaching safepoint: 55616 ns, At safepoint: 31317 ns, Total: 86933 ns
[2022-08-19T16:34:47.947+0000][9044][safepoint   ] Safepoint "Cleanup", Time since last: 2000050756 ns, Reaching safepoint: 91792 ns, At safepoint: 17279 ns, Total: 109071 ns
[2022-08-19T16:34:52.948+0000][9044][safepoint   ] Safepoint "Cleanup", Time since last: 5001169002 ns, Reaching safepoint: 99351 ns, At safepoint: 19439 ns, Total: 118790 ns
[2022-08-19T16:34:56.948+0000][9044][safepoint   ] Safepoint "Cleanup", Time since last: 4000081533 ns, Reaching safepoint: 68574 ns, At safepoint: 11339 ns, Total: 79913 ns
[2022-08-19T16:34:58.948+0000][9044][safepoint   ] Safepoint "Cleanup", Time since last: 2000132289 ns, Reaching safepoint: 69114 ns, At safepoint: 12959 ns, Total: 82073 ns
[2022-08-19T16:35:04.949+0000][9044][safepoint   ] Safepoint "Cleanup", Time since last: 6000282397 ns, Reaching safepoint: 70734 ns, At safepoint: 15658 ns, Total: 86392 ns
[2022-08-19T16:35:07.950+0000][9044][safepoint   ] Safepoint "Cleanup", Time since last: 3001066411 ns, Reaching safepoint: 58855 ns, At safepoint: 14579 ns, Total: 73434 ns
[2022-08-19T16:35:09.956+0000][9044][safepoint   ] Safepoint "Cleanup", Time since last: 2006677621 ns, Reaching safepoint: 46976 ns, At safepoint: 4859 ns, Total: 51835 ns
[2022-08-19T16:35:10.965+0000][9044][safepoint   ] Safepoint "Cleanup", Time since last: 1008327182 ns, Reaching safepoint: 68575 ns, At safepoint: 4859 ns, Total: 73434 ns
[2022-08-19T16:35:21.007+0000][9044][safepoint   ] Safepoint "Cleanup", Time since last: 10041724465 ns, Reaching safepoint: 130129 ns, At safepoint: 28077 ns, Total: 158206 ns
[2022-08-19T16:35:23.008+0000][9044][safepoint   ] Safepoint "Cleanup", Time since last: 2000949781 ns, Reaching safepoint: 78293 ns, At safepoint: 14579 ns, Total: 92872 ns
[2022-08-19T16:35:28.011+0000][9044][safepoint   ] Safepoint "Cleanup", Time since last: 5003191673 ns, Reaching safepoint: 48056 ns, At safepoint: 3779 ns, Total: 51835 ns
[2022-08-19T16:35:30.012+0000][9044][safepoint   ] Safepoint "Cleanup", Time since last: 2000698162 ns, Reaching safepoint: 70194 ns, At safepoint: 14039 ns, Total: 84233 ns
[2022-08-19T16:35:31.012+0000][9044][safepoint   ] Safepoint "Cleanup", Time since last: 1000044276 ns, Reaching safepoint: 75594 ns, At safepoint: 4859 ns, Total: 80453 ns
[2022-08-19T16:35:32.013+0000][9044][safepoint   ] Safepoint "Cleanup", Time since last: 1000916304 ns, Reaching safepoint: 101511 ns, At safepoint: 21598 ns, Total: 123109 ns
[2022-08-19T16:35:33.014+0000][9044][safepoint   ] Safepoint "Cleanup", Time since last: 1000731639 ns, Reaching safepoint: 64255 ns, At safepoint: 5399 ns, Total: 69654 ns
[2022-08-19T16:35:39.038+0000][9044][safepoint   ] Safepoint "Cleanup", Time since last: 6024026367 ns, Reaching safepoint: 58315 ns, At safepoint: 4860 ns, Total: 63175 ns
[2022-08-19T16:35:41.038+0000][9044][safepoint   ] Safepoint "Cleanup", Time since last: 2000200323 ns, Reaching safepoint: 53456 ns, At safepoint: 12419 ns, Total: 65875 ns
[2022-08-19T16:35:43.046+0000][9044][safepoint   ] Safepoint "Cleanup", Time since last: 2007419518 ns, Reaching safepoint: 69654 ns, At safepoint: 24298 ns, Total: 93952 ns
[2022-08-19T16:35:44.049+0000][9044][safepoint   ] Safepoint "Cleanup", Time since last: 1003580440 ns, Reaching safepoint: 59935 ns, At safepoint: 10799 ns, Total: 70734 ns
[2022-08-19T16:35:45.052+0000][9044][safepoint   ] Safepoint "Cleanup", Time since last: 1002834763 ns, Reaching safepoint: 58855 ns, At safepoint: 12419 ns, Total: 71274 ns
[2022-08-19T16:35:48.070+0000][9044][safepoint   ] Safepoint "Cleanup", Time since last: 3017535031 ns, Reaching safepoint: 51835 ns, At safepoint: 3780 ns, Total: 55615 ns
[2022-08-19T16:35:50.083+0000][9044][safepoint   ] Safepoint "Cleanup", Time since last: 2013115501 ns, Reaching safepoint: 65875 ns, At safepoint: 12959 ns, Total: 78834 ns
[2022-08-19T16:35:53.089+0000][9044][safepoint   ] Safepoint "Cleanup", Time since last: 3005819092 ns, Reaching safepoint: 84773 ns, At safepoint: 8099 ns, Total: 92872 ns
[2022-08-19T16:35:56.114+0000][9044][safepoint   ] Safepoint "Cleanup", Time since last: 3024743427 ns, Reaching safepoint: 95572 ns, At safepoint: 7020 ns, Total: 102592 ns
[2022-08-19T16:35:57.124+0000][9044][safepoint   ] Safepoint "Cleanup", Time since last: 1009986463 ns, Reaching safepoint: 66954 ns, At safepoint: 15119 ns, Total: 82073 ns
[2022-08-19T16:35:58.126+0000][9044][safepoint   ] Safepoint "Cleanup", Time since last: 1002594483 ns, Reaching safepoint: 57235 ns, At safepoint: 5939 ns, Total: 63174 ns
[2022-08-19T16:35:59.128+0000][9044][safepoint   ] Safepoint "Cleanup", Time since last: 1001570729 ns, Reaching safepoint: 64254 ns, At safepoint: 5400 ns, Total: 69654 ns
[2022-08-19T16:36:08.167+0000][9044][safepoint   ] Safepoint "Cleanup", Time since last: 9039248232 ns, Reaching safepoint: 55615 ns, At safepoint: 5400 ns, Total: 61015 ns
[2022-08-19T16:36:09.181+0000][9044][safepoint   ] Safepoint "Cleanup", Time since last: 1013448653 ns, Reaching safepoint: 65335 ns, At safepoint: 6479 ns, Total: 71814 ns
[2022-08-19T16:36:10.187+0000][9044][safepoint   ] Safepoint "Cleanup", Time since last: 1006141985 ns, Reaching safepoint: 72354 ns, At safepoint: 4860 ns, Total: 77214 ns
[2022-08-19T16:36:12.203+0000][9044][safepoint   ] Safepoint "Cleanup", Time since last: 2015612252 ns, Reaching safepoint: 68034 ns, At safepoint: 7560 ns, Total: 75594 ns
[2022-08-19T16:36:17.244+0000][9044][safepoint   ] Safepoint "Cleanup", Time since last: 5041291420 ns, Reaching safepoint: 55076 ns, At safepoint: 21598 ns, Total: 76674 ns
[2022-08-19T16:36:18.259+0000][9044][safepoint   ] Safepoint "Cleanup", Time since last: 1014790981 ns, Reaching safepoint: 55615 ns, At safepoint: 17818 ns, Total: 73433 ns
[2022-08-19T16:36:23.283+0000][9044][safepoint   ] Safepoint "Cleanup", Time since last: 5023733172 ns, Reaching safepoint: 77754 ns, At safepoint: 14578 ns, Total: 92332 ns
[2022-08-19T16:36:29.303+0000][9044][safepoint   ] Safepoint "Cleanup", Time since last: 6020077138 ns, Reaching safepoint: 68035 ns, At safepoint: 5939 ns, Total: 73974 ns
[2022-08-19T16:36:31.303+0000][9044][safepoint   ] Safepoint "Cleanup", Time since last: 2000034557 ns, Reaching safepoint: 75594 ns, At safepoint: 6479 ns, Total: 82073 ns
[2022-08-19T16:36:32.876+0000][9044][safepoint   ] Safepoint "Cleanup", Time since last: 1573009174 ns, Reaching safepoint: 254858 ns, At safepoint: 14039 ns, Total: 268897 ns
[2022-08-19T16:36:34.877+0000][9044][safepoint   ] Safepoint "Cleanup", Time since last: 2000839630 ns, Reaching safepoint: 90712 ns, At safepoint: 14039 ns, Total: 104751 ns
[2022-08-19T16:36:36.878+0000][9044][safepoint   ] Safepoint "Cleanup", Time since last: 2000019978 ns, Reaching safepoint: 72894 ns, At safepoint: 16199 ns, Total: 89093 ns
[2022-08-19T16:36:37.962+0000][9044][safepoint   ] Safepoint "Cleanup", Time since last: 1006627945 ns, Reaching safepoint: 46586757 ns, At safepoint: 31186167 ns, Total: 77772924 ns
[2022-08-19T16:36:44.965+0000][9044][safepoint   ] Safepoint "Cleanup", Time since last: 7002807225 ns, Reaching safepoint: 80453 ns, At safepoint: 15658 ns, Total: 96111 ns
[2022-08-19T16:36:45.974+0000][9044][safepoint   ] Safepoint "Cleanup", Time since last: 1009079880 ns, Reaching safepoint: 79373 ns, At safepoint: 13499 ns, Total: 92872 ns
[2022-08-19T16:36:47.976+0000][9044][safepoint   ] Safepoint "Cleanup", Time since last: 2001444379 ns, Reaching safepoint: 143088 ns, At safepoint: 5400 ns, Total: 148488 ns
[2022-08-19T16:37:00.979+0000][9044][safepoint   ] Safepoint "Cleanup", Time since last: 13003295343 ns, Reaching safepoint: 61015 ns, At safepoint: 14039 ns, Total: 75054 ns
[2022-08-19T16:37:01.980+0000][9044][safepoint   ] Safepoint "Cleanup", Time since last: 1000675484 ns, Reaching safepoint: 65874 ns, At safepoint: 13499 ns, Total: 79373 ns
[2022-08-19T16:37:04.980+0000][9044][safepoint   ] Safepoint "Cleanup", Time since last: 3000214902 ns, Reaching safepoint: 79373 ns, At safepoint: 18359 ns, Total: 97732 ns
[2022-08-19T16:37:10.992+0000][9044][safepoint   ] Safepoint "Cleanup", Time since last: 6011871445 ns, Reaching safepoint: 82613 ns, At safepoint: 23218 ns, Total: 105831 ns
[2022-08-19T16:37:20.010+0000][9044][safepoint   ] Safepoint "Cleanup", Time since last: 9017921639 ns, Reaching safepoint: 76673 ns, At safepoint: 4860 ns, Total: 81533 ns
[2022-08-19T16:37:21.016+0000][9044][safepoint   ] Safepoint "Cleanup", Time since last: 1006419522 ns, Reaching safepoint: 79913 ns, At safepoint: 17819 ns, Total: 97732 ns
[2022-08-19T16:37:29.049+0000][9044][safepoint   ] Safepoint "Cleanup", Time since last: 8031986380 ns, Reaching safepoint: 125810 ns, At safepoint: 20518 ns, Total: 146328 ns
[2022-08-19T16:37:31.049+0000][9044][safepoint   ] Safepoint "Cleanup", Time since last: 1999977862 ns, Reaching safepoint: 98811 ns, At safepoint: 12959 ns, Total: 111770 ns
[2022-08-19T16:37:33.050+0000][9044][safepoint   ] Safepoint "Cleanup", Time since last: 2000854209 ns, Reaching safepoint: 98272 ns, At safepoint: 23218 ns, Total: 121490 ns
[2022-08-19T16:37:35.050+0000][9044][safepoint   ] Safepoint "Cleanup", Time since last: 2000269977 ns, Reaching safepoint: 82073 ns, At safepoint: 5940 ns, Total: 88013 ns
[2022-08-19T16:37:36.051+0000][9044][safepoint   ] Safepoint "Cleanup", Time since last: 1000871487 ns, Reaching safepoint: 66414 ns, At safepoint: 12959 ns, Total: 79373 ns
[2022-08-19T16:37:38.052+0000][9044][safepoint   ] Safepoint "Cleanup", Time since last: 2000782394 ns, Reaching safepoint: 78834 ns, At safepoint: 14039 ns, Total: 92873 ns
[2022-08-19T16:37:40.053+0000][9044][safepoint   ] Safepoint "Cleanup", Time since last: 2000819111 ns, Reaching safepoint: 72354 ns, At safepoint: 7019 ns, Total: 79373 ns
[2022-08-19T16:37:41.054+0000][9044][safepoint   ] Safepoint "Cleanup", Time since last: 1000902265 ns, Reaching safepoint: 120410 ns, At safepoint: 19438 ns, Total: 139848 ns
[2022-08-19T16:37:43.054+0000][9044][safepoint   ] Safepoint "Cleanup", Time since last: 2000083693 ns, Reaching safepoint: 88553 ns, At safepoint: 15658 ns, Total: 104211 ns
[2022-08-19T16:37:45.055+0000][9044][safepoint   ] Safepoint "Cleanup", Time since last: 2000873107 ns, Reaching safepoint: 80993 ns, At safepoint: 20519 ns, Total: 101512 ns
[2022-08-19T16:37:47.056+0000][9044][safepoint   ] Safepoint "Cleanup", Time since last: 2001489735 ns, Reaching safepoint: 72354 ns, At safepoint: 14039 ns, Total: 86393 ns
[2022-08-19T16:37:50.059+0000][9044][safepoint   ] Safepoint "Cleanup", Time since last: 3002774827 ns, Reaching safepoint: 86933 ns, At safepoint: 5399 ns, Total: 92332 ns
[2022-08-19T16:37:53.071+0000][9044][safepoint   ] Safepoint "Cleanup", Time since last: 3011536134 ns, Reaching safepoint: 53995 ns, At safepoint: 5400 ns, Total: 59395 ns
[2022-08-19T16:37:54.086+0000][9044][safepoint   ] Safepoint "Cleanup", Time since last: 1014681370 ns, Reaching safepoint: 56155 ns, At safepoint: 11879 ns, Total: 68034 ns
[2022-08-19T16:37:56.094+0000][9044][safepoint   ] Safepoint "Cleanup", Time since last: 2007898458 ns, Reaching safepoint: 68575 ns, At safepoint: 20518 ns, Total: 89093 ns
[2022-08-19T16:37:57.095+0000][9044][safepoint   ] Safepoint "Cleanup", Time since last: 1001427101 ns, Reaching safepoint: 59934 ns, At safepoint: 11879 ns, Total: 71813 ns
[2022-08-19T16:38:00.101+0000][9044][safepoint   ] Safepoint "Cleanup", Time since last: 3006112288 ns, Reaching safepoint: 77214 ns, At safepoint: 21598 ns, Total: 98812 ns
[2022-08-19T16:38:03.122+0000][9044][safepoint   ] Safepoint "Cleanup", Time since last: 3020455646 ns, Reaching safepoint: 70734 ns, At safepoint: 15659 ns, Total: 86393 ns
[2022-08-19T16:38:05.151+0000][9044][safepoint   ] Safepoint "Cleanup", Time since last: 2028914578 ns, Reaching safepoint: 53995 ns, At safepoint: 11339 ns, Total: 65334 ns
[2022-08-19T16:38:06.156+0000][9044][safepoint   ] Safepoint "Cleanup", Time since last: 1005277518 ns, Reaching safepoint: 49136 ns, At safepoint: 4859 ns, Total: 53995 ns
[2022-08-19T16:38:08.167+0000][9044][safepoint   ] Safepoint "Cleanup", Time since last: 2010425447 ns, Reaching safepoint: 72354 ns, At safepoint: 5939 ns, Total: 78293 ns
[2022-08-19T16:38:12.179+0000][9044][safepoint   ] Safepoint "Cleanup", Time since last: 4012064750 ns, Reaching safepoint: 91252 ns, At safepoint: 5940 ns, Total: 97192 ns
[2022-08-19T16:38:14.180+0000][9044][safepoint   ] Safepoint "Cleanup", Time since last: 2000776994 ns, Reaching safepoint: 54536 ns, At safepoint: 4319 ns, Total: 58855 ns
[2022-08-19T16:38:17.184+0000][9044][safepoint   ] Safepoint "Cleanup", Time since last: 3003822880 ns, Reaching safepoint: 69654 ns, At safepoint: 16739 ns, Total: 86393 ns
[2022-08-19T16:38:18.184+0000][9044][safepoint   ] Safepoint "Cleanup", Time since last: 1000350431 ns, Reaching safepoint: 103131 ns, At safepoint: 21058 ns, Total: 124189 ns
[2022-08-19T16:38:20.186+0000][9044][safepoint   ] Safepoint "Cleanup", Time since last: 2001338008 ns, Reaching safepoint: 144708 ns, At safepoint: 4860 ns, Total: 149568 ns
[2022-08-19T16:38:21.194+0000][9044][safepoint   ] Safepoint "Cleanup", Time since last: 1008237009 ns, Reaching safepoint: 61555 ns, At safepoint: 66955 ns, Total: 128510 ns
[2022-08-19T16:38:28.206+0000][9044][safepoint   ] Safepoint "Cleanup", Time since last: 7012379003 ns, Reaching safepoint: 62094 ns, At safepoint: 5940 ns, Total: 68034 ns
[2022-08-19T16:38:29.212+0000][9044][safepoint   ] Safepoint "Cleanup", Time since last: 1004911428 ns, Reaching safepoint: 104212 ns, At safepoint: 18358 ns, Total: 122570 ns
[2022-08-19T16:38:31.225+0000][9044][safepoint   ] Safepoint "Cleanup", Time since last: 2013670035 ns, Reaching safepoint: 79913 ns, At safepoint: 19439 ns, Total: 99352 ns
[2022-08-19T16:38:33.227+0000][9044][safepoint   ] Safepoint "Cleanup", Time since last: 2001474076 ns, Reaching safepoint: 112851 ns, At safepoint: 22678 ns, Total: 135529 ns
[2022-08-19T16:38:36.231+0000][9044][safepoint   ] Safepoint "Cleanup", Time since last: 3004091777 ns, Reaching safepoint: 85853 ns, At safepoint: 6479 ns, Total: 92332 ns
[2022-08-19T16:38:42.235+0000][9044][safepoint   ] Safepoint "Cleanup", Time since last: 6003477849 ns, Reaching safepoint: 103131 ns, At safepoint: 10799 ns, Total: 113930 ns
[2022-08-19T16:38:43.235+0000][9044][safepoint   ] Safepoint "Cleanup", Time since last: 1000465441 ns, Reaching safepoint: 61015 ns, At safepoint: 6480 ns, Total: 67495 ns
[2022-08-19T16:38:44.240+0000][9044][safepoint   ] Safepoint "Cleanup", Time since last: 1004476764 ns, Reaching safepoint: 81534 ns, At safepoint: 12419 ns, Total: 93953 ns
[2022-08-19T16:38:46.240+0000][9044][safepoint   ] Safepoint "Cleanup", Time since last: 2000208422 ns, Reaching safepoint: 91253 ns, At safepoint: 14038 ns, Total: 105291 ns
[2022-08-19T16:38:47.545+0000][9044][gc,start    ] GC(20) Pause Young (Normal) (G1 Evacuation Pause)
[2022-08-19T16:38:47.545+0000][9044][gc,task     ] GC(20) Using 4 workers of 4 for evacuation
[2022-08-19T16:38:47.546+0000][9044][gc,age      ] GC(20) Desired survivor size 150994944 bytes, new threshold 15 (max threshold 15)
[2022-08-19T16:38:47.602+0000][9044][gc,age      ] GC(20) Age table with threshold 15 (max threshold 15)
[2022-08-19T16:38:47.603+0000][9044][gc,age      ] GC(20) - age   1:    6323960 bytes,    6323960 total
[2022-08-19T16:38:47.603+0000][9044][gc,age      ] GC(20) - age   2:    2878944 bytes,    9202904 total
[2022-08-19T16:38:47.603+0000][9044][gc,age      ] GC(20) - age   3:    2005664 bytes,   11208568 total
[2022-08-19T16:38:47.603+0000][9044][gc,age      ] GC(20) - age   4:    1279896 bytes,   12488464 total
[2022-08-19T16:38:47.603+0000][9044][gc,age      ] GC(20) - age   5:    9123248 bytes,   21611712 total
[2022-08-19T16:38:47.603+0000][9044][gc,age      ] GC(20) - age   6:    8753936 bytes,   30365648 total
[2022-08-19T16:38:47.603+0000][9044][gc,age      ] GC(20) - age   7:    1454552 bytes,   31820200 total
[2022-08-19T16:38:47.603+0000][9044][gc,age      ] GC(20) - age   8:   14736112 bytes,   46556312 total
[2022-08-19T16:38:47.603+0000][9044][gc,phases   ] GC(20)   Pre Evacuate Collection Set: 0.2ms
[2022-08-19T16:38:47.603+0000][9044][gc,phases   ] GC(20)   Merge Heap Roots: 0.3ms
[2022-08-19T16:38:47.603+0000][9044][gc,phases   ] GC(20)   Evacuate Collection Set: 52.4ms
[2022-08-19T16:38:47.603+0000][9044][gc,phases   ] GC(20)   Post Evacuate Collection Set: 3.8ms
[2022-08-19T16:38:47.603+0000][9044][gc,phases   ] GC(20)   Other: 0.8ms
[2022-08-19T16:38:47.603+0000][9044][gc,heap     ] GC(20) Eden regions: 561->0(560)
[2022-08-19T16:38:47.603+0000][9044][gc,heap     ] GC(20) Survivor regions: 12->13(72)
[2022-08-19T16:38:47.603+0000][9044][gc,heap     ] GC(20) Old regions: 14->14
[2022-08-19T16:38:47.603+0000][9044][gc,heap     ] GC(20) Archive regions: 0->0
[2022-08-19T16:38:47.603+0000][9044][gc,heap     ] GC(20) Humongous regions: 2->2
[2022-08-19T16:38:47.603+0000][9044][gc,metaspace] GC(20) Metaspace: 121202K(123072K)->121202K(123072K) NonClass: 105010K(106176K)->105010K(106176K) Class: 16192K(16896K)->16192K(16896K)
[2022-08-19T16:38:47.603+0000][9044][gc          ] GC(20) Pause Young (Normal) (G1 Evacuation Pause) 2354M->112M(3824M) 57.890ms
[2022-08-19T16:38:47.603+0000][9044][gc,cpu      ] GC(20) User=0.17s Sys=0.00s Real=0.06s
[2022-08-19T16:38:47.603+0000][9044][safepoint   ] Safepoint "G1CollectForAllocation", Time since last: 1305763424 ns, Reaching safepoint: 50755 ns, At safepoint: 58099133 ns, Total: 58149888 ns
[2022-08-19T16:38:48.605+0000][9044][safepoint   ] Safepoint "Cleanup", Time since last: 1000474620 ns, Reaching safepoint: 78293 ns, At safepoint: 12959 ns, Total: 91252 ns
[2022-08-19T16:38:53.617+0000][9044][safepoint   ] Safepoint "Cleanup", Time since last: 5012556108 ns, Reaching safepoint: 68575 ns, At safepoint: 17278 ns, Total: 85853 ns
[2022-08-19T16:38:54.618+0000][9044][safepoint   ] Safepoint "Cleanup", Time since last: 1000612309 ns, Reaching safepoint: 82073 ns, At safepoint: 15659 ns, Total: 97732 ns
[2022-08-19T16:38:57.632+0000][9044][safepoint   ] Safepoint "Cleanup", Time since last: 3013803943 ns, Reaching safepoint: 92332 ns, At safepoint: 16199 ns, Total: 108531 ns
[2022-08-19T16:38:59.633+0000][9044][safepoint   ] Safepoint "Cleanup", Time since last: 2000644166 ns, Reaching safepoint: 135529 ns, At safepoint: 15659 ns, Total: 151188 ns
[2022-08-19T16:39:02.633+0000][9044][safepoint   ] Safepoint "Cleanup", Time since last: 3000295355 ns, Reaching safepoint: 61555 ns, At safepoint: 12958 ns, Total: 74513 ns
[2022-08-19T16:39:05.635+0000][9044][safepoint   ] Safepoint "Cleanup", Time since last: 3001924399 ns, Reaching safepoint: 71274 ns, At safepoint: 17819 ns, Total: 89093 ns
[2022-08-19T16:39:08.637+0000][9044][safepoint   ] Safepoint "Cleanup", Time since last: 3001883362 ns, Reaching safepoint: 58315 ns, At safepoint: 8639 ns, Total: 66954 ns
[2022-08-19T16:39:09.643+0000][9044][safepoint   ] Safepoint "Cleanup", Time since last: 1005894686 ns, Reaching safepoint: 111771 ns, At safepoint: 8639 ns, Total: 120410 ns
[2022-08-19T16:39:11.644+0000][9044][safepoint   ] Safepoint "Cleanup", Time since last: 2001303451 ns, Reaching safepoint: 81533 ns, At safepoint: 6480 ns, Total: 88013 ns
[2022-08-19T16:39:12.645+0000][9044][safepoint   ] Safepoint "Cleanup", Time since last: 1000689522 ns, Reaching safepoint: 274297 ns, At safepoint: 11879 ns, Total: 286176 ns
[2022-08-19T16:39:14.646+0000][9044][safepoint   ] Safepoint "Cleanup", Time since last: 2000569112 ns, Reaching safepoint: 138769 ns, At safepoint: 5939 ns, Total: 144708 ns
[2022-08-19T16:39:17.665+0000][9044][safepoint   ] Safepoint "Cleanup", Time since last: 3018502090 ns, Reaching safepoint: 74514 ns, At safepoint: 12419 ns, Total: 86933 ns
[2022-08-19T16:39:20.667+0000][9044][safepoint   ] Safepoint "Cleanup", Time since last: 3002063707 ns, Reaching safepoint: 71814 ns, At safepoint: 24298 ns, Total: 96112 ns
[2022-08-19T16:39:22.667+0000][9044][safepoint   ] Safepoint "Cleanup", Time since last: 2000136069 ns, Reaching safepoint: 80993 ns, At safepoint: 13499 ns, Total: 94492 ns
[2022-08-19T16:39:23.668+0000][9044][safepoint   ] Safepoint "Cleanup", Time since last: 1000771595 ns, Reaching safepoint: 62095 ns, At safepoint: 12419 ns, Total: 74514 ns
[2022-08-19T16:39:30.356+0000][9044][safepoint   ] Safepoint "Cleanup", Time since last: 6688312193 ns, Reaching safepoint: 74514 ns, At safepoint: 41576 ns, Total: 116090 ns
[2022-08-19T16:39:31.368+0000][9044][safepoint   ] Safepoint "Cleanup", Time since last: 1011218100 ns, Reaching safepoint: 204643 ns, At safepoint: 14039 ns, Total: 218682 ns
[2022-08-19T16:39:35.383+0000][9044][safepoint   ] Safepoint "Cleanup", Time since last: 4015002643 ns, Reaching safepoint: 57235 ns, At safepoint: 5940 ns, Total: 63175 ns
[2022-08-19T16:39:41.428+0000][9044][safepoint   ] Safepoint "Cleanup", Time since last: 6045540325 ns, Reaching safepoint: 79913 ns, At safepoint: 12419 ns, Total: 92332 ns
[2022-08-19T16:39:42.443+0000][9044][safepoint   ] Safepoint "Cleanup", Time since last: 1014567979 ns, Reaching safepoint: 73974 ns, At safepoint: 12959 ns, Total: 86933 ns
[2022-08-19T16:39:43.445+0000][9044][safepoint   ] Safepoint "Cleanup", Time since last: 1002194376 ns, Reaching safepoint: 70194 ns, At safepoint: 21598 ns, Total: 91792 ns
[2022-08-19T16:39:45.459+0000][9044][safepoint   ] Safepoint "Cleanup", Time since last: 2013766687 ns, Reaching safepoint: 55615 ns, At safepoint: 4320 ns, Total: 59935 ns
[2022-08-19T16:39:49.933+0000][9044][safepoint   ] Safepoint "Cleanup", Time since last: 4474284924 ns, Reaching safepoint: 63715 ns, At safepoint: 72354 ns, Total: 136069 ns
[2022-08-19T16:39:50.934+0000][9044][safepoint   ] Safepoint "Cleanup", Time since last: 1000187904 ns, Reaching safepoint: 76674 ns, At safepoint: 5939 ns, Total: 82613 ns
[2022-08-19T16:39:52.935+0000][9044][safepoint   ] Safepoint "Cleanup", Time since last: 2000821812 ns, Reaching safepoint: 99351 ns, At safepoint: 117710 ns, Total: 217061 ns
[2022-08-19T16:39:53.935+0000][9044][safepoint   ] Safepoint "Cleanup", Time since last: 1000171706 ns, Reaching safepoint: 72354 ns, At safepoint: 5399 ns, Total: 77753 ns
[2022-08-19T16:39:55.936+0000][9044][safepoint   ] Safepoint "Cleanup", Time since last: 2000926023 ns, Reaching safepoint: 78833 ns, At safepoint: 16199 ns, Total: 95032 ns
[2022-08-19T16:39:56.937+0000][9044][safepoint   ] Safepoint "Cleanup", Time since last: 1000602589 ns, Reaching safepoint: 59935 ns, At safepoint: 12959 ns, Total: 72894 ns
[2022-08-19T16:40:00.296+0000][9044][safepoint   ] Safepoint "Cleanup", Time since last: 3358994864 ns, Reaching safepoint: 88552 ns, At safepoint: 5400 ns, Total: 93952 ns
[2022-08-19T16:40:07.322+0000][9044][safepoint   ] Safepoint "Cleanup", Time since last: 7026025279 ns, Reaching safepoint: 58855 ns, At safepoint: 5940 ns, Total: 64795 ns
[2022-08-19T16:40:11.265+0000][9044][safepoint   ] Safepoint "Cleanup", Time since last: 3953118428 ns, Reaching safepoint: 198703 ns, At safepoint: 14039 ns, Total: 212742 ns
[2022-08-19T16:40:13.283+0000][9044][safepoint   ] Safepoint "Cleanup", Time since last: 2007454075 ns, Reaching safepoint: 71274 ns, At safepoint: 12419 ns, Total: 83693 ns
[2022-08-19T16:40:23.338+0000][9044][safepoint   ] Safepoint "Cleanup", Time since last: 10055343204 ns, Reaching safepoint: 80993 ns, At safepoint: 7559 ns, Total: 88552 ns
[2022-08-19T16:40:25.340+0000][9044][safepoint   ] Safepoint "Cleanup", Time since last: 2001371485 ns, Reaching safepoint: 80994 ns, At safepoint: 5939 ns, Total: 86933 ns
[2022-08-19T16:40:31.347+0000][9044][safepoint   ] Safepoint "Cleanup", Time since last: 6006922220 ns, Reaching safepoint: 63715 ns, At safepoint: 14579 ns, Total: 78294 ns
[2022-08-19T16:40:33.348+0000][9044][safepoint   ] Safepoint "Cleanup", Time since last: 2000936821 ns, Reaching safepoint: 62095 ns, At safepoint: 12959 ns, Total: 75054 ns
[2022-08-19T16:40:35.363+0000][9044][safepoint   ] Safepoint "Cleanup", Time since last: 2014713767 ns, Reaching safepoint: 69114 ns, At safepoint: 5940 ns, Total: 75054 ns
[2022-08-19T16:40:36.363+0000][9044][safepoint   ] Safepoint "Cleanup", Time since last: 1000597190 ns, Reaching safepoint: 79913 ns, At safepoint: 21598 ns, Total: 101511 ns
[2022-08-19T16:40:45.367+0000][9044][safepoint   ] Safepoint "Cleanup", Time since last: 9003480009 ns, Reaching safepoint: 140388 ns, At safepoint: 5400 ns, Total: 145788 ns
[2022-08-19T16:40:47.367+0000][9044][safepoint   ] Safepoint "Cleanup", Time since last: 1999970302 ns, Reaching safepoint: 82073 ns, At safepoint: 5400 ns, Total: 87473 ns
[2022-08-19T16:40:48.367+0000][9044][safepoint   ] Safepoint "Cleanup", Time since last: 1000198703 ns, Reaching safepoint: 76674 ns, At safepoint: 13499 ns, Total: 90173 ns
[2022-08-19T16:40:50.380+0000][9044][safepoint   ] Safepoint "Cleanup", Time since last: 2012711075 ns, Reaching safepoint: 63714 ns, At safepoint: 12959 ns, Total: 76673 ns
[2022-08-19T16:40:52.392+0000][9044][safepoint   ] Safepoint "Cleanup", Time since last: 2012207837 ns, Reaching safepoint: 80994 ns, At safepoint: 17818 ns, Total: 98812 ns
[2022-08-19T16:40:54.411+0000][9044][safepoint   ] Safepoint "Cleanup", Time since last: 2018633299 ns, Reaching safepoint: 57235 ns, At safepoint: 5940 ns, Total: 63175 ns
[2022-08-19T16:41:00.436+0000][9044][safepoint   ] Safepoint "Cleanup", Time since last: 6024664053 ns, Reaching safepoint: 80994 ns, At safepoint: 19438 ns, Total: 100432 ns
[2022-08-19T16:41:02.439+0000][9044][safepoint   ] Safepoint "Cleanup", Time since last: 2003129578 ns, Reaching safepoint: 64794 ns, At safepoint: 11879 ns, Total: 76673 ns
[2022-08-19T16:41:05.468+0000][9044][safepoint   ] Safepoint "Cleanup", Time since last: 3028818466 ns, Reaching safepoint: 50756 ns, At safepoint: 21058 ns, Total: 71814 ns
[2022-08-19T16:41:09.484+0000][9044][safepoint   ] Safepoint "Cleanup", Time since last: 4015431907 ns, Reaching safepoint: 59935 ns, At safepoint: 5400 ns, Total: 65335 ns
[2022-08-19T16:41:12.505+0000][9044][safepoint   ] Safepoint "Cleanup", Time since last: 3021536635 ns, Reaching safepoint: 73974 ns, At safepoint: 15119 ns, Total: 89093 ns
[2022-08-19T16:41:14.505+0000][9044][safepoint   ] Safepoint "Cleanup", Time since last: 2000034017 ns, Reaching safepoint: 61555 ns, At safepoint: 13499 ns, Total: 75054 ns
[2022-08-19T16:41:17.516+0000][9044][safepoint   ] Safepoint "Cleanup", Time since last: 3010761838 ns, Reaching safepoint: 85313 ns, At safepoint: 19978 ns, Total: 105291 ns
[2022-08-19T16:41:20.520+0000][9044][safepoint   ] Safepoint "Cleanup", Time since last: 3003978387 ns, Reaching safepoint: 62635 ns, At safepoint: 14578 ns, Total: 77213 ns
[2022-08-19T16:41:26.532+0000][9044][safepoint   ] Safepoint "Cleanup", Time since last: 6011684621 ns, Reaching safepoint: 68575 ns, At safepoint: 3779 ns, Total: 72354 ns
[2022-08-19T16:41:27.538+0000][9044][safepoint   ] Safepoint "Cleanup", Time since last: 1005650087 ns, Reaching safepoint: 69654 ns, At safepoint: 12959 ns, Total: 82613 ns
[2022-08-19T16:41:28.550+0000][9044][safepoint   ] Safepoint "Cleanup", Time since last: 1012591205 ns, Reaching safepoint: 73974 ns, At safepoint: 4860 ns, Total: 78834 ns
[2022-08-19T16:41:29.562+0000][9044][safepoint   ] Safepoint "Cleanup", Time since last: 1011864426 ns, Reaching safepoint: 70734 ns, At safepoint: 4859 ns, Total: 75593 ns
[2022-08-19T16:41:31.575+0000][9044][safepoint   ] Safepoint "Cleanup", Time since last: 2012186779 ns, Reaching safepoint: 109611 ns, At safepoint: 5940 ns, Total: 115551 ns
[2022-08-19T16:41:32.576+0000][9044][safepoint   ] Safepoint "Cleanup", Time since last: 1000801292 ns, Reaching safepoint: 69655 ns, At safepoint: 18898 ns, Total: 88553 ns
[2022-08-19T16:41:37.618+0000][9044][safepoint   ] Safepoint "Cleanup", Time since last: 5042648867 ns, Reaching safepoint: 68034 ns, At safepoint: 12419 ns, Total: 80453 ns
[2022-08-19T16:41:44.672+0000][9044][safepoint   ] Safepoint "Cleanup", Time since last: 7054267614 ns, Reaching safepoint: 80993 ns, At safepoint: 12959 ns, Total: 93952 ns
[2022-08-19T16:41:50.683+0000][9044][safepoint   ] Safepoint "Cleanup", Time since last: 6010218104 ns, Reaching safepoint: 72354 ns, At safepoint: 11879 ns, Total: 84233 ns
[2022-08-19T16:41:51.683+0000][9044][safepoint   ] Safepoint "Cleanup", Time since last: 1000200323 ns, Reaching safepoint: 55075 ns, At safepoint: 4320 ns, Total: 59395 ns
[2022-08-19T16:41:53.688+0000][9044][safepoint   ] Safepoint "Cleanup", Time since last: 2004715425 ns, Reaching safepoint: 58855 ns, At safepoint: 13499 ns, Total: 72354 ns
[2022-08-19T16:41:54.690+0000][9044][safepoint   ] Safepoint "Cleanup", Time since last: 1001897401 ns, Reaching safepoint: 53455 ns, At safepoint: 5400 ns, Total: 58855 ns
[2022-08-19T16:42:12.740+0000][9044][safepoint   ] Safepoint "Cleanup", Time since last: 18050034908 ns, Reaching safepoint: 68574 ns, At safepoint: 15119 ns, Total: 83693 ns
[2022-08-19T16:42:17.769+0000][9044][safepoint   ] Safepoint "Cleanup", Time since last: 5028654319 ns, Reaching safepoint: 76674 ns, At safepoint: 4319 ns, Total: 80993 ns
[2022-08-19T16:42:18.770+0000][9044][safepoint   ] Safepoint "Cleanup", Time since last: 1001276453 ns, Reaching safepoint: 65875 ns, At safepoint: 7019 ns, Total: 72894 ns
[2022-08-19T16:42:30.792+0000][9044][safepoint   ] Safepoint "Cleanup", Time since last: 12022336849 ns, Reaching safepoint: 84773 ns, At safepoint: 11879 ns, Total: 96652 ns
[2022-08-19T16:42:32.793+0000][9044][safepoint   ] Safepoint "Cleanup", Time since last: 2000591790 ns, Reaching safepoint: 117170 ns, At safepoint: 5400 ns, Total: 122570 ns
[2022-08-19T16:42:36.795+0000][9044][safepoint   ] Safepoint "Cleanup", Time since last: 4001916300 ns, Reaching safepoint: 108530 ns, At safepoint: 8640 ns, Total: 117170 ns
[2022-08-19T16:42:38.796+0000][9044][safepoint   ] Safepoint "Cleanup", Time since last: 2000989197 ns, Reaching safepoint: 62635 ns, At safepoint: 12959 ns, Total: 75594 ns
[2022-08-19T16:42:42.809+0000][9044][safepoint   ] Safepoint "Cleanup", Time since last: 4012869281 ns, Reaching safepoint: 75594 ns, At safepoint: 8639 ns, Total: 84233 ns
[2022-08-19T16:42:48.819+0000][9044][safepoint   ] Safepoint "Cleanup", Time since last: 6009330959 ns, Reaching safepoint: 70734 ns, At safepoint: 9719 ns, Total: 80453 ns
[2022-08-19T16:42:52.836+0000][9044][safepoint   ] Safepoint "Cleanup", Time since last: 4017076069 ns, Reaching safepoint: 75054 ns, At safepoint: 13499 ns, Total: 88553 ns
[2022-08-19T16:42:53.836+0000][9044][safepoint   ] Safepoint "Cleanup", Time since last: 1000238660 ns, Reaching safepoint: 66414 ns, At safepoint: 17819 ns, Total: 84233 ns
[2022-08-19T16:42:55.836+0000][9044][safepoint   ] Safepoint "Cleanup", Time since last: 2000072354 ns, Reaching safepoint: 67494 ns, At safepoint: 13499 ns, Total: 80993 ns
[2022-08-19T16:42:56.837+0000][9044][safepoint   ] Safepoint "Cleanup", Time since last: 1000896865 ns, Reaching safepoint: 87472 ns, At safepoint: 15119 ns, Total: 102591 ns
[2022-08-19T16:43:02.878+0000][9044][safepoint   ] Safepoint "Cleanup", Time since last: 6040692611 ns, Reaching safepoint: 143088 ns, At safepoint: 6479 ns, Total: 149567 ns
[2022-08-19T16:43:05.879+0000][9044][safepoint   ] Safepoint "Cleanup", Time since last: 3000927643 ns, Reaching safepoint: 85313 ns, At safepoint: 4319 ns, Total: 89632 ns
[2022-08-19T16:43:12.894+0000][9044][safepoint   ] Safepoint "Cleanup", Time since last: 7014481587 ns, Reaching safepoint: 67494 ns, At safepoint: 12959 ns, Total: 80453 ns
[2022-08-19T16:43:13.897+0000][9044][safepoint   ] Safepoint "Cleanup", Time since last: 1002785627 ns, Reaching safepoint: 104751 ns, At safepoint: 16739 ns, Total: 121490 ns
[2022-08-19T16:43:21.951+0000][9044][safepoint   ] Safepoint "Cleanup", Time since last: 8054129385 ns, Reaching safepoint: 53455 ns, At safepoint: 4320 ns, Total: 57775 ns
[2022-08-19T16:43:30.955+0000][9044][safepoint   ] Safepoint "Cleanup", Time since last: 9004453007 ns, Reaching safepoint: 104751 ns, At safepoint: 5939 ns, Total: 110690 ns
[2022-08-19T16:43:32.956+0000][9044][safepoint   ] Safepoint "Cleanup", Time since last: 2000693302 ns, Reaching safepoint: 73974 ns, At safepoint: 4860 ns, Total: 78834 ns
[2022-08-19T16:43:33.957+0000][9044][safepoint   ] Safepoint "Cleanup", Time since last: 1000751617 ns, Reaching safepoint: 143088 ns, At safepoint: 4859 ns, Total: 147947 ns
[2022-08-19T16:43:41.960+0000][9044][safepoint   ] Safepoint "Cleanup", Time since last: 8003163055 ns, Reaching safepoint: 51296 ns, At safepoint: 13499 ns, Total: 64795 ns
[2022-08-19T16:43:42.964+0000][9044][safepoint   ] Safepoint "Cleanup", Time since last: 1004041561 ns, Reaching safepoint: 69115 ns, At safepoint: 23218 ns, Total: 92333 ns
[2022-08-19T16:43:43.965+0000][9044][safepoint   ] Safepoint "Cleanup", Time since last: 1000849888 ns, Reaching safepoint: 75594 ns, At safepoint: 15119 ns, Total: 90713 ns
[2022-08-19T16:43:45.966+0000][9044][safepoint   ] Safepoint "Cleanup", Time since last: 2000772675 ns, Reaching safepoint: 71274 ns, At safepoint: 13499 ns, Total: 84773 ns
[2022-08-19T16:43:46.967+0000][9044][safepoint   ] Safepoint "Cleanup", Time since last: 1000644166 ns, Reaching safepoint: 62635 ns, At safepoint: 5399 ns, Total: 68034 ns
[2022-08-19T16:43:47.968+0000][9044][safepoint   ] Safepoint "Cleanup", Time since last: 1000508098 ns, Reaching safepoint: 52915 ns, At safepoint: 5400 ns, Total: 58315 ns
[2022-08-19T16:43:49.969+0000][9044][safepoint   ] Safepoint "Cleanup", Time since last: 2000897945 ns, Reaching safepoint: 143088 ns, At safepoint: 4859 ns, Total: 147947 ns
[2022-08-19T16:43:54.982+0000][9044][safepoint   ] Safepoint "Cleanup", Time since last: 5013198114 ns, Reaching safepoint: 70735 ns, At safepoint: 16198 ns, Total: 86933 ns
[2022-08-19T16:43:55.982+0000][9044][safepoint   ] Safepoint "Cleanup", Time since last: 1000096652 ns, Reaching safepoint: 63715 ns, At safepoint: 5399 ns, Total: 69114 ns
[2022-08-19T16:43:57.995+0000][9044][safepoint   ] Safepoint "Cleanup", Time since last: 2013152218 ns, Reaching safepoint: 68035 ns, At safepoint: 4859 ns, Total: 72894 ns
[2022-08-19T16:44:17.052+0000][9044][safepoint   ] Safepoint "Cleanup", Time since last: 19056906913 ns, Reaching safepoint: 65874 ns, At safepoint: 12959 ns, Total: 78833 ns
[2022-08-19T16:44:21.055+0000][9044][safepoint   ] Safepoint "Cleanup", Time since last: 4002870400 ns, Reaching safepoint: 90172 ns, At safepoint: 92872 ns, Total: 183044 ns
[2022-08-19T16:44:24.057+0000][9044][safepoint   ] Safepoint "Cleanup", Time since last: 3001867704 ns, Reaching safepoint: 84233 ns, At safepoint: 13499 ns, Total: 97732 ns
[2022-08-19T16:44:27.059+0000][9044][safepoint   ] Safepoint "Cleanup", Time since last: 3001659281 ns, Reaching safepoint: 86392 ns, At safepoint: 24298 ns, Total: 110690 ns
[2022-08-19T16:44:31.059+0000][9044][safepoint   ] Safepoint "Cleanup", Time since last: 4000338552 ns, Reaching safepoint: 66954 ns, At safepoint: 14579 ns, Total: 81533 ns
[2022-08-19T16:44:42.076+0000][9044][safepoint   ] Safepoint "Cleanup", Time since last: 11016642486 ns, Reaching safepoint: 97732 ns, At safepoint: 15658 ns, Total: 113390 ns
[2022-08-19T16:44:43.077+0000][9044][safepoint   ] Safepoint "Cleanup", Time since last: 1000953560 ns, Reaching safepoint: 75594 ns, At safepoint: 14579 ns, Total: 90173 ns
[2022-08-19T16:44:44.078+0000][9044][safepoint   ] Safepoint "Cleanup", Time since last: 1000892545 ns, Reaching safepoint: 72894 ns, At safepoint: 5400 ns, Total: 78294 ns
[2022-08-19T16:44:48.629+0000][9044][gc,start    ] GC(21) Pause Young (Normal) (G1 Evacuation Pause)
[2022-08-19T16:44:48.629+0000][9044][gc,task     ] GC(21) Using 4 workers of 4 for evacuation
[2022-08-19T16:44:48.629+0000][9044][gc,age      ] GC(21) Desired survivor size 150994944 bytes, new threshold 15 (max threshold 15)
[2022-08-19T16:44:48.693+0000][9044][gc,age      ] GC(21) Age table with threshold 15 (max threshold 15)
[2022-08-19T16:44:48.693+0000][9044][gc,age      ] GC(21) - age   1:    3420328 bytes,    3420328 total
[2022-08-19T16:44:48.693+0000][9044][gc,age      ] GC(21) - age   2:    3729120 bytes,    7149448 total
[2022-08-19T16:44:48.693+0000][9044][gc,age      ] GC(21) - age   3:    2821888 bytes,    9971336 total
[2022-08-19T16:44:48.693+0000][9044][gc,age      ] GC(21) - age   4:    2004696 bytes,   11976032 total
[2022-08-19T16:44:48.693+0000][9044][gc,age      ] GC(21) - age   5:    1279784 bytes,   13255816 total
[2022-08-19T16:44:48.693+0000][9044][gc,age      ] GC(21) - age   6:    9107016 bytes,   22362832 total
[2022-08-19T16:44:48.693+0000][9044][gc,age      ] GC(21) - age   7:    8753736 bytes,   31116568 total
[2022-08-19T16:44:48.693+0000][9044][gc,age      ] GC(21) - age   8:    1454456 bytes,   32571024 total
[2022-08-19T16:44:48.693+0000][9044][gc,age      ] GC(21) - age   9:   14719440 bytes,   47290464 total
[2022-08-19T16:44:48.694+0000][9044][gc,phases   ] GC(21)   Pre Evacuate Collection Set: 0.3ms
[2022-08-19T16:44:48.694+0000][9044][gc,phases   ] GC(21)   Merge Heap Roots: 0.3ms
[2022-08-19T16:44:48.694+0000][9044][gc,phases   ] GC(21)   Evacuate Collection Set: 48.1ms
[2022-08-19T16:44:48.694+0000][9044][gc,phases   ] GC(21)   Post Evacuate Collection Set: 3.8ms
[2022-08-19T16:44:48.694+0000][9044][gc,phases   ] GC(21)   Other: 0.8ms
[2022-08-19T16:44:48.694+0000][9044][gc,heap     ] GC(21) Eden regions: 560->0(560)
[2022-08-19T16:44:48.694+0000][9044][gc,heap     ] GC(21) Survivor regions: 13->13(72)
[2022-08-19T16:44:48.694+0000][9044][gc,heap     ] GC(21) Old regions: 14->14
[2022-08-19T16:44:48.694+0000][9044][gc,heap     ] GC(21) Archive regions: 0->0
[2022-08-19T16:44:48.694+0000][9044][gc,heap     ] GC(21) Humongous regions: 2->2
[2022-08-19T16:44:48.694+0000][9044][gc,metaspace] GC(21) Metaspace: 121587K(123456K)->121587K(123456K) NonClass: 105359K(106496K)->105359K(106496K) Class: 16227K(16960K)->16227K(16960K)
[2022-08-19T16:44:48.694+0000][9044][gc          ] GC(21) Pause Young (Normal) (G1 Evacuation Pause) 2352M->114M(3824M) 53.743ms
[2022-08-19T16:44:48.694+0000][9044][gc,cpu      ] GC(21) User=0.19s Sys=0.00s Real=0.07s
[2022-08-19T16:44:48.694+0000][9044][safepoint   ] Safepoint "G1CollectForAllocation", Time since last: 4562539990 ns, Reaching safepoint: 57235 ns, At safepoint: 54001956 ns, Total: 54059191 ns
[2022-08-19T16:44:51.711+0000][9044][safepoint   ] Safepoint "Cleanup", Time since last: 3016348750 ns, Reaching safepoint: 69114 ns, At safepoint: 5400 ns, Total: 74514 ns
[2022-08-19T16:44:52.711+0000][9044][safepoint   ] Safepoint "Cleanup", Time since last: 1000064794 ns, Reaching safepoint: 66955 ns, At safepoint: 4859 ns, Total: 71814 ns
[2022-08-19T16:44:53.712+0000][9044][safepoint   ] Safepoint "Cleanup", Time since last: 1000926023 ns, Reaching safepoint: 108531 ns, At safepoint: 8099 ns, Total: 116630 ns
[2022-08-19T16:45:00.714+0000][9044][safepoint   ] Safepoint "Cleanup", Time since last: 7001848805 ns, Reaching safepoint: 92332 ns, At safepoint: 14039 ns, Total: 106371 ns
[2022-08-19T16:45:05.739+0000][9044][safepoint   ] Safepoint "Cleanup", Time since last: 5024707790 ns, Reaching safepoint: 91253 ns, At safepoint: 4859 ns, Total: 96112 ns
[2022-08-19T16:45:07.739+0000][9044][safepoint   ] Safepoint "Cleanup", Time since last: 2000120950 ns, Reaching safepoint: 75054 ns, At safepoint: 27537 ns, Total: 102591 ns
[2022-08-19T16:45:11.741+0000][9044][safepoint   ] Safepoint "Cleanup", Time since last: 4001081530 ns, Reaching safepoint: 73974 ns, At safepoint: 14578 ns, Total: 88552 ns
[2022-08-19T16:45:17.743+0000][9044][safepoint   ] Safepoint "Cleanup", Time since last: 6002501611 ns, Reaching safepoint: 63175 ns, At safepoint: 14578 ns, Total: 77753 ns
[2022-08-19T16:45:29.746+0000][9044][safepoint   ] Safepoint "Cleanup", Time since last: 12002926555 ns, Reaching safepoint: 80453 ns, At safepoint: 14579 ns, Total: 95032 ns
[2022-08-19T16:45:30.747+0000][9044][safepoint   ] Safepoint "Cleanup", Time since last: 1000886066 ns, Reaching safepoint: 77753 ns, At safepoint: 7020 ns, Total: 84773 ns
[2022-08-19T16:45:31.747+0000][9044][safepoint   ] Safepoint "Cleanup", Time since last: 1000219761 ns, Reaching safepoint: 75054 ns, At safepoint: 13499 ns, Total: 88553 ns
[2022-08-19T16:45:32.748+0000][9044][safepoint   ] Safepoint "Cleanup", Time since last: 1000892545 ns, Reaching safepoint: 91792 ns, At safepoint: 4320 ns, Total: 96112 ns
[2022-08-19T16:45:33.749+0000][9044][safepoint   ] Safepoint "Cleanup", Time since last: 1000803993 ns, Reaching safepoint: 68034 ns, At safepoint: 12959 ns, Total: 80993 ns
[2022-08-19T16:45:51.787+0000][9044][safepoint   ] Safepoint "Cleanup", Time since last: 18038068971 ns, Reaching safepoint: 67494 ns, At safepoint: 18898 ns, Total: 86392 ns
[2022-08-19T16:45:53.788+0000][9044][safepoint   ] Safepoint "Cleanup", Time since last: 1999996221 ns, Reaching safepoint: 59395 ns, At safepoint: 12959 ns, Total: 72354 ns
[2022-08-19T16:46:04.789+0000][9044][safepoint   ] Safepoint "Cleanup", Time since last: 11001583147 ns, Reaching safepoint: 103671 ns, At safepoint: 11879 ns, Total: 115550 ns
[2022-08-19T16:46:05.963+0000][9044][safepoint   ] Safepoint "Cleanup", Time since last: 1173950207 ns, Reaching safepoint: 96652 ns, At safepoint: 20518 ns, Total: 117170 ns
[2022-08-19T16:46:07.963+0000][9044][safepoint   ] Safepoint "Cleanup", Time since last: 1999987581 ns, Reaching safepoint: 65875 ns, At safepoint: 13498 ns, Total: 79373 ns
[2022-08-19T16:46:09.963+0000][9044][safepoint   ] Safepoint "Cleanup", Time since last: 2000047516 ns, Reaching safepoint: 147948 ns, At safepoint: 12959 ns, Total: 160907 ns
[2022-08-19T16:46:17.965+0000][9044][safepoint   ] Safepoint "Cleanup", Time since last: 8001285632 ns, Reaching safepoint: 66955 ns, At safepoint: 4319 ns, Total: 71274 ns
[2022-08-19T16:46:24.966+0000][9044][safepoint   ] Safepoint "Cleanup", Time since last: 7001341248 ns, Reaching safepoint: 48596 ns, At safepoint: 3239 ns, Total: 51835 ns
[2022-08-19T16:46:30.967+0000][9044][safepoint   ] Safepoint "Cleanup", Time since last: 6000311554 ns, Reaching safepoint: 89633 ns, At safepoint: 22138 ns, Total: 111771 ns
[2022-08-19T16:46:32.967+0000][9044][safepoint   ] Safepoint "Cleanup", Time since last: 1999968683 ns, Reaching safepoint: 63174 ns, At safepoint: 12959 ns, Total: 76133 ns
[2022-08-19T16:46:33.967+0000][9044][safepoint   ] Safepoint "Cleanup", Time since last: 1000035097 ns, Reaching safepoint: 66955 ns, At safepoint: 5399 ns, Total: 72354 ns
[2022-08-19T16:46:41.967+0000][9044][safepoint   ] Safepoint "Cleanup", Time since last: 8000345571 ns, Reaching safepoint: 51836 ns, At safepoint: 12959 ns, Total: 64795 ns
[2022-08-19T16:46:42.967+0000][9044][safepoint   ] Safepoint "Cleanup", Time since last: 1000029157 ns, Reaching safepoint: 61015 ns, At safepoint: 5940 ns, Total: 66955 ns
[2022-08-19T16:46:43.968+0000][9044][safepoint   ] Safepoint "Cleanup", Time since last: 1000036717 ns, Reaching safepoint: 69654 ns, At safepoint: 11879 ns, Total: 81533 ns
[2022-08-19T16:46:45.969+0000][9044][safepoint   ] Safepoint "Cleanup", Time since last: 2001055612 ns, Reaching safepoint: 149027 ns, At safepoint: 4860 ns, Total: 153887 ns
[2022-08-19T16:46:55.971+0000][9044][safepoint   ] Safepoint "Cleanup", Time since last: 10002424396 ns, Reaching safepoint: 71275 ns, At safepoint: 23757 ns, Total: 95032 ns
[2022-08-19T16:46:57.971+0000][9044][safepoint   ] Safepoint "Cleanup", Time since last: 1999930886 ns, Reaching safepoint: 169006 ns, At safepoint: 11339 ns, Total: 180345 ns
[2022-08-19T16:46:59.971+0000][9044][safepoint   ] Safepoint "Cleanup", Time since last: 2000005400 ns, Reaching safepoint: 69114 ns, At safepoint: 12419 ns, Total: 81533 ns
[2022-08-19T16:47:14.975+0000][9044][safepoint   ] Safepoint "Cleanup", Time since last: 15003689511 ns, Reaching safepoint: 149567 ns, At safepoint: 4860 ns, Total: 154427 ns
[2022-08-19T16:47:18.975+0000][9044][safepoint   ] Safepoint "Cleanup", Time since last: 4000080993 ns, Reaching safepoint: 52376 ns, At safepoint: 5399 ns, Total: 57775 ns
[2022-08-19T16:47:22.976+0000][9044][safepoint   ] Safepoint "Cleanup", Time since last: 4000215982 ns, Reaching safepoint: 46976 ns, At safepoint: 4320 ns, Total: 51296 ns
[2022-08-19T16:47:24.976+0000][9044][safepoint   ] Safepoint "Cleanup", Time since last: 2000025918 ns, Reaching safepoint: 66414 ns, At safepoint: 5400 ns, Total: 71814 ns
[2022-08-19T16:47:29.977+0000][9044][safepoint   ] Safepoint "Cleanup", Time since last: 5001238656 ns, Reaching safepoint: 110151 ns, At safepoint: 16738 ns, Total: 126889 ns
[2022-08-19T16:47:30.983+0000][9044][safepoint   ] Safepoint "Cleanup", Time since last: 1005997278 ns, Reaching safepoint: 67494 ns, At safepoint: 12419 ns, Total: 79913 ns
[2022-08-19T16:47:33.994+0000][9044][safepoint   ] Safepoint "Cleanup", Time since last: 3010657627 ns, Reaching safepoint: 67495 ns, At safepoint: 12958 ns, Total: 80453 ns
[2022-08-19T16:47:35.999+0000][9044][safepoint   ] Safepoint "Cleanup", Time since last: 2004680328 ns, Reaching safepoint: 66955 ns, At safepoint: 15118 ns, Total: 82073 ns
[2022-08-19T16:47:38.001+0000][9044][safepoint   ] Safepoint "Cleanup", Time since last: 2002246212 ns, Reaching safepoint: 59395 ns, At safepoint: 5940 ns, Total: 65335 ns
[2022-08-19T16:47:39.002+0000][9044][safepoint   ] Safepoint "Cleanup", Time since last: 1000489739 ns, Reaching safepoint: 125269 ns, At safepoint: 13499 ns, Total: 138768 ns
[2022-08-19T16:47:41.006+0000][9044][safepoint   ] Safepoint "Cleanup", Time since last: 2004064780 ns, Reaching safepoint: 117170 ns, At safepoint: 9179 ns, Total: 126349 ns
